Archive member included to satisfy reference by file (symbol)

/Applications/STM32CubeIDE.app/Contents/Eclipse/plugins/com.st.stm32cube.ide.mcu.externaltools.gnu-tools-for-stm32.7-2018-q2-update.macos64_1.0.0.201904181610/tools/bin/../lib/gcc/arm-none-eabi/7.3.1/../../../../arm-none-eabi/lib/thumb/v7e-m/fpv4-sp/hard/libc_nano.a(lib_a-errno.o)
                              Src/syscalls.o (__errno)
/Applications/STM32CubeIDE.app/Contents/Eclipse/plugins/com.st.stm32cube.ide.mcu.externaltools.gnu-tools-for-stm32.7-2018-q2-update.macos64_1.0.0.201904181610/tools/bin/../lib/gcc/arm-none-eabi/7.3.1/../../../../arm-none-eabi/lib/thumb/v7e-m/fpv4-sp/hard/libc_nano.a(lib_a-exit.o)
                              /Applications/STM32CubeIDE.app/Contents/Eclipse/plugins/com.st.stm32cube.ide.mcu.externaltools.gnu-tools-for-stm32.7-2018-q2-update.macos64_1.0.0.201904181610/tools/bin/../lib/gcc/arm-none-eabi/7.3.1/../../../../arm-none-eabi/lib/thumb/v7e-m/fpv4-sp/hard/crt0.o (exit)
/Applications/STM32CubeIDE.app/Contents/Eclipse/plugins/com.st.stm32cube.ide.mcu.externaltools.gnu-tools-for-stm32.7-2018-q2-update.macos64_1.0.0.201904181610/tools/bin/../lib/gcc/arm-none-eabi/7.3.1/../../../../arm-none-eabi/lib/thumb/v7e-m/fpv4-sp/hard/libc_nano.a(lib_a-impure.o)
                              /Applications/STM32CubeIDE.app/Contents/Eclipse/plugins/com.st.stm32cube.ide.mcu.externaltools.gnu-tools-for-stm32.7-2018-q2-update.macos64_1.0.0.201904181610/tools/bin/../lib/gcc/arm-none-eabi/7.3.1/../../../../arm-none-eabi/lib/thumb/v7e-m/fpv4-sp/hard/libc_nano.a(lib_a-exit.o) (_global_impure_ptr)
/Applications/STM32CubeIDE.app/Contents/Eclipse/plugins/com.st.stm32cube.ide.mcu.externaltools.gnu-tools-for-stm32.7-2018-q2-update.macos64_1.0.0.201904181610/tools/bin/../lib/gcc/arm-none-eabi/7.3.1/../../../../arm-none-eabi/lib/thumb/v7e-m/fpv4-sp/hard/libc_nano.a(lib_a-init.o)
                              /Applications/STM32CubeIDE.app/Contents/Eclipse/plugins/com.st.stm32cube.ide.mcu.externaltools.gnu-tools-for-stm32.7-2018-q2-update.macos64_1.0.0.201904181610/tools/bin/../lib/gcc/arm-none-eabi/7.3.1/../../../../arm-none-eabi/lib/thumb/v7e-m/fpv4-sp/hard/crt0.o (__libc_init_array)
/Applications/STM32CubeIDE.app/Contents/Eclipse/plugins/com.st.stm32cube.ide.mcu.externaltools.gnu-tools-for-stm32.7-2018-q2-update.macos64_1.0.0.201904181610/tools/bin/../lib/gcc/arm-none-eabi/7.3.1/../../../../arm-none-eabi/lib/thumb/v7e-m/fpv4-sp/hard/libc_nano.a(lib_a-memcpy-stub.o)
                              Src/usart_app.o (memcpy)
/Applications/STM32CubeIDE.app/Contents/Eclipse/plugins/com.st.stm32cube.ide.mcu.externaltools.gnu-tools-for-stm32.7-2018-q2-update.macos64_1.0.0.201904181610/tools/bin/../lib/gcc/arm-none-eabi/7.3.1/../../../../arm-none-eabi/lib/thumb/v7e-m/fpv4-sp/hard/libc_nano.a(lib_a-memset.o)
                              /Applications/STM32CubeIDE.app/Contents/Eclipse/plugins/com.st.stm32cube.ide.mcu.externaltools.gnu-tools-for-stm32.7-2018-q2-update.macos64_1.0.0.201904181610/tools/bin/../lib/gcc/arm-none-eabi/7.3.1/../../../../arm-none-eabi/lib/thumb/v7e-m/fpv4-sp/hard/crt0.o (memset)
/Applications/STM32CubeIDE.app/Contents/Eclipse/plugins/com.st.stm32cube.ide.mcu.externaltools.gnu-tools-for-stm32.7-2018-q2-update.macos64_1.0.0.201904181610/tools/bin/../lib/gcc/arm-none-eabi/7.3.1/../../../../arm-none-eabi/lib/thumb/v7e-m/fpv4-sp/hard/libc_nano.a(lib_a-printf.o)
                              Src/main.o (printf)
/Applications/STM32CubeIDE.app/Contents/Eclipse/plugins/com.st.stm32cube.ide.mcu.externaltools.gnu-tools-for-stm32.7-2018-q2-update.macos64_1.0.0.201904181610/tools/bin/../lib/gcc/arm-none-eabi/7.3.1/../../../../arm-none-eabi/lib/thumb/v7e-m/fpv4-sp/hard/libc_nano.a(lib_a-strchr.o)
                              Src/usart_app.o (strchr)
/Applications/STM32CubeIDE.app/Contents/Eclipse/plugins/com.st.stm32cube.ide.mcu.externaltools.gnu-tools-for-stm32.7-2018-q2-update.macos64_1.0.0.201904181610/tools/bin/../lib/gcc/arm-none-eabi/7.3.1/../../../../arm-none-eabi/lib/thumb/v7e-m/fpv4-sp/hard/libc_nano.a(lib_a-strcmp.o)
                              Src/usart_app.o (strcmp)
/Applications/STM32CubeIDE.app/Contents/Eclipse/plugins/com.st.stm32cube.ide.mcu.externaltools.gnu-tools-for-stm32.7-2018-q2-update.macos64_1.0.0.201904181610/tools/bin/../lib/gcc/arm-none-eabi/7.3.1/../../../../arm-none-eabi/lib/thumb/v7e-m/fpv4-sp/hard/libc_nano.a(lib_a-strlen.o)
                              Src/usart_app.o (strlen)
/Applications/STM32CubeIDE.app/Contents/Eclipse/plugins/com.st.stm32cube.ide.mcu.externaltools.gnu-tools-for-stm32.7-2018-q2-update.macos64_1.0.0.201904181610/tools/bin/../lib/gcc/arm-none-eabi/7.3.1/../../../../arm-none-eabi/lib/thumb/v7e-m/fpv4-sp/hard/libc_nano.a(lib_a-vsprintf.o)
                              Src/usart_app.o (vsprintf)
[...]
Memory Configuration

Name             Origin             Length             Attributes
RAM              0x0000000020000000 0x0000000000018000 xrw
FLASH            0x0000000008000000 0x0000000000080000 xr
*default*        0x0000000000000000 0xffffffffffffffff

Linker script and memory map

LOAD /Applications/STM32CubeIDE.app/Contents/Eclipse/plugins/com.st.stm32cube.ide.mcu.externaltools.gnu-tools-for-stm32.7-2018-q2-update.macos64_1.0.0.201904181610/tools/bin/../lib/gcc/arm-none-eabi/7.3.1/thumb/v7e-m/fpv4-sp/hard/crti.o
LOAD /Applications/STM32CubeIDE.app/Contents/Eclipse/plugins/com.st.stm32cube.ide.mcu.externaltools.gnu-tools-for-stm32.7-2018-q2-update.macos64_1.0.0.201904181610/tools/bin/../lib/gcc/arm-none-eabi/7.3.1/thumb/v7e-m/fpv4-sp/hard/crtbegin.o
LOAD /Applications/STM32CubeIDE.app/Contents/Eclipse/plugins/com.st.stm32cube.ide.mcu.externaltools.gnu-tools-for-stm32.7-2018-q2-update.macos64_1.0.0.201904181610/tools/bin/../lib/gcc/arm-none-eabi/7.3.1/../../../../arm-none-eabi/lib/thumb/v7e-m/fpv4-sp/hard/crt0.o
LOAD Drivers/DMA/Src/stm32f4xx_dma.o
LOAD Drivers/I2C/Src/stm32f4xx_hal_i2c.o
LOAD Drivers/STM32F4xx_HAL_Driver/Src/stm32f4xx_hal.o
LOAD Drivers/STM32F4xx_HAL_Driver/Src/stm32f4xx_hal_cortex.o
LOAD Drivers/STM32F4xx_HAL_Driver/Src/stm32f4xx_hal_dma_ex.o
LOAD Drivers/STM32F4xx_HAL_Driver/Src/stm32f4xx_hal_exti.o
LOAD Drivers/STM32F4xx_HAL_Driver/Src/stm32f4xx_hal_flash.o
LOAD Drivers/STM32F4xx_HAL_Driver/Src/stm32f4xx_hal_flash_ex.o
LOAD Drivers/STM32F4xx_HAL_Driver/Src/stm32f4xx_hal_flash_ramfunc.o
LOAD Drivers/STM32F4xx_HAL_Driver/Src/stm32f4xx_hal_gpio.o
LOAD Drivers/STM32F4xx_HAL_Driver/Src/stm32f4xx_hal_pwr.o
LOAD Drivers/STM32F4xx_HAL_Driver/Src/stm32f4xx_hal_pwr_ex.o
LOAD Drivers/STM32F4xx_HAL_Driver/Src/stm32f4xx_hal_rcc.o
LOAD Drivers/STM32F4xx_HAL_Driver/Src/stm32f4xx_hal_rcc_ex.o
LOAD Drivers/STM32F4xx_HAL_Driver/Src/stm32f4xx_hal_tim.o
LOAD Drivers/STM32F4xx_HAL_Driver/Src/stm32f4xx_hal_tim_ex.o
LOAD Drivers/USART /Src/stm32f4xx_hal_usart.o
LOAD Src/main.o
LOAD Src/mcp9808.o
LOAD Src/stm32f4xx_hal_msp.o
LOAD Src/stm32f4xx_it.o
LOAD Src/syscalls.o
LOAD Src/sysmem.o
LOAD Src/system_stm32f4xx.o
LOAD Src/usart_app.o
LOAD Startup/startup_stm32f401retx.o
START GROUP
LOAD /Applications/STM32CubeIDE.app/Contents/Eclipse/plugins/com.st.stm32cube.ide.mcu.externaltools.gnu-tools-for-stm32.7-2018-q2-update.macos64_1.0.0.201904181610/tools/bin/../lib/gcc/arm-none-eabi/7.3.1/../../../../arm-none-eabi/lib/thumb/v7e-m/fpv4-sp/hard/libc_nano.a
LOAD /Applications/STM32CubeIDE.app/Contents/Eclipse/plugins/com.st.stm32cube.ide.mcu.externaltools.gnu-tools-for-stm32.7-2018-q2-update.macos64_1.0.0.201904181610/tools/bin/../lib/gcc/arm-none-eabi/7.3.1/../../../../arm-none-eabi/lib/thumb/v7e-m/fpv4-sp/hard/libm.a
END GROUP
START GROUP
LOAD /Applications/STM32CubeIDE.app/Contents/Eclipse/plugins/com.st.stm32cube.ide.mcu.externaltools.gnu-tools-for-stm32.7-2018-q2-update.macos64_1.0.0.201904181610/tools/bin/../lib/gcc/arm-none-eabi/7.3.1/thumb/v7e-m/fpv4-sp/hard/libgcc.a
LOAD /Applications/STM32CubeIDE.app/Contents/Eclipse/plugins/com.st.stm32cube.ide.mcu.externaltools.gnu-tools-for-stm32.7-2018-q2-update.macos64_1.0.0.201904181610/tools/bin/../lib/gcc/arm-none-eabi/7.3.1/../../../../arm-none-eabi/lib/thumb/v7e-m/fpv4-sp/hard/libc_nano.a
END GROUP
START GROUP
LOAD /Applications/STM32CubeIDE.app/Contents/Eclipse/plugins/com.st.stm32cube.ide.mcu.externaltools.gnu-tools-for-stm32.7-2018-q2-update.macos64_1.0.0.201904181610/tools/bin/../lib/gcc/arm-none-eabi/7.3.1/thumb/v7e-m/fpv4-sp/hard/libgcc.a
LOAD /Applications/STM32CubeIDE.app/Contents/Eclipse/plugins/com.st.stm32cube.ide.mcu.externaltools.gnu-tools-for-stm32.7-2018-q2-update.macos64_1.0.0.201904181610/tools/bin/../lib/gcc/arm-none-eabi/7.3.1/../../../../arm-none-eabi/lib/thumb/v7e-m/fpv4-sp/hard/libc_nano.a
LOAD /Applications/STM32CubeIDE.app/Contents/Eclipse/plugins/com.st.stm32cube.ide.mcu.externaltools.gnu-tools-for-stm32.7-2018-q2-update.macos64_1.0.0.201904181610/tools/bin/../lib/gcc/arm-none-eabi/7.3.1/../../../../arm-none-eabi/lib/thumb/v7e-m/fpv4-sp/hard/libnosys.a
END GROUP
START GROUP
LOAD /Applications/STM32CubeIDE.app/Contents/Eclipse/plugins/com.st.stm32cube.ide.mcu.externaltools.gnu-tools-for-stm32.7-2018-q2-update.macos64_1.0.0.201904181610/tools/bin/../lib/gcc/arm-none-eabi/7.3.1/thumb/v7e-m/fpv4-sp/hard/libgcc.a
LOAD /Applications/STM32CubeIDE.app/Contents/Eclipse/plugins/com.st.stm32cube.ide.mcu.externaltools.gnu-tools-for-stm32.7-2018-q2-update.macos64_1.0.0.201904181610/tools/bin/../lib/gcc/arm-none-eabi/7.3.1/../../../../arm-none-eabi/lib/thumb/v7e-m/fpv4-sp/hard/libc_nano.a
LOAD /Applications/STM32CubeIDE.app/Contents/Eclipse/plugins/com.st.stm32cube.ide.mcu.externaltools.gnu-tools-for-stm32.7-2018-q2-update.macos64_1.0.0.201904181610/tools/bin/../lib/gcc/arm-none-eabi/7.3.1/../../../../arm-none-eabi/lib/thumb/v7e-m/fpv4-sp/hard/libnosys.a
END GROUP
LOAD /Applications/STM32CubeIDE.app/Contents/Eclipse/plugins/com.st.stm32cube.ide.mcu.externaltools.gnu-tools-for-stm32.7-2018-q2-update.macos64_1.0.0.201904181610/tools/bin/../lib/gcc/arm-none-eabi/7.3.1/thumb/v7e-m/fpv4-sp/hard/crtend.o
LOAD /Applications/STM32CubeIDE.app/Contents/Eclipse/plugins/com.st.stm32cube.ide.mcu.externaltools.gnu-tools-for-stm32.7-2018-q2-update.macos64_1.0.0.201904181610/tools/bin/../lib/gcc/arm-none-eabi/7.3.1/thumb/v7e-m/fpv4-sp/hard/crtn.o
                0x0000000020018000                _estack = 0x20018000
                0x0000000000000200                _Min_Heap_Size = 0x200
                0x0000000000000400                _Min_Stack_Size = 0x400

.isr_vector     0x0000000008000000      0x194
                0x0000000008000000                . = ALIGN (0x4)
 *(.isr_vector)
 .isr_vector    0x0000000008000000      0x194 Startup/startup_stm32f401retx.o
                0x0000000008000000                g_pfnVectors
                0x0000000008000194                . = ALIGN (0x4)

.text           0x00000000080001a0     0x3268
                0x00000000080001a0                . = ALIGN (0x4)
 *(.text)
 .text          0x00000000080001a0       0x40 /Applications/STM32CubeIDE.app/Contents/Eclipse/plugins/com.st.stm32cube.ide.mcu.externaltools.gnu-tools-for-stm32.7-2018-q2-update.macos64_1.0.0.201904181610/tools/bin/../lib/gcc/arm-none-eabi/7.3.1/thumb/v7e-m/fpv4-sp/hard/crtbegin.o
 .text          0x00000000080001e0       0x14 /Applications/STM32CubeIDE.app/Contents/Eclipse/plugins/com.st.stm32cube.ide.mcu.externaltools.gnu-tools-for-stm32.7-2018-q2-update.macos64_1.0.0.201904181610/tools/bin/../lib/gcc/arm-none-eabi/7.3.1/../../../../arm-none-eabi/lib/thumb/v7e-m/fpv4-sp/hard/libc_nano.a(lib_a-strcmp.o)
                0x00000000080001e0                strcmp
 .text          0x00000000080001f4       0x10 /Applications/STM32CubeIDE.app/Contents/Eclipse/plugins/com.st.stm32cube.ide.mcu.externaltools.gnu-tools-for-stm32.7-2018-q2-update.macos64_1.0.0.201904181610/tools/bin/../lib/gcc/arm-none-eabi/7.3.1/../../../../arm-none-eabi/lib/thumb/v7e-m/fpv4-sp/hard/libc_nano.a(lib_a-strlen.o)
                0x00000000080001f4                strlen
 *fill*         0x0000000008000204        0xc 
 .text          0x0000000008000210       0xa0 /Applications/STM32CubeIDE.app/Contents/Eclipse/plugins/com.st.stm32cube.ide.mcu.externaltools.gnu-tools-for-stm32.7-2018-q2-update.macos64_1.0.0.201904181610/tools/bin/../lib/gcc/arm-none-eabi/7.3.1/../../../../arm-none-eabi/lib/thumb/v7e-m/fpv4-sp/hard/libc_nano.a(lib_a-memchr.o)
                0x0000000008000210                memchr
 .text          0x00000000080002b0       0x30 /Applications/STM32CubeIDE.app/Contents/Eclipse/plugins/com.st.stm32cube.ide.mcu.externaltools.gnu-tools-for-stm32.7-2018-q2-update.macos64_1.0.0.201904181610/tools/bin/../lib/gcc/arm-none-eabi/7.3.1/thumb/v7e-m/fpv4-sp/hard/libgcc.a(_aeabi_uldivmod.o)
                0x00000000080002b0                __aeabi_uldivmod
 .text          0x00000000080002e0      0x2cc /Applications/STM32CubeIDE.app/Contents/Eclipse/plugins/com.st.stm32cube.ide.mcu.externaltools.gnu-tools-for-stm32.7-2018-q2-update.macos64_1.0.0.201904181610/tools/bin/../lib/gcc/arm-none-eabi/7.3.1/thumb/v7e-m/fpv4-sp/hard/libgcc.a(_udivmoddi4.o)
                0x00000000080002e0                __udivmoddi4
 .text          0x00000000080005ac        0x4 /Applications/STM32CubeIDE.app/Contents/Eclipse/plugins/com.st.stm32cube.ide.mcu.externaltools.gnu-tools-for-stm32.7-2018-q2-update.macos64_1.0.0.201904181610/tools/bin/../lib/gcc/arm-none-eabi/7.3.1/thumb/v7e-m/fpv4-sp/hard/libgcc.a(_dvmd_tls.o)
                0x00000000080005ac                __aeabi_ldiv0
                0x00000000080005ac                __aeabi_idiv0
 *(.text*)
 .text.DMA_InterruptHandler
                0x00000000080005b0       0x9e Drivers/DMA/Src/stm32f4xx_dma.o
                0x00000000080005b0                DMA_InterruptHandler
 *fill*         0x000000000800064e        0x2 
 .text.I2C_PeripheralClkControl
                0x0000000008000650       0x64 Drivers/I2C/Src/stm32f4xx_hal_i2c.o
                0x0000000008000650                I2C_PeripheralClkControl
 .text.I2C_Init
                0x00000000080006b4       0xf4 Drivers/I2C/Src/stm32f4xx_hal_i2c.o
                0x00000000080006b4                I2C_Init
 .text.GetFlagStatus
                0x00000000080007a8       0x2a Drivers/I2C/Src/stm32f4xx_hal_i2c.o
                0x00000000080007a8                GetFlagStatus
 .text.I2C_GenerateStartCondition
                0x00000000080007d2       0x20 Drivers/I2C/Src/stm32f4xx_hal_i2c.o
 .text.I2C_GenerateStopCondition
                0x00000000080007f2       0x20 Drivers/I2C/Src/stm32f4xx_hal_i2c.o
 .text.I2C_WaitForCompletion
                0x0000000008000812       0x32 Drivers/I2C/Src/stm32f4xx_hal_i2c.o
 .text.I2C_WriteSlaveAddress
                0x0000000008000844       0x46 Drivers/I2C/Src/stm32f4xx_hal_i2c.o
 *fill*         0x000000000800088a        0x2 
 .text.I2C_ClearADDRFlag
                0x000000000800088c       0x54 Drivers/I2C/Src/stm32f4xx_hal_i2c.o
 .text.I2C_ControlAcking
                0x00000000080008e0       0x38 Drivers/I2C/Src/stm32f4xx_hal_i2c.o
 .text.HAL_I2C_StartInterrupt
                0x0000000008000918       0x70 Drivers/I2C/Src/stm32f4xx_hal_i2c.o
                0x0000000008000918                HAL_I2C_StartInterrupt
 .text.I2C1_EV_IRQHandler
                0x0000000008000988      0x1c0 Drivers/I2C/Src/stm32f4xx_hal_i2c.o
                0x0000000008000988                I2C1_EV_IRQHandler
 .text.I2C_HandleInterruptEvents
                0x0000000008000b48       0x40 Drivers/I2C/Src/stm32f4xx_hal_i2c.o
                0x0000000008000b48                I2C_HandleInterruptEvents
 .text.I2C1_ER_IRQHandler
                0x0000000008000b88       0xbc Drivers/I2C/Src/stm32f4xx_hal_i2c.o
                0x0000000008000b88                I2C1_ER_IRQHandler
 .text.I2C_TXE_Interrupt
                0x0000000008000c44       0x44 Drivers/I2C/Src/stm32f4xx_hal_i2c.o
                0x0000000008000c44                I2C_TXE_Interrupt
 .text.HAL_I2C_Master_Transmit
                0x0000000008000c88       0x82 Drivers/I2C/Src/stm32f4xx_hal_i2c.o
                0x0000000008000c88                HAL_I2C_Master_Transmit
 .text.HAL_I2C_Master_Receive
                0x0000000008000d0a      0x1ee Drivers/I2C/Src/stm32f4xx_hal_i2c.o
                0x0000000008000d0a                HAL_I2C_Master_Receive
 .text.I2C_StopTransmission
                0x0000000008000ef8       0x40 Drivers/I2C/Src/stm32f4xx_hal_i2c.o
 .text.I2C_SetCtrlBits
                0x0000000008000f38       0x3c Drivers/I2C/Src/stm32f4xx_hal_i2c.o
 .text.WaitTillTimeout
                0x0000000008000f74       0x2e Drivers/I2C/Src/stm32f4xx_hal_i2c.o
                0x0000000008000f74                WaitTillTimeout
 *fill*         0x0000000008000fa2        0x2 
 .text.HAL_Init
                0x0000000008000fa4       0x44 Drivers/STM32F4xx_HAL_Driver/Src/stm32f4xx_hal.o
                0x0000000008000fa4                HAL_Init
 .text.HAL_InitTick
                0x0000000008000fe8       0x60 Drivers/STM32F4xx_HAL_Driver/Src/stm32f4xx_hal.o
                0x0000000008000fe8                HAL_InitTick
 .text.HAL_IncTick
                0x0000000008001048       0x28 Drivers/STM32F4xx_HAL_Driver/Src/stm32f4xx_hal.o
                0x0000000008001048                HAL_IncTick
 .text.HAL_GetTick
                0x0000000008001070       0x18 Drivers/STM32F4xx_HAL_Driver/Src/stm32f4xx_hal.o
                0x0000000008001070                HAL_GetTick
 .text.__NVIC_SetPriorityGrouping
                0x0000000008001088       0x48 Drivers/STM32F4xx_HAL_Driver/Src/stm32f4xx_hal_cortex.o
 .text.__NVIC_GetPriorityGrouping
                0x00000000080010d0       0x1c Drivers/STM32F4xx_HAL_Driver/Src/stm32f4xx_hal_cortex.o
 .text.__NVIC_EnableIRQ
                0x00000000080010ec       0x3c Drivers/STM32F4xx_HAL_Driver/Src/stm32f4xx_hal_cortex.o
 .text.__NVIC_SetPriority
                0x0000000008001128       0x54 Drivers/STM32F4xx_HAL_Driver/Src/stm32f4xx_hal_cortex.o
 .text.NVIC_EncodePriority
                0x000000000800117c       0x66 Drivers/STM32F4xx_HAL_Driver/Src/stm32f4xx_hal_cortex.o
 *fill*         0x00000000080011e2        0x2 
 .text.SysTick_Config
                0x00000000080011e4       0x44 Drivers/STM32F4xx_HAL_Driver/Src/stm32f4xx_hal_cortex.o
 .text.HAL_NVIC_SetPriorityGrouping
                0x0000000008001228       0x16 Drivers/STM32F4xx_HAL_Driver/Src/stm32f4xx_hal_cortex.o
                0x0000000008001228                HAL_NVIC_SetPriorityGrouping
 .text.HAL_NVIC_SetPriority
                0x000000000800123e       0x38 Drivers/STM32F4xx_HAL_Driver/Src/stm32f4xx_hal_cortex.o
                0x000000000800123e                HAL_NVIC_SetPriority
 .text.HAL_NVIC_EnableIRQ
                0x0000000008001276       0x1c Drivers/STM32F4xx_HAL_Driver/Src/stm32f4xx_hal_cortex.o
                0x0000000008001276                HAL_NVIC_EnableIRQ
 .text.HAL_SYSTICK_Config
                0x0000000008001292       0x18 Drivers/STM32F4xx_HAL_Driver/Src/stm32f4xx_hal_cortex.o
                0x0000000008001292                HAL_SYSTICK_Config
 *fill*         0x00000000080012aa        0x2 
 .text.HAL_GPIO_Init
                0x00000000080012ac      0x304 Drivers/STM32F4xx_HAL_Driver/Src/stm32f4xx_hal_gpio.o
                0x00000000080012ac                HAL_GPIO_Init
 .text.HAL_GPIO_WritePin
                0x00000000080015b0       0x32 Drivers/STM32F4xx_HAL_Driver/Src/stm32f4xx_hal_gpio.o
                0x00000000080015b0                HAL_GPIO_WritePin
 .text.HAL_GPIO_TogglePin
                0x00000000080015e2       0x36 Drivers/STM32F4xx_HAL_Driver/Src/stm32f4xx_hal_gpio.o
                0x00000000080015e2                HAL_GPIO_TogglePin
 .text.HAL_RCC_OscConfig
                0x0000000008001618      0x4e0 Drivers/STM32F4xx_HAL_Driver/Src/stm32f4xx_hal_rcc.o
                0x0000000008001618                HAL_RCC_OscConfig
 .text.HAL_RCC_ClockConfig
                0x0000000008001af8      0x1cc Drivers/STM32F4xx_HAL_Driver/Src/stm32f4xx_hal_rcc.o
                0x0000000008001af8                HAL_RCC_ClockConfig
 .text.HAL_RCC_GetSysClockFreq
                0x0000000008001cc4      0x164 Drivers/STM32F4xx_HAL_Driver/Src/stm32f4xx_hal_rcc.o
                0x0000000008001cc4                HAL_RCC_GetSysClockFreq
 .text.HAL_RCC_GetHCLKFreq
                0x0000000008001e28       0x18 Drivers/STM32F4xx_HAL_Driver/Src/stm32f4xx_hal_rcc.o
                0x0000000008001e28                HAL_RCC_GetHCLKFreq
 .text.HAL_RCC_GetPCLK2Freq
                0x0000000008001e40       0x28 Drivers/STM32F4xx_HAL_Driver/Src/stm32f4xx_hal_rcc.o
                0x0000000008001e40                HAL_RCC_GetPCLK2Freq
 .text.GetPCLK  0x0000000008001e68       0x18 Drivers/USART /Src/stm32f4xx_hal_usart.o
                0x0000000008001e68                GetPCLK
 .text.USART_EnablePeripheralClk
                0x0000000008001e80       0x64 Drivers/USART /Src/stm32f4xx_hal_usart.o
 .text.USART_TransmitData
                0x0000000008001ee4       0x40 Drivers/USART /Src/stm32f4xx_hal_usart.o
                0x0000000008001ee4                USART_TransmitData
 .text.USART_RxData
                0x0000000008001f24       0x54 Drivers/USART /Src/stm32f4xx_hal_usart.o
                0x0000000008001f24                USART_RxData
 .text.USART2_IRQHandler
                0x0000000008001f78       0xf8 Drivers/USART /Src/stm32f4xx_hal_usart.o
                0x0000000008001f78                USART2_IRQHandler
 .text.USART_Initization
                0x0000000008002070      0x174 Drivers/USART /Src/stm32f4xx_hal_usart.o
                0x0000000008002070                USART_Initization
 .text.USART_CloseTransmission
                0x00000000080021e4       0x64 Drivers/USART /Src/stm32f4xx_hal_usart.o
 .text.I2C_Initilization
                0x0000000008002248       0x54 Src/main.o
                0x0000000008002248                I2C_Initilization
 .text.USART_Init
                0x000000000800229c       0x68 Src/main.o
                0x000000000800229c                USART_Init
 .text.main     0x0000000008002304       0x4c Src/main.o
                0x0000000008002304                main
 .text.SystemClock_Config
                0x0000000008002350       0xc0 Src/main.o
                0x0000000008002350                SystemClock_Config
 .text.MX_GPIO_Init
                0x0000000008002410      0x130 Src/main.o
 .text.Error_Handler
                0x0000000008002540        0xe Src/main.o
                0x0000000008002540                Error_Handler
 .text.ProcessData
                0x000000000800254e       0x7e Src/mcp9808.o
                0x000000000800254e                ProcessData
 .text._ReadTemperatureInterrupt
                0x00000000080025cc       0x78 Src/mcp9808.o
                0x00000000080025cc                _ReadTemperatureInterrupt
 .text._ReadTemperature
                0x0000000008002644       0xd4 Src/mcp9808.o
 .text.GetTemperature
                0x0000000008002718       0x44 Src/mcp9808.o
                0x0000000008002718                GetTemperature
 .text.HAL_MspInit
                0x000000000800275c       0x50 Src/stm32f4xx_hal_msp.o
                0x000000000800275c                HAL_MspInit
 .text.NMI_Handler
                0x00000000080027ac        0xe Src/stm32f4xx_it.o
                0x00000000080027ac                NMI_Handler
 .text.HardFault_Handler
                0x00000000080027ba        0x6 Src/stm32f4xx_it.o
                0x00000000080027ba                HardFault_Handler
 .text.MemManage_Handler
                0x00000000080027c0        0x6 Src/stm32f4xx_it.o
                0x00000000080027c0                MemManage_Handler
 .text.BusFault_Handler
                0x00000000080027c6        0x6 Src/stm32f4xx_it.o
                0x00000000080027c6                BusFault_Handler
 .text.UsageFault_Handler
                0x00000000080027cc        0x6 Src/stm32f4xx_it.o
                0x00000000080027cc                UsageFault_Handler
 .text.SVC_Handler
                0x00000000080027d2        0xe Src/stm32f4xx_it.o
                0x00000000080027d2                SVC_Handler
 .text.DebugMon_Handler
                0x00000000080027e0        0xe Src/stm32f4xx_it.o
                0x00000000080027e0                DebugMon_Handler
 .text.PendSV_Handler
                0x00000000080027ee        0xe Src/stm32f4xx_it.o
                0x00000000080027ee                PendSV_Handler
 .text.DMA1_Stream5_IRQHandler
                0x00000000080027fc       0x14 Src/stm32f4xx_it.o
                0x00000000080027fc                DMA1_Stream5_IRQHandler
 .text.DMA1_Stream6_IRQHandler
                0x0000000008002810       0x14 Src/stm32f4xx_it.o
                0x0000000008002810                DMA1_Stream6_IRQHandler
 .text.SysTick_Handler
                0x0000000008002824        0xc Src/stm32f4xx_it.o
                0x0000000008002824                SysTick_Handler
 .text._sbrk    0x0000000008002830       0x58 Src/sysmem.o
                0x0000000008002830                _sbrk
 .text.SystemInit
                0x0000000008002888       0x2c Src/system_stm32f4xx.o
                0x0000000008002888                SystemInit
 .text.SendSerialData
                0x00000000080028b4       0x9a Src/usart_app.o
                0x00000000080028b4                SendSerialData
 .text.ReceiveSerialData
                0x000000000800294e       0x1e Src/usart_app.o
                0x000000000800294e                ReceiveSerialData
 .text.ParseSerialData
                0x000000000800296c       0x36 Src/usart_app.o
                0x000000000800296c                ParseSerialData
 *fill*         0x00000000080029a2        0x2 
 .text.ExecuteSerialData
                0x00000000080029a4       0x9c Src/usart_app.o
                0x00000000080029a4                ExecuteSerialData
 .text.StartSerialSession
                0x0000000008002a40       0xce Src/usart_app.o
                0x0000000008002a40                StartSerialSession
 *fill*         0x0000000008002b0e        0x2 
 .text.Reset_Handler
                0x0000000008002b10       0x50 Startup/startup_stm32f401retx.o
                0x0000000008002b10                Reset_Handler
 .text.Default_Handler
                0x0000000008002b60        0x2 Startup/startup_stm32f401retx.o
                0x0000000008002b60                DMA1_Stream3_IRQHandler
                0x0000000008002b60                EXTI2_IRQHandler
                0x0000000008002b60                SPI4_IRQHandler
                0x0000000008002b60                TIM1_CC_IRQHandler
                0x0000000008002b60                DMA2_Stream5_IRQHandler
                0x0000000008002b60                PVD_IRQHandler
                0x0000000008002b60                SDIO_IRQHandler
                0x0000000008002b60                TAMP_STAMP_IRQHandler
                0x0000000008002b60                EXTI3_IRQHandler
                0x0000000008002b60                TIM1_UP_TIM10_IRQHandler
                0x0000000008002b60                I2C3_ER_IRQHandler
                0x0000000008002b60                EXTI0_IRQHandler
                0x0000000008002b60                I2C2_EV_IRQHandler
                0x0000000008002b60                DMA1_Stream2_IRQHandler
                0x0000000008002b60                FPU_IRQHandler
                0x0000000008002b60                DMA2_Stream2_IRQHandler
                0x0000000008002b60                SPI1_IRQHandler
                0x0000000008002b60                TIM1_BRK_TIM9_IRQHandler
                0x0000000008002b60                DMA2_Stream3_IRQHandler
                0x0000000008002b60                USART6_IRQHandler
                0x0000000008002b60                DMA2_Stream0_IRQHandler
                0x0000000008002b60                TIM4_IRQHandler
                0x0000000008002b60                DMA1_Stream1_IRQHandler
                0x0000000008002b60                TIM3_IRQHandler
                0x0000000008002b60                RCC_IRQHandler
                0x0000000008002b60                Default_Handler
                0x0000000008002b60                EXTI15_10_IRQHandler
                0x0000000008002b60                ADC_IRQHandler
                0x0000000008002b60                DMA1_Stream7_IRQHandler
                0x0000000008002b60                TIM5_IRQHandler
                0x0000000008002b60                DMA2_Stream7_IRQHandler
                0x0000000008002b60                I2C3_EV_IRQHandler
                0x0000000008002b60                EXTI9_5_IRQHandler
                0x0000000008002b60                RTC_WKUP_IRQHandler
                0x0000000008002b60                SPI2_IRQHandler
                0x0000000008002b60                DMA1_Stream0_IRQHandler
                0x0000000008002b60                EXTI4_IRQHandler
                0x0000000008002b60                WWDG_IRQHandler
                0x0000000008002b60                TIM2_IRQHandler
                0x0000000008002b60                OTG_FS_WKUP_IRQHandler
                0x0000000008002b60                TIM1_TRG_COM_TIM11_IRQHandler
                0x0000000008002b60                EXTI1_IRQHandler
                0x0000000008002b60                I2C2_ER_IRQHandler
                0x0000000008002b60                DMA2_Stream1_IRQHandler
                0x0000000008002b60                FLASH_IRQHandler
                0x0000000008002b60                DMA2_Stream4_IRQHandler
                0x0000000008002b60                USART1_IRQHandler
                0x0000000008002b60                OTG_FS_IRQHandler
                0x0000000008002b60                SPI3_IRQHandler
                0x0000000008002b60                DMA1_Stream4_IRQHandler
                0x0000000008002b60                DMA2_Stream6_IRQHandler
                0x0000000008002b60                RTC_Alarm_IRQHandler
 *fill*         0x0000000008002b62        0x2 
 .text.__errno  0x0000000008002b64        0xc /Applications/STM32CubeIDE.app/Contents/Eclipse/plugins/com.st.stm32cube.ide.mcu.externaltools.gnu-tools-for-stm32.7-2018-q2-update.macos64_1.0.0.201904181610/tools/bin/../lib/gcc/arm-none-eabi/7.3.1/../../../../arm-none-eabi/lib/thumb/v7e-m/fpv4-sp/hard/libc_nano.a(lib_a-errno.o)
                0x0000000008002b64                __errno
 .text.__libc_init_array
                0x0000000008002b70       0x48 /Applications/STM32CubeIDE.app/Contents/Eclipse/plugins/com.st.stm32cube.ide.mcu.externaltools.gnu-tools-for-stm32.7-2018-q2-update.macos64_1.0.0.201904181610/tools/bin/../lib/gcc/arm-none-eabi/7.3.1/../../../../arm-none-eabi/lib/thumb/v7e-m/fpv4-sp/hard/libc_nano.a(lib_a-init.o)
                0x0000000008002b70                __libc_init_array
 .text.memcpy   0x0000000008002bb8       0x16 /Applications/STM32CubeIDE.app/Contents/Eclipse/plugins/com.st.stm32cube.ide.mcu.externaltools.gnu-tools-for-stm32.7-2018-q2-update.macos64_1.0.0.201904181610/tools/bin/../lib/gcc/arm-none-eabi/7.3.1/../../../../arm-none-eabi/lib/thumb/v7e-m/fpv4-sp/hard/libc_nano.a(lib_a-memcpy-stub.o)
                0x0000000008002bb8                memcpy
 .text.memset   0x0000000008002bce       0x10 /Applications/STM32CubeIDE.app/Contents/Eclipse/plugins/com.st.stm32cube.ide.mcu.externaltools.gnu-tools-for-stm32.7-2018-q2-update.macos64_1.0.0.201904181610/tools/bin/../lib/gcc/arm-none-eabi/7.3.1/../../../../arm-none-eabi/lib/thumb/v7e-m/fpv4-sp/hard/libc_nano.a(lib_a-memset.o)
                0x0000000008002bce                memset
 .text.strchr   0x0000000008002bde       0x1a /Applications/STM32CubeIDE.app/Contents/Eclipse/plugins/com.st.stm32cube.ide.mcu.externaltools.gnu-tools-for-stm32.7-2018-q2-update.macos64_1.0.0.201904181610/tools/bin/../lib/gcc/arm-none-eabi/7.3.1/../../../../arm-none-eabi/lib/thumb/v7e-m/fpv4-sp/hard/libc_nano.a(lib_a-strchr.o)
                0x0000000008002bde                strchr
 .text._vsprintf_r
                0x0000000008002bf8       0x2c /Applications/STM32CubeIDE.app/Contents/Eclipse/plugins/com.st.stm32cube.ide.mcu.externaltools.gnu-tools-for-stm32.7-2018-q2-update.macos64_1.0.0.201904181610/tools/bin/../lib/gcc/arm-none-eabi/7.3.1/../../../../arm-none-eabi/lib/thumb/v7e-m/fpv4-sp/hard/libc_nano.a(lib_a-vsprintf.o)
                0x0000000008002bf8                _vsiprintf_r
                0x0000000008002bf8                _vsprintf_r
 .text.vsprintf
                0x0000000008002c24       0x14 /Applications/STM32CubeIDE.app/Contents/Eclipse/plugins/com.st.stm32cube.ide.mcu.externaltools.gnu-tools-for-stm32.7-2018-q2-update.macos64_1.0.0.201904181610/tools/bin/../lib/gcc/arm-none-eabi/7.3.1/../../../../arm-none-eabi/lib/thumb/v7e-m/fpv4-sp/hard/libc_nano.a(lib_a-vsprintf.o)
                0x0000000008002c24                vsprintf
                0x0000000008002c24                vsiprintf
 .text._malloc_r
                0x0000000008002c38       0xb4 /Applications/STM32CubeIDE.app/Contents/Eclipse/plugins/com.st.stm32cube.ide.mcu.externaltools.gnu-tools-for-stm32.7-2018-q2-update.macos64_1.0.0.201904181610/tools/bin/../lib/gcc/arm-none-eabi/7.3.1/../../../../arm-none-eabi/lib/thumb/v7e-m/fpv4-sp/hard/libc_nano.a(lib_a-nano-mallocr.o)
                0x0000000008002c38                _malloc_r
 .text.__ssputs_r
                0x0000000008002cec       0xb4 /Applications/STM32CubeIDE.app/Contents/Eclipse/plugins/com.st.stm32cube.ide.mcu.externaltools.gnu-tools-for-stm32.7-2018-q2-update.macos64_1.0.0.201904181610/tools/bin/../lib/gcc/arm-none-eabi/7.3.1/../../../../arm-none-eabi/lib/thumb/v7e-m/fpv4-sp/hard/libc_nano.a(lib_a-nano-svfprintf.o)
                0x0000000008002cec                __ssputs_r
 .text._svfprintf_r
                0x0000000008002da0      0x1f0 /Applications/STM32CubeIDE.app/Contents/Eclipse/plugins/com.st.stm32cube.ide.mcu.externaltools.gnu-tools-for-stm32.7-2018-q2-update.macos64_1.0.0.201904181610/tools/bin/../lib/gcc/arm-none-eabi/7.3.1/../../../../arm-none-eabi/lib/thumb/v7e-m/fpv4-sp/hard/libc_nano.a(lib_a-nano-svfprintf.o)
                0x0000000008002da0                _svfprintf_r
                0x0000000008002da0                _svfiprintf_r
 .text._printf_common
                0x0000000008002f90       0xea /Applications/STM32CubeIDE.app/Contents/Eclipse/plugins/com.st.stm32cube.ide.mcu.externaltools.gnu-tools-for-stm32.7-2018-q2-update.macos64_1.0.0.201904181610/tools/bin/../lib/gcc/arm-none-eabi/7.3.1/../../../../arm-none-eabi/lib/thumb/v7e-m/fpv4-sp/hard/libc_nano.a(lib_a-nano-vfprintf_i.o)
                0x0000000008002f90                _printf_common
 *fill*         0x000000000800307a        0x2 
 .text._printf_i
                0x000000000800307c      0x224 /Applications/STM32CubeIDE.app/Contents/Eclipse/plugins/com.st.stm32cube.ide.mcu.externaltools.gnu-tools-for-stm32.7-2018-q2-update.macos64_1.0.0.201904181610/tools/bin/../lib/gcc/arm-none-eabi/7.3.1/../../../../arm-none-eabi/lib/thumb/v7e-m/fpv4-sp/hard/libc_nano.a(lib_a-nano-vfprintf_i.o)
                0x000000000800307c                _printf_i
 .text._sbrk_r  0x00000000080032a0       0x20 /Applications/STM32CubeIDE.app/Contents/Eclipse/plugins/com.st.stm32cube.ide.mcu.externaltools.gnu-tools-for-stm32.7-2018-q2-update.macos64_1.0.0.201904181610/tools/bin/../lib/gcc/arm-none-eabi/7.3.1/../../../../arm-none-eabi/lib/thumb/v7e-m/fpv4-sp/hard/libc_nano.a(lib_a-sbrkr.o)
                0x00000000080032a0                _sbrk_r
 .text.memmove  0x00000000080032c0       0x32 /Applications/STM32CubeIDE.app/Contents/Eclipse/plugins/com.st.stm32cube.ide.mcu.externaltools.gnu-tools-for-stm32.7-2018-q2-update.macos64_1.0.0.201904181610/tools/bin/../lib/gcc/arm-none-eabi/7.3.1/../../../../arm-none-eabi/lib/thumb/v7e-m/fpv4-sp/hard/libc_nano.a(lib_a-memmove.o)
                0x00000000080032c0                memmove
 .text.__malloc_lock
                0x00000000080032f2        0x2 /Applications/STM32CubeIDE.app/Contents/Eclipse/plugins/com.st.stm32cube.ide.mcu.externaltools.gnu-tools-for-stm32.7-2018-q2-update.macos64_1.0.0.201904181610/tools/bin/../lib/gcc/arm-none-eabi/7.3.1/../../../../arm-none-eabi/lib/thumb/v7e-m/fpv4-sp/hard/libc_nano.a(lib_a-mlock.o)
                0x00000000080032f2                __malloc_lock
 .text.__malloc_unlock
                0x00000000080032f4        0x2 /Applications/STM32CubeIDE.app/Contents/Eclipse/plugins/com.st.stm32cube.ide.mcu.externaltools.gnu-tools-for-stm32.7-2018-q2-update.macos64_1.0.0.201904181610/tools/bin/../lib/gcc/arm-none-eabi/7.3.1/../../../../arm-none-eabi/lib/thumb/v7e-m/fpv4-sp/hard/libc_nano.a(lib_a-mlock.o)
                0x00000000080032f4                __malloc_unlock
 *fill*         0x00000000080032f6        0x2 
 .text._free_r  0x00000000080032f8       0x9c /Applications/STM32CubeIDE.app/Contents/Eclipse/plugins/com.st.stm32cube.ide.mcu.externaltools.gnu-tools-for-stm32.7-2018-q2-update.macos64_1.0.0.201904181610/tools/bin/../lib/gcc/arm-none-eabi/7.3.1/../../../../arm-none-eabi/lib/thumb/v7e-m/fpv4-sp/hard/libc_nano.a(lib_a-nano-freer.o)
                0x00000000080032f8                _free_r
 .text._realloc_r
                0x0000000008003394       0x4c /Applications/STM32CubeIDE.app/Contents/Eclipse/plugins/com.st.stm32cube.ide.mcu.externaltools.gnu-tools-for-stm32.7-2018-q2-update.macos64_1.0.0.201904181610/tools/bin/../lib/gcc/arm-none-eabi/7.3.1/../../../../arm-none-eabi/lib/thumb/v7e-m/fpv4-sp/hard/libc_nano.a(lib_a-nano-reallocr.o)
                0x0000000008003394                _realloc_r
 .text._malloc_usable_size_r
                0x00000000080033e0       0x10 /Applications/STM32CubeIDE.app/Contents/Eclipse/plugins/com.st.stm32cube.ide.mcu.externaltools.gnu-tools-for-stm32.7-2018-q2-update.macos64_1.0.0.201904181610/tools/bin/../lib/gcc/arm-none-eabi/7.3.1/../../../../arm-none-eabi/lib/thumb/v7e-m/fpv4-sp/hard/libc_nano.a(lib_a-nano-msizer.o)
                0x00000000080033e0                _malloc_usable_size_r
 *(.glue_7)
 .glue_7        0x00000000080033f0        0x0 linker stubs
 *(.glue_7t)
 .glue_7t       0x00000000080033f0        0x0 linker stubs
 *(.eh_frame)
 .eh_frame      0x00000000080033f0        0x0 /Applications/STM32CubeIDE.app/Contents/Eclipse/plugins/com.st.stm32cube.ide.mcu.externaltools.gnu-tools-for-stm32.7-2018-q2-update.macos64_1.0.0.201904181610/tools/bin/../lib/gcc/arm-none-eabi/7.3.1/thumb/v7e-m/fpv4-sp/hard/crtbegin.o
 *(.init)
 .init          0x00000000080033f0        0x4 /Applications/STM32CubeIDE.app/Contents/Eclipse/plugins/com.st.stm32cube.ide.mcu.externaltools.gnu-tools-for-stm32.7-2018-q2-update.macos64_1.0.0.201904181610/tools/bin/../lib/gcc/arm-none-eabi/7.3.1/thumb/v7e-m/fpv4-sp/hard/crti.o
                0x00000000080033f0                _init
 .init          0x00000000080033f4        0x8 /Applications/STM32CubeIDE.app/Contents/Eclipse/plugins/com.st.stm32cube.ide.mcu.externaltools.gnu-tools-for-stm32.7-2018-q2-update.macos64_1.0.0.201904181610/tools/bin/../lib/gcc/arm-none-eabi/7.3.1/thumb/v7e-m/fpv4-sp/hard/crtn.o
 *(.fini)
 .fini          0x00000000080033fc        0x4 /Applications/STM32CubeIDE.app/Contents/Eclipse/plugins/com.st.stm32cube.ide.mcu.externaltools.gnu-tools-for-stm32.7-2018-q2-update.macos64_1.0.0.201904181610/tools/bin/../lib/gcc/arm-none-eabi/7.3.1/thumb/v7e-m/fpv4-sp/hard/crti.o
                0x00000000080033fc                _fini
 .fini          0x0000000008003400        0x8 /Applications/STM32CubeIDE.app/Contents/Eclipse/plugins/com.st.stm32cube.ide.mcu.externaltools.gnu-tools-for-stm32.7-2018-q2-update.macos64_1.0.0.201904181610/tools/bin/../lib/gcc/arm-none-eabi/7.3.1/thumb/v7e-m/fpv4-sp/hard/crtn.o
                0x0000000008003408                . = ALIGN (0x4)
                0x0000000008003408                _etext = .

.vfp11_veneer   0x0000000008003408        0x0
 .vfp11_veneer  0x0000000008003408        0x0 linker stubs

.v4_bx          0x0000000008003408        0x0
 .v4_bx         0x0000000008003408        0x0 linker stubs

.iplt           0x0000000008003408        0x0
 .iplt          0x0000000008003408        0x0 /Applications/STM32CubeIDE.app/Contents/Eclipse/plugins/com.st.stm32cube.ide.mcu.externaltools.gnu-tools-for-stm32.7-2018-q2-update.macos64_1.0.0.201904181610/tools/bin/../lib/gcc/arm-none-eabi/7.3.1/thumb/v7e-m/fpv4-sp/hard/crtbegin.o

.rodata         0x0000000008003408      0x124
                0x0000000008003408                . = ALIGN (0x4)
 *(.rodata)
 .rodata        0x0000000008003408       0x16 Drivers/I2C/Src/stm32f4xx_hal_i2c.o
 *fill*         0x000000000800341e        0x2 
 .rodata        0x0000000008003420       0x60 Src/usart_app.o
 *(.rodata*)
 .rodata.AHBPrescTable
                0x0000000008003480       0x10 Src/system_stm32f4xx.o
                0x0000000008003480                AHBPrescTable
 .rodata.APBPrescTable
                0x0000000008003490        0x8 Src/system_stm32f4xx.o
                0x0000000008003490                APBPrescTable
 .rodata.__sf_fake_stderr
                0x0000000008003498       0x20 /Applications/STM32CubeIDE.app/Contents/Eclipse/plugins/com.st.stm32cube.ide.mcu.externaltools.gnu-tools-for-stm32.7-2018-q2-update.macos64_1.0.0.201904181610/tools/bin/../lib/gcc/arm-none-eabi/7.3.1/../../../../arm-none-eabi/lib/thumb/v7e-m/fpv4-sp/hard/libc_nano.a(lib_a-findfp.o)
                0x0000000008003498                __sf_fake_stderr
 .rodata.__sf_fake_stdin
                0x00000000080034b8       0x20 /Applications/STM32CubeIDE.app/Contents/Eclipse/plugins/com.st.stm32cube.ide.mcu.externaltools.gnu-tools-for-stm32.7-2018-q2-update.macos64_1.0.0.201904181610/tools/bin/../lib/gcc/arm-none-eabi/7.3.1/../../../../arm-none-eabi/lib/thumb/v7e-m/fpv4-sp/hard/libc_nano.a(lib_a-findfp.o)
                0x00000000080034b8                __sf_fake_stdin
 .rodata.__sf_fake_stdout
                0x00000000080034d8       0x20 /Applications/STM32CubeIDE.app/Contents/Eclipse/plugins/com.st.stm32cube.ide.mcu.externaltools.gnu-tools-for-stm32.7-2018-q2-update.macos64_1.0.0.201904181610/tools/bin/../lib/gcc/arm-none-eabi/7.3.1/../../../../arm-none-eabi/lib/thumb/v7e-m/fpv4-sp/hard/libc_nano.a(lib_a-findfp.o)
                0x00000000080034d8                __sf_fake_stdout
 .rodata._svfprintf_r.str1.1
                0x00000000080034f8       0x11 /Applications/STM32CubeIDE.app/Contents/Eclipse/plugins/com.st.stm32cube.ide.mcu.externaltools.gnu-tools-for-stm32.7-2018-q2-update.macos64_1.0.0.201904181610/tools/bin/../lib/gcc/arm-none-eabi/7.3.1/../../../../arm-none-eabi/lib/thumb/v7e-m/fpv4-sp/hard/libc_nano.a(lib_a-nano-svfprintf.o)
 .rodata._printf_i.str1.1
                0x0000000008003509       0x22 /Applications/STM32CubeIDE.app/Contents/Eclipse/plugins/com.st.stm32cube.ide.mcu.externaltools.gnu-tools-for-stm32.7-2018-q2-update.macos64_1.0.0.201904181610/tools/bin/../lib/gcc/arm-none-eabi/7.3.1/../../../../arm-none-eabi/lib/thumb/v7e-m/fpv4-sp/hard/libc_nano.a(lib_a-nano-vfprintf_i.o)
                0x000000000800352c                . = ALIGN (0x4)
 *fill*         0x000000000800352b        0x1 

.ARM.extab      0x000000000800352c        0x0
                0x000000000800352c                . = ALIGN (0x4)
 *(.ARM.extab* .gnu.linkonce.armextab.*)
                0x000000000800352c                . = ALIGN (0x4)

.ARM            0x000000000800352c        0x8
                0x000000000800352c                . = ALIGN (0x4)
                0x000000000800352c                __exidx_start = .
 *(.ARM.exidx*)
 .ARM.exidx     0x000000000800352c        0x8 /Applications/STM32CubeIDE.app/Contents/Eclipse/plugins/com.st.stm32cube.ide.mcu.externaltools.gnu-tools-for-stm32.7-2018-q2-update.macos64_1.0.0.201904181610/tools/bin/../lib/gcc/arm-none-eabi/7.3.1/thumb/v7e-m/fpv4-sp/hard/libgcc.a(_udivmoddi4.o)
                0x0000000008003534                __exidx_end = .
                0x0000000008003534                . = ALIGN (0x4)

.rel.dyn        0x0000000008003534        0x0
 .rel.iplt      0x0000000008003534        0x0 /Applications/STM32CubeIDE.app/Contents/Eclipse/plugins/com.st.stm32cube.ide.mcu.externaltools.gnu-tools-for-stm32.7-2018-q2-update.macos64_1.0.0.201904181610/tools/bin/../lib/gcc/arm-none-eabi/7.3.1/thumb/v7e-m/fpv4-sp/hard/crtbegin.o

.preinit_array  0x0000000008003534        0x0
                0x0000000008003534                . = ALIGN (0x4)
                0x0000000008003534                PROVIDE (__preinit_array_start = .)
 *(.preinit_array*)
                0x0000000008003534                PROVIDE (__preinit_array_end = .)
                0x0000000008003534                . = ALIGN (0x4)

.init_array     0x0000000008003534        0x4
                0x0000000008003534                . = ALIGN (0x4)
                0x0000000008003534                PROVIDE (__init_array_start = .)
 *(SORT_BY_NAME(.init_array.*))
 *(.init_array*)
 .init_array    0x0000000008003534        0x4 /Applications/STM32CubeIDE.app/Contents/Eclipse/plugins/com.st.stm32cube.ide.mcu.externaltools.gnu-tools-for-stm32.7-2018-q2-update.macos64_1.0.0.201904181610/tools/bin/../lib/gcc/arm-none-eabi/7.3.1/thumb/v7e-m/fpv4-sp/hard/crtbegin.o
                0x0000000008003538                PROVIDE (__init_array_end = .)
                0x0000000008003538                . = ALIGN (0x4)

.fini_array     0x0000000008003538        0x4
                0x0000000008003538                . = ALIGN (0x4)
                [!provide]                        PROVIDE (__fini_array_start = .)
 *(SORT_BY_NAME(.fini_array.*))
 *(.fini_array*)
 .fini_array    0x0000000008003538        0x4 /Applications/STM32CubeIDE.app/Contents/Eclipse/plugins/com.st.stm32cube.ide.mcu.externaltools.gnu-tools-for-stm32.7-2018-q2-update.macos64_1.0.0.201904181610/tools/bin/../lib/gcc/arm-none-eabi/7.3.1/thumb/v7e-m/fpv4-sp/hard/crtbegin.o
                [!provide]                        PROVIDE (__fini_array_end = .)
                0x000000000800353c                . = ALIGN (0x4)
                0x000000000800353c                _sidata = LOADADDR (.data)

.data           0x0000000020000000       0x74 load address 0x000000000800353c
                0x0000000020000000                . = ALIGN (0x4)
                0x0000000020000000                _sdata = .
 *(.data)
 *(.data*)
 .data.uwTickPrio
                0x0000000020000000        0x4 Drivers/STM32F4xx_HAL_Driver/Src/stm32f4xx_hal.o
                0x0000000020000000                uwTickPrio
 .data.uwTickFreq
                0x0000000020000004        0x1 Drivers/STM32F4xx_HAL_Driver/Src/stm32f4xx_hal.o
                0x0000000020000004                uwTickFreq
 *fill*         0x0000000020000005        0x3 
 .data.I2C_txBuffer
                0x0000000020000008        0x1 Src/main.o
 .data.txSize   0x0000000020000009        0x1 Src/main.o
 .data.rxLength
                0x000000002000000a        0x1 Src/main.o
                0x000000002000000a                rxLength
 *fill*         0x000000002000000b        0x1 
 .data.SystemCoreClock
                0x000000002000000c        0x4 Src/system_stm32f4xx.o
                0x000000002000000c                SystemCoreClock
 .data._impure_ptr
                0x0000000020000010        0x4 /Applications/STM32CubeIDE.app/Contents/Eclipse/plugins/com.st.stm32cube.ide.mcu.externaltools.gnu-tools-for-stm32.7-2018-q2-update.macos64_1.0.0.201904181610/tools/bin/../lib/gcc/arm-none-eabi/7.3.1/../../../../arm-none-eabi/lib/thumb/v7e-m/fpv4-sp/hard/libc_nano.a(lib_a-impure.o)
                0x0000000020000010                _impure_ptr
 .data.impure_data
                0x0000000020000014       0x60 /Applications/STM32CubeIDE.app/Contents/Eclipse/plugins/com.st.stm32cube.ide.mcu.externaltools.gnu-tools-for-stm32.7-2018-q2-update.macos64_1.0.0.201904181610/tools/bin/../lib/gcc/arm-none-eabi/7.3.1/../../../../arm-none-eabi/lib/thumb/v7e-m/fpv4-sp/hard/libc_nano.a(lib_a-impure.o)
                0x0000000020000074                . = ALIGN (0x4)
                0x0000000020000074                _edata = .

.igot.plt       0x0000000020000074        0x0 load address 0x00000000080035b0
 .igot.plt      0x0000000020000074        0x0 /Applications/STM32CubeIDE.app/Contents/Eclipse/plugins/com.st.stm32cube.ide.mcu.externaltools.gnu-tools-for-stm32.7-2018-q2-update.macos64_1.0.0.201904181610/tools/bin/../lib/gcc/arm-none-eabi/7.3.1/thumb/v7e-m/fpv4-sp/hard/crtbegin.o
                0x0000000020000074                . = ALIGN (0x4)

.bss            0x0000000020000074      0x100 load address 0x00000000080035b0
                0x0000000020000074                _sbss = .
                0x0000000020000074                __bss_start__ = _sbss
 *(.bss)
 .bss           0x0000000020000074       0x1c /Applications/STM32CubeIDE.app/Contents/Eclipse/plugins/com.st.stm32cube.ide.mcu.externaltools.gnu-tools-for-stm32.7-2018-q2-update.macos64_1.0.0.201904181610/tools/bin/../lib/gcc/arm-none-eabi/7.3.1/thumb/v7e-m/fpv4-sp/hard/crtbegin.o
 *(.bss*)
 .bss.I2C_handle_p
                0x0000000020000090        0x4 Drivers/I2C/Src/stm32f4xx_hal_i2c.o
 .bss.ptrUSARTx
                0x0000000020000094        0x4 Drivers/USART /Src/stm32f4xx_hal_usart.o
 .bss.endLine   0x0000000020000098        0x1 Drivers/USART /Src/stm32f4xx_hal_usart.o
                0x0000000020000098                endLine
 *fill*         0x0000000020000099        0x3 
 .bss.I2C_rxBuffer
                0x000000002000009c        0x2 Src/main.o
 *fill*         0x000000002000009e        0x2 
 .bss.usart_rxBuffer
                0x00000000200000a0       0x14 Src/main.o
                0x00000000200000a0                usart_rxBuffer
 .bss.heap_end.6424
                0x00000000200000b4        0x4 Src/sysmem.o
 .bss.__malloc_free_list
                0x00000000200000b8        0x4 /Applications/STM32CubeIDE.app/Contents/Eclipse/plugins/com.st.stm32cube.ide.mcu.externaltools.gnu-tools-for-stm32.7-2018-q2-update.macos64_1.0.0.201904181610/tools/bin/../lib/gcc/arm-none-eabi/7.3.1/../../../../arm-none-eabi/lib/thumb/v7e-m/fpv4-sp/hard/libc_nano.a(lib_a-nano-mallocr.o)
                0x00000000200000b8                __malloc_free_list
 .bss.__malloc_sbrk_start
                0x00000000200000bc        0x4 /Applications/STM32CubeIDE.app/Contents/Eclipse/plugins/com.st.stm32cube.ide.mcu.externaltools.gnu-tools-for-stm32.7-2018-q2-update.macos64_1.0.0.201904181610/tools/bin/../lib/gcc/arm-none-eabi/7.3.1/../../../../arm-none-eabi/lib/thumb/v7e-m/fpv4-sp/hard/libc_nano.a(lib_a-nano-mallocr.o)
                0x00000000200000bc                __malloc_sbrk_start
 *(COMMON)
 COMMON         0x00000000200000c0        0x4 Drivers/STM32F4xx_HAL_Driver/Src/stm32f4xx_hal.o
                0x00000000200000c0                uwTick
 COMMON         0x00000000200000c4       0xac Src/main.o
                0x00000000200000c4                USART2_handle
                0x00000000200000ec                dma_usart_rx
                0x0000000020000120                dma_usart_tx
                0x0000000020000154                I2C1_handle
 COMMON         0x0000000020000170        0x4 /Applications/STM32CubeIDE.app/Contents/Eclipse/plugins/com.st.stm32cube.ide.mcu.externaltools.gnu-tools-for-stm32.7-2018-q2-update.macos64_1.0.0.201904181610/tools/bin/../lib/gcc/arm-none-eabi/7.3.1/../../../../arm-none-eabi/lib/thumb/v7e-m/fpv4-sp/hard/libc_nano.a(lib_a-reent.o)
                0x0000000020000170                errno
                0x0000000020000174                . = ALIGN (0x4)
                0x0000000020000174                _ebss = .
                0x0000000020000174                __bss_end__ = _ebss

._user_heap_stack
                0x0000000020000174      0x604 load address 0x00000000080035b0
                0x0000000020000178                . = ALIGN (0x8)
 *fill*         0x0000000020000174        0x4 
                0x0000000020000178                PROVIDE (end = .)
                [!provide]                        PROVIDE (_end = .)
                0x0000000020000378                . = (. + _Min_Heap_Size)
 *fill*         0x0000000020000178      0x200 
                0x0000000020000778                . = (. + _Min_Stack_Size)
 *fill*         0x0000000020000378      0x400 
                0x0000000020000778                . = ALIGN (0x8)

/DISCARD/
 libc.a(*)
 libm.a(*)
 libgcc.a(*)

.ARM.attributes
                0x0000000000000000       0x30
 *(.ARM.attributes)
 .ARM.attributes
                0x0000000000000000       0x22 /Applications/STM32CubeIDE.app/Contents/Eclipse/plugins/com.st.stm32cube.ide.mcu.externaltools.gnu-tools-for-stm32.7-2018-q2-update.macos64_1.0.0.201904181610/tools/bin/../lib/gcc/arm-none-eabi/7.3.1/thumb/v7e-m/fpv4-sp/hard/crti.o
 .ARM.attributes
                0x0000000000000022       0x34 /Applications/STM32CubeIDE.app/Contents/Eclipse/plugins/com.st.stm32cube.ide.mcu.externaltools.gnu-tools-for-stm32.7-2018-q2-update.macos64_1.0.0.201904181610/tools/bin/../lib/gcc/arm-none-eabi/7.3.1/thumb/v7e-m/fpv4-sp/hard/crtbegin.o
 .ARM.attributes
                0x0000000000000056       0x39 Drivers/DMA/Src/stm32f4xx_dma.o
 .ARM.attributes
                0x000000000000008f       0x39 Drivers/I2C/Src/stm32f4xx_hal_i2c.o
 .ARM.attributes
                0x00000000000000c8       0x39 Drivers/STM32F4xx_HAL_Driver/Src/stm32f4xx_hal.o
 .ARM.attributes
                0x0000000000000101       0x39 Drivers/STM32F4xx_HAL_Driver/Src/stm32f4xx_hal_cortex.o
 .ARM.attributes
                0x000000000000013a       0x39 Drivers/STM32F4xx_HAL_Driver/Src/stm32f4xx_hal_gpio.o
 .ARM.attributes
                0x0000000000000173       0x39 Drivers/STM32F4xx_HAL_Driver/Src/stm32f4xx_hal_rcc.o
 .ARM.attributes
                0x00000000000001ac       0x39 Drivers/USART /Src/stm32f4xx_hal_usart.o
 .ARM.attributes
                0x00000000000001e5       0x39 Src/main.o
 .ARM.attributes
                0x000000000000021e       0x39 Src/mcp9808.o
 .ARM.attributes
                0x0000000000000257       0x39 Src/stm32f4xx_hal_msp.o
 .ARM.attributes
                0x0000000000000290       0x39 Src/stm32f4xx_it.o
 .ARM.attributes
                0x00000000000002c9       0x39 Src/sysmem.o
 .ARM.attributes
                0x0000000000000302       0x39 Src/system_stm32f4xx.o
 .ARM.attributes
                0x000000000000033b       0x39 Src/usart_app.o
 .ARM.attributes
                0x0000000000000374       0x21 Startup/startup_stm32f401retx.o
 .ARM.attributes
                0x0000000000000395       0x34 /Applications/STM32CubeIDE.app/Contents/Eclipse/plugins/com.st.stm32cube.ide.mcu.externaltools.gnu-tools-for-stm32.7-2018-q2-update.macos64_1.0.0.201904181610/tools/bin/../lib/gcc/arm-none-eabi/7.3.1/../../../../arm-none-eabi/lib/thumb/v7e-m/fpv4-sp/hard/libc_nano.a(lib_a-errno.o)
 .ARM.attributes
                0x00000000000003c9       0x34 /Applications/STM32CubeIDE.app/Contents/Eclipse/plugins/com.st.stm32cube.ide.mcu.externaltools.gnu-tools-for-stm32.7-2018-q2-update.macos64_1.0.0.201904181610/tools/bin/../lib/gcc/arm-none-eabi/7.3.1/../../../../arm-none-eabi/lib/thumb/v7e-m/fpv4-sp/hard/libc_nano.a(lib_a-impure.o)
 .ARM.attributes
                0x00000000000003fd       0x34 /Applications/STM32CubeIDE.app/Contents/Eclipse/plugins/com.st.stm32cube.ide.mcu.externaltools.gnu-tools-for-stm32.7-2018-q2-update.macos64_1.0.0.201904181610/tools/bin/../lib/gcc/arm-none-eabi/7.3.1/../../../../arm-none-eabi/lib/thumb/v7e-m/fpv4-sp/hard/libc_nano.a(lib_a-init.o)
 .ARM.attributes
                0x0000000000000431       0x34 /Applications/STM32CubeIDE.app/Contents/Eclipse/plugins/com.st.stm32cube.ide.mcu.externaltools.gnu-tools-for-stm32.7-2018-q2-update.macos64_1.0.0.201904181610/tools/bin/../lib/gcc/arm-none-eabi/7.3.1/../../../../arm-none-eabi/lib/thumb/v7e-m/fpv4-sp/hard/libc_nano.a(lib_a-memcpy-stub.o)
 .ARM.attributes
                0x0000000000000465       0x34 /Applications/STM32CubeIDE.app/Contents/Eclipse/plugins/com.st.stm32cube.ide.mcu.externaltools.gnu-tools-for-stm32.7-2018-q2-update.macos64_1.0.0.201904181610/tools/bin/../lib/gcc/arm-none-eabi/7.3.1/../../../../arm-none-eabi/lib/thumb/v7e-m/fpv4-sp/hard/libc_nano.a(lib_a-memset.o)
 .ARM.attributes
                0x0000000000000499       0x34 /Applications/STM32CubeIDE.app/Contents/Eclipse/plugins/com.st.stm32cube.ide.mcu.externaltools.gnu-tools-for-stm32.7-2018-q2-update.macos64_1.0.0.201904181610/tools/bin/../lib/gcc/arm-none-eabi/7.3.1/../../../../arm-none-eabi/lib/thumb/v7e-m/fpv4-sp/hard/libc_nano.a(lib_a-strchr.o)
 .ARM.attributes
                0x00000000000004cd       0x20 /Applications/STM32CubeIDE.app/Contents/Eclipse/plugins/com.st.stm32cube.ide.mcu.externaltools.gnu-tools-for-stm32.7-2018-q2-update.macos64_1.0.0.201904181610/tools/bin/../lib/gcc/arm-none-eabi/7.3.1/../../../../arm-none-eabi/lib/thumb/v7e-m/fpv4-sp/hard/libc_nano.a(lib_a-strcmp.o)
 .ARM.attributes
                0x00000000000004ed       0x1b /Applications/STM32CubeIDE.app/Contents/Eclipse/plugins/com.st.stm32cube.ide.mcu.externaltools.gnu-tools-for-stm32.7-2018-q2-update.macos64_1.0.0.201904181610/tools/bin/../lib/gcc/arm-none-eabi/7.3.1/../../../../arm-none-eabi/lib/thumb/v7e-m/fpv4-sp/hard/libc_nano.a(lib_a-strlen.o)
 .ARM.attributes
                0x0000000000000508       0x34 /Applications/STM32CubeIDE.app/Contents/Eclipse/plugins/com.st.stm32cube.ide.mcu.externaltools.gnu-tools-for-stm32.7-2018-q2-update.macos64_1.0.0.201904181610/tools/bin/../lib/gcc/arm-none-eabi/7.3.1/../../../../arm-none-eabi/lib/thumb/v7e-m/fpv4-sp/hard/libc_nano.a(lib_a-vsprintf.o)
 .ARM.attributes
                0x000000000000053c       0x34 /Applications/STM32CubeIDE.app/Contents/Eclipse/plugins/com.st.stm32cube.ide.mcu.externaltools.gnu-tools-for-stm32.7-2018-q2-update.macos64_1.0.0.201904181610/tools/bin/../lib/gcc/arm-none-eabi/7.3.1/../../../../arm-none-eabi/lib/thumb/v7e-m/fpv4-sp/hard/libc_nano.a(lib_a-findfp.o)
 .ARM.attributes
                0x0000000000000570       0x34 /Applications/STM32CubeIDE.app/Contents/Eclipse/plugins/com.st.stm32cube.ide.mcu.externaltools.gnu-tools-for-stm32.7-2018-q2-update.macos64_1.0.0.201904181610/tools/bin/../lib/gcc/arm-none-eabi/7.3.1/../../../../arm-none-eabi/lib/thumb/v7e-m/fpv4-sp/hard/libc_nano.a(lib_a-nano-mallocr.o)
 .ARM.attributes
                0x00000000000005a4       0x34 /Applications/STM32CubeIDE.app/Contents/Eclipse/plugins/com.st.stm32cube.ide.mcu.externaltools.gnu-tools-for-stm32.7-2018-q2-update.macos64_1.0.0.201904181610/tools/bin/../lib/gcc/arm-none-eabi/7.3.1/../../../../arm-none-eabi/lib/thumb/v7e-m/fpv4-sp/hard/libc_nano.a(lib_a-nano-svfprintf.o)
 .ARM.attributes
                0x00000000000005d8       0x34 /Applications/STM32CubeIDE.app/Contents/Eclipse/plugins/com.st.stm32cube.ide.mcu.externaltools.gnu-tools-for-stm32.7-2018-q2-update.macos64_1.0.0.201904181610/tools/bin/../lib/gcc/arm-none-eabi/7.3.1/../../../../arm-none-eabi/lib/thumb/v7e-m/fpv4-sp/hard/libc_nano.a(lib_a-nano-vfprintf_i.o)
 .ARM.attributes
                0x000000000000060c       0x34 /Applications/STM32CubeIDE.app/Contents/Eclipse/plugins/com.st.stm32cube.ide.mcu.externaltools.gnu-tools-for-stm32.7-2018-q2-update.macos64_1.0.0.201904181610/tools/bin/../lib/gcc/arm-none-eabi/7.3.1/../../../../arm-none-eabi/lib/thumb/v7e-m/fpv4-sp/hard/libc_nano.a(lib_a-sbrkr.o)
 .ARM.attributes
                0x0000000000000640       0x20 /Applications/STM32CubeIDE.app/Contents/Eclipse/plugins/com.st.stm32cube.ide.mcu.externaltools.gnu-tools-for-stm32.7-2018-q2-update.macos64_1.0.0.201904181610/tools/bin/../lib/gcc/arm-none-eabi/7.3.1/../../../../arm-none-eabi/lib/thumb/v7e-m/fpv4-sp/hard/libc_nano.a(lib_a-memchr.o)
 .ARM.attributes
                0x0000000000000660       0x34 /Applications/STM32CubeIDE.app/Contents/Eclipse/plugins/com.st.stm32cube.ide.mcu.externaltools.gnu-tools-for-stm32.7-2018-q2-update.macos64_1.0.0.201904181610/tools/bin/../lib/gcc/arm-none-eabi/7.3.1/../../../../arm-none-eabi/lib/thumb/v7e-m/fpv4-sp/hard/libc_nano.a(lib_a-memmove.o)
 .ARM.attributes
                0x0000000000000694       0x34 /Applications/STM32CubeIDE.app/Contents/Eclipse/plugins/com.st.stm32cube.ide.mcu.externaltools.gnu-tools-for-stm32.7-2018-q2-update.macos64_1.0.0.201904181610/tools/bin/../lib/gcc/arm-none-eabi/7.3.1/../../../../arm-none-eabi/lib/thumb/v7e-m/fpv4-sp/hard/libc_nano.a(lib_a-mlock.o)
 .ARM.attributes
                0x00000000000006c8       0x34 /Applications/STM32CubeIDE.app/Contents/Eclipse/plugins/com.st.stm32cube.ide.mcu.externaltools.gnu-tools-for-stm32.7-2018-q2-update.macos64_1.0.0.201904181610/tools/bin/../lib/gcc/arm-none-eabi/7.3.1/../../../../arm-none-eabi/lib/thumb/v7e-m/fpv4-sp/hard/libc_nano.a(lib_a-nano-freer.o)
 .ARM.attributes
                0x00000000000006fc       0x34 /Applications/STM32CubeIDE.app/Contents/Eclipse/plugins/com.st.stm32cube.ide.mcu.externaltools.gnu-tools-for-stm32.7-2018-q2-update.macos64_1.0.0.201904181610/tools/bin/../lib/gcc/arm-none-eabi/7.3.1/../../../../arm-none-eabi/lib/thumb/v7e-m/fpv4-sp/hard/libc_nano.a(lib_a-nano-reallocr.o)
 .ARM.attributes
                0x0000000000000730       0x34 /Applications/STM32CubeIDE.app/Contents/Eclipse/plugins/com.st.stm32cube.ide.mcu.externaltools.gnu-tools-for-stm32.7-2018-q2-update.macos64_1.0.0.201904181610/tools/bin/../lib/gcc/arm-none-eabi/7.3.1/../../../../arm-none-eabi/lib/thumb/v7e-m/fpv4-sp/hard/libc_nano.a(lib_a-reent.o)
 .ARM.attributes
                0x0000000000000764       0x34 /Applications/STM32CubeIDE.app/Contents/Eclipse/plugins/com.st.stm32cube.ide.mcu.externaltools.gnu-tools-for-stm32.7-2018-q2-update.macos64_1.0.0.201904181610/tools/bin/../lib/gcc/arm-none-eabi/7.3.1/../../../../arm-none-eabi/lib/thumb/v7e-m/fpv4-sp/hard/libc_nano.a(lib_a-nano-msizer.o)
 .ARM.attributes
                0x0000000000000798       0x22 /Applications/STM32CubeIDE.app/Contents/Eclipse/plugins/com.st.stm32cube.ide.mcu.externaltools.gnu-tools-for-stm32.7-2018-q2-update.macos64_1.0.0.201904181610/tools/bin/../lib/gcc/arm-none-eabi/7.3.1/thumb/v7e-m/fpv4-sp/hard/libgcc.a(_aeabi_uldivmod.o)
 .ARM.attributes
                0x00000000000007ba       0x34 /Applications/STM32CubeIDE.app/Contents/Eclipse/plugins/com.st.stm32cube.ide.mcu.externaltools.gnu-tools-for-stm32.7-2018-q2-update.macos64_1.0.0.201904181610/tools/bin/../lib/gcc/arm-none-eabi/7.3.1/thumb/v7e-m/fpv4-sp/hard/libgcc.a(_udivmoddi4.o)
 .ARM.attributes
                0x00000000000007ee       0x22 /Applications/STM32CubeIDE.app/Contents/Eclipse/plugins/com.st.stm32cube.ide.mcu.externaltools.gnu-tools-for-stm32.7-2018-q2-update.macos64_1.0.0.201904181610/tools/bin/../lib/gcc/arm-none-eabi/7.3.1/thumb/v7e-m/fpv4-sp/hard/libgcc.a(_dvmd_tls.o)
 .ARM.attributes
                0x0000000000000810       0x22 /Applications/STM32CubeIDE.app/Contents/Eclipse/plugins/com.st.stm32cube.ide.mcu.externaltools.gnu-tools-for-stm32.7-2018-q2-update.macos64_1.0.0.201904181610/tools/bin/../lib/gcc/arm-none-eabi/7.3.1/thumb/v7e-m/fpv4-sp/hard/crtn.o
OUTPUT(TemperatureLogger.elf elf32-littlearm)

.debug_info     0x0000000000000000     0xa5fe
 .debug_info    0x0000000000000000      0x7a7 Drivers/DMA/Src/stm32f4xx_dma.o
 .debug_info    0x00000000000007a7      0x986 Drivers/I2C/Src/stm32f4xx_hal_i2c.o
 .debug_info    0x000000000000112d      0x8d3 Drivers/STM32F4xx_HAL_Driver/Src/stm32f4xx_hal.o
 .debug_info    0x0000000000001a00      0xd92 Drivers/STM32F4xx_HAL_Driver/Src/stm32f4xx_hal_cortex.o
 .debug_info    0x0000000000002792      0x7dc Drivers/STM32F4xx_HAL_Driver/Src/stm32f4xx_hal_gpio.o
 .debug_info    0x0000000000002f6e      0x92e Drivers/STM32F4xx_HAL_Driver/Src/stm32f4xx_hal_rcc.o
 .debug_info    0x000000000000389c     0x139f Drivers/USART /Src/stm32f4xx_hal_usart.o
 .debug_info    0x0000000000004c3b     0x19fb Src/main.o
 .debug_info    0x0000000000006636      0x54e Src/mcp9808.o
 .debug_info    0x0000000000006b84      0xba9 Src/stm32f4xx_hal_msp.o
 .debug_info    0x000000000000772d      0xd45 Src/stm32f4xx_it.o
 .debug_info    0x0000000000008472      0x91c Src/sysmem.o
 .debug_info    0x0000000000008d8e      0x57e Src/system_stm32f4xx.o
 .debug_info    0x000000000000930c     0x12d0 Src/usart_app.o
 .debug_info    0x000000000000a5dc       0x22 Startup/startup_stm32f401retx.o

.debug_abbrev   0x0000000000000000     0x1c84
 .debug_abbrev  0x0000000000000000      0x19b Drivers/DMA/Src/stm32f4xx_dma.o
 .debug_abbrev  0x000000000000019b      0x24e Drivers/I2C/Src/stm32f4xx_hal_i2c.o
 .debug_abbrev  0x00000000000003e9      0x1f2 Drivers/STM32F4xx_HAL_Driver/Src/stm32f4xx_hal.o
 .debug_abbrev  0x00000000000005db      0x2fa Drivers/STM32F4xx_HAL_Driver/Src/stm32f4xx_hal_cortex.o
 .debug_abbrev  0x00000000000008d5      0x1c9 Drivers/STM32F4xx_HAL_Driver/Src/stm32f4xx_hal_gpio.o
 .debug_abbrev  0x0000000000000a9e      0x245 Drivers/STM32F4xx_HAL_Driver/Src/stm32f4xx_hal_rcc.o
 .debug_abbrev  0x0000000000000ce3      0x2cb Drivers/USART /Src/stm32f4xx_hal_usart.o
 .debug_abbrev  0x0000000000000fae      0x29f Src/main.o
 .debug_abbrev  0x000000000000124d      0x194 Src/mcp9808.o
 .debug_abbrev  0x00000000000013e1      0x1c5 Src/stm32f4xx_hal_msp.o
 .debug_abbrev  0x00000000000015a6      0x1ad Src/stm32f4xx_it.o
 .debug_abbrev  0x0000000000001753      0x1bb Src/sysmem.o
 .debug_abbrev  0x000000000000190e      0x12b Src/system_stm32f4xx.o
 .debug_abbrev  0x0000000000001a39      0x239 Src/usart_app.o
 .debug_abbrev  0x0000000000001c72       0x12 Startup/startup_stm32f401retx.o

.debug_aranges  0x0000000000000000      0x648
 .debug_aranges
                0x0000000000000000       0x40 Drivers/DMA/Src/stm32f4xx_dma.o
 .debug_aranges
                0x0000000000000040       0xb0 Drivers/I2C/Src/stm32f4xx_hal_i2c.o
 .debug_aranges
                0x00000000000000f0       0xf0 Drivers/STM32F4xx_HAL_Driver/Src/stm32f4xx_hal.o
 .debug_aranges
                0x00000000000001e0      0x118 Drivers/STM32F4xx_HAL_Driver/Src/stm32f4xx_hal_cortex.o
 .debug_aranges
                0x00000000000002f8       0x58 Drivers/STM32F4xx_HAL_Driver/Src/stm32f4xx_hal_gpio.o
 .debug_aranges
                0x0000000000000350       0x88 Drivers/STM32F4xx_HAL_Driver/Src/stm32f4xx_hal_rcc.o
 .debug_aranges
                0x00000000000003d8       0xa0 Drivers/USART /Src/stm32f4xx_hal_usart.o
 .debug_aranges
                0x0000000000000478       0x58 Src/main.o
 .debug_aranges
                0x00000000000004d0       0x38 Src/mcp9808.o
 .debug_aranges
                0x0000000000000508       0x20 Src/stm32f4xx_hal_msp.o
 .debug_aranges
                0x0000000000000528       0x70 Src/stm32f4xx_it.o
 .debug_aranges
                0x0000000000000598       0x20 Src/sysmem.o
 .debug_aranges
                0x00000000000005b8       0x28 Src/system_stm32f4xx.o
 .debug_aranges
                0x00000000000005e0       0x40 Src/usart_app.o
 .debug_aranges
                0x0000000000000620       0x28 Startup/startup_stm32f401retx.o

.debug_ranges   0x0000000000000000      0x578
 .debug_ranges  0x0000000000000000       0x30 Drivers/DMA/Src/stm32f4xx_dma.o
 .debug_ranges  0x0000000000000030       0xa0 Drivers/I2C/Src/stm32f4xx_hal_i2c.o
 .debug_ranges  0x00000000000000d0       0xe0 Drivers/STM32F4xx_HAL_Driver/Src/stm32f4xx_hal.o
 .debug_ranges  0x00000000000001b0      0x108 Drivers/STM32F4xx_HAL_Driver/Src/stm32f4xx_hal_cortex.o
 .debug_ranges  0x00000000000002b8       0x48 Drivers/STM32F4xx_HAL_Driver/Src/stm32f4xx_hal_gpio.o
 .debug_ranges  0x0000000000000300       0x78 Drivers/STM32F4xx_HAL_Driver/Src/stm32f4xx_hal_rcc.o
 .debug_ranges  0x0000000000000378       0x90 Drivers/USART /Src/stm32f4xx_hal_usart.o
 .debug_ranges  0x0000000000000408       0x48 Src/main.o
 .debug_ranges  0x0000000000000450       0x28 Src/mcp9808.o
 .debug_ranges  0x0000000000000478       0x10 Src/stm32f4xx_hal_msp.o
 .debug_ranges  0x0000000000000488       0x60 Src/stm32f4xx_it.o
 .debug_ranges  0x00000000000004e8       0x10 Src/sysmem.o
 .debug_ranges  0x00000000000004f8       0x18 Src/system_stm32f4xx.o
 .debug_ranges  0x0000000000000510       0x48 Src/usart_app.o
 .debug_ranges  0x0000000000000558       0x20 Startup/startup_stm32f401retx.o

.debug_macro    0x0000000000000000    0x17179
 .debug_macro   0x0000000000000000      0x1c3 Drivers/DMA/Src/stm32f4xx_dma.o
 .debug_macro   0x00000000000001c3      0xa5a Drivers/DMA/Src/stm32f4xx_dma.o
 .debug_macro   0x0000000000000c1d       0x28 Drivers/DMA/Src/stm32f4xx_dma.o
 .debug_macro   0x0000000000000c45       0x22 Drivers/DMA/Src/stm32f4xx_dma.o
 .debug_macro   0x0000000000000c67       0x8e Drivers/DMA/Src/stm32f4xx_dma.o
 .debug_macro   0x0000000000000cf5       0x51 Drivers/DMA/Src/stm32f4xx_dma.o
 .debug_macro   0x0000000000000d46       0xef Drivers/DMA/Src/stm32f4xx_dma.o
 .debug_macro   0x0000000000000e35       0x6a Drivers/DMA/Src/stm32f4xx_dma.o
 .debug_macro   0x0000000000000e9f      0x1df Drivers/DMA/Src/stm32f4xx_dma.o
 .debug_macro   0x000000000000107e       0x1c Drivers/DMA/Src/stm32f4xx_dma.o
 .debug_macro   0x000000000000109a       0x22 Drivers/DMA/Src/stm32f4xx_dma.o
 .debug_macro   0x00000000000010bc       0xdf Drivers/DMA/Src/stm32f4xx_dma.o
 .debug_macro   0x000000000000119b     0x102d Drivers/DMA/Src/stm32f4xx_dma.o
 .debug_macro   0x00000000000021c8      0x11f Drivers/DMA/Src/stm32f4xx_dma.o
 .debug_macro   0x00000000000022e7     0xb850 Drivers/DMA/Src/stm32f4xx_dma.o
 .debug_macro   0x000000000000db37      0x184 Drivers/DMA/Src/stm32f4xx_dma.o
 .debug_macro   0x000000000000dcbb       0x32 Drivers/DMA/Src/stm32f4xx_dma.o
 .debug_macro   0x000000000000dced       0x43 Drivers/DMA/Src/stm32f4xx_dma.o
 .debug_macro   0x000000000000dd30     0x3652 Drivers/DMA/Src/stm32f4xx_dma.o
 .debug_macro   0x0000000000011382      0x174 Drivers/DMA/Src/stm32f4xx_dma.o
 .debug_macro   0x00000000000114f6       0x5a Drivers/DMA/Src/stm32f4xx_dma.o
 .debug_macro   0x0000000000011550      0x416 Drivers/DMA/Src/stm32f4xx_dma.o
 .debug_macro   0x0000000000011966      0x9fe Drivers/DMA/Src/stm32f4xx_dma.o
 .debug_macro   0x0000000000012364      0x15f Drivers/DMA/Src/stm32f4xx_dma.o
 .debug_macro   0x00000000000124c3      0x117 Drivers/DMA/Src/stm32f4xx_dma.o
 .debug_macro   0x00000000000125da       0xf8 Drivers/DMA/Src/stm32f4xx_dma.o
 .debug_macro   0x00000000000126d2       0x27 Drivers/DMA/Src/stm32f4xx_dma.o
 .debug_macro   0x00000000000126f9      0x287 Drivers/DMA/Src/stm32f4xx_dma.o
 .debug_macro   0x0000000000012980       0x5f Drivers/DMA/Src/stm32f4xx_dma.o
 .debug_macro   0x00000000000129df      0x236 Drivers/DMA/Src/stm32f4xx_dma.o
 .debug_macro   0x0000000000012c15      0x132 Drivers/DMA/Src/stm32f4xx_dma.o
 .debug_macro   0x0000000000012d47      0x264 Drivers/DMA/Src/stm32f4xx_dma.o
 .debug_macro   0x0000000000012fab       0x2e Drivers/DMA/Src/stm32f4xx_dma.o
 .debug_macro   0x0000000000012fd9      0x11a Drivers/DMA/Src/stm32f4xx_dma.o
 .debug_macro   0x00000000000130f3       0x85 Drivers/DMA/Src/stm32f4xx_dma.o
 .debug_macro   0x0000000000013178       0x89 Drivers/DMA/Src/stm32f4xx_dma.o
 .debug_macro   0x0000000000013201      0x126 Drivers/DMA/Src/stm32f4xx_dma.o
 .debug_macro   0x0000000000013327       0x46 Drivers/DMA/Src/stm32f4xx_dma.o
 .debug_macro   0x000000000001336d      0x1c3 Drivers/I2C/Src/stm32f4xx_hal_i2c.o
 .debug_macro   0x0000000000013530       0x46 Drivers/I2C/Src/stm32f4xx_hal_i2c.o
 .debug_macro   0x0000000000013576      0x210 Drivers/STM32F4xx_HAL_Driver/Src/stm32f4xx_hal.o
 .debug_macro   0x0000000000013786      0x1b0 Drivers/STM32F4xx_HAL_Driver/Src/stm32f4xx_hal_cortex.o
 .debug_macro   0x0000000000013936      0x1e6 Drivers/STM32F4xx_HAL_Driver/Src/stm32f4xx_hal_gpio.o
 .debug_macro   0x0000000000013b1c      0x1d4 Drivers/STM32F4xx_HAL_Driver/Src/stm32f4xx_hal_rcc.o
 .debug_macro   0x0000000000013cf0      0x29b Drivers/USART /Src/stm32f4xx_hal_usart.o
 .debug_macro   0x0000000000013f8b       0x46 Drivers/USART /Src/stm32f4xx_hal_usart.o
 .debug_macro   0x0000000000013fd1       0x18 Drivers/USART /Src/stm32f4xx_hal_usart.o
 .debug_macro   0x0000000000013fe9       0x3c Drivers/USART /Src/stm32f4xx_hal_usart.o
 .debug_macro   0x0000000000014025       0x34 Drivers/USART /Src/stm32f4xx_hal_usart.o
 .debug_macro   0x0000000000014059       0x52 Drivers/USART /Src/stm32f4xx_hal_usart.o
 .debug_macro   0x00000000000140ab       0x1f Drivers/USART /Src/stm32f4xx_hal_usart.o
 .debug_macro   0x00000000000140ca       0x43 Drivers/USART /Src/stm32f4xx_hal_usart.o
 .debug_macro   0x000000000001410d       0x20 Drivers/USART /Src/stm32f4xx_hal_usart.o
 .debug_macro   0x000000000001412d      0x1a3 Drivers/USART /Src/stm32f4xx_hal_usart.o
 .debug_macro   0x00000000000142d0      0x330 Drivers/USART /Src/stm32f4xx_hal_usart.o
 .debug_macro   0x0000000000014600       0x10 Drivers/USART /Src/stm32f4xx_hal_usart.o
 .debug_macro   0x0000000000014610       0x35 Drivers/USART /Src/stm32f4xx_hal_usart.o
 .debug_macro   0x0000000000014645       0x20 Drivers/USART /Src/stm32f4xx_hal_usart.o
 .debug_macro   0x0000000000014665       0x22 Drivers/USART /Src/stm32f4xx_hal_usart.o
 .debug_macro   0x0000000000014687       0xd9 Drivers/USART /Src/stm32f4xx_hal_usart.o
 .debug_macro   0x0000000000014760       0x54 Drivers/USART /Src/stm32f4xx_hal_usart.o
 .debug_macro   0x00000000000147b4      0x42c Src/main.o
 .debug_macro   0x0000000000014be0       0x10 Src/main.o
 .debug_macro   0x0000000000014bf0      0x32a Src/main.o
 .debug_macro   0x0000000000014f1a       0x4c Src/main.o
 .debug_macro   0x0000000000014f66       0x58 Src/main.o
 .debug_macro   0x0000000000014fbe       0x16 Src/main.o
 .debug_macro   0x0000000000014fd4       0x16 Src/main.o
 .debug_macro   0x0000000000014fea       0x29 Src/main.o
 .debug_macro   0x0000000000015013       0x1c Src/main.o
 .debug_macro   0x000000000001502f       0x10 Src/main.o
 .debug_macro   0x000000000001503f       0x1c Src/main.o
 .debug_macro   0x000000000001505b       0x52 Src/main.o
 .debug_macro   0x00000000000150ad       0x40 Src/main.o
 .debug_macro   0x00000000000150ed       0x10 Src/main.o
 .debug_macro   0x00000000000150fd       0x40 Src/main.o
 .debug_macro   0x000000000001513d       0xd7 Src/main.o
 .debug_macro   0x0000000000015214       0x1c Src/main.o
 .debug_macro   0x0000000000015230       0x3d Src/main.o
 .debug_macro   0x000000000001526d       0x16 Src/main.o
 .debug_macro   0x0000000000015283      0x145 Src/main.o
 .debug_macro   0x00000000000153c8      0x106 Src/main.o
 .debug_macro   0x00000000000154ce      0x15a Src/main.o
 .debug_macro   0x0000000000015628       0xe4 Src/main.o
 .debug_macro   0x000000000001570c       0x1c Src/main.o
 .debug_macro   0x0000000000015728       0x26 Src/main.o
 .debug_macro   0x000000000001574e      0x4ef Src/main.o
 .debug_macro   0x0000000000015c3d       0xb5 Src/main.o
 .debug_macro   0x0000000000015cf2       0xaa Src/main.o
 .debug_macro   0x0000000000015d9c      0x1d2 Src/mcp9808.o
 .debug_macro   0x0000000000015f6e      0x426 Src/stm32f4xx_hal_msp.o
 .debug_macro   0x0000000000016394      0x434 Src/stm32f4xx_it.o
 .debug_macro   0x00000000000167c8      0x1ae Src/sysmem.o
 .debug_macro   0x0000000000016976      0x23b Src/sysmem.o
 .debug_macro   0x0000000000016bb1       0x16 Src/sysmem.o
 .debug_macro   0x0000000000016bc7      0x1b6 Src/system_stm32f4xx.o
 .debug_macro   0x0000000000016d7d      0x3b0 Src/usart_app.o
 .debug_macro   0x000000000001712d       0x4c Src/usart_app.o

.debug_line     0x0000000000000000     0x9010
 .debug_line    0x0000000000000000      0x837 Drivers/DMA/Src/stm32f4xx_dma.o
 .debug_line    0x0000000000000837      0xa2f Drivers/I2C/Src/stm32f4xx_hal_i2c.o
 .debug_line    0x0000000000001266      0x965 Drivers/STM32F4xx_HAL_Driver/Src/stm32f4xx_hal.o
 .debug_line    0x0000000000001bcb      0xa89 Drivers/STM32F4xx_HAL_Driver/Src/stm32f4xx_hal_cortex.o
 .debug_line    0x0000000000002654      0x908 Drivers/STM32F4xx_HAL_Driver/Src/stm32f4xx_hal_gpio.o
 .debug_line    0x0000000000002f5c      0x9bd Drivers/STM32F4xx_HAL_Driver/Src/stm32f4xx_hal_rcc.o
 .debug_line    0x0000000000003919      0xbba Drivers/USART /Src/stm32f4xx_hal_usart.o
 .debug_line    0x00000000000044d3      0xe0f Src/main.o
 .debug_line    0x00000000000052e2      0x850 Src/mcp9808.o
 .debug_line    0x0000000000005b32      0xd45 Src/stm32f4xx_hal_msp.o
 .debug_line    0x0000000000006877      0xe0d Src/stm32f4xx_it.o
 .debug_line    0x0000000000007684      0x595 Src/sysmem.o
 .debug_line    0x0000000000007c19      0x776 Src/system_stm32f4xx.o
 .debug_line    0x000000000000838f      0xc00 Src/usart_app.o
 .debug_line    0x0000000000008f8f       0x81 Startup/startup_stm32f401retx.o

.debug_str      0x0000000000000000    0x86c97
 .debug_str     0x0000000000000000    0x7c665 Drivers/DMA/Src/stm32f4xx_dma.o
                                      0x7c932 (size before relaxing)
 .debug_str     0x000000000007c665      0x4b9 Drivers/I2C/Src/stm32f4xx_hal_i2c.o
                                      0x7c8c4 (size before relaxing)
 .debug_str     0x000000000007cb1e      0x909 Drivers/STM32F4xx_HAL_Driver/Src/stm32f4xx_hal.o
                                      0x7cd91 (size before relaxing)
 .debug_str     0x000000000007d427      0x3f9 Drivers/STM32F4xx_HAL_Driver/Src/stm32f4xx_hal_cortex.o
                                      0x7cb6e (size before relaxing)
 .debug_str     0x000000000007d820      0x27c Drivers/STM32F4xx_HAL_Driver/Src/stm32f4xx_hal_gpio.o
                                      0x7c665 (size before relaxing)
 .debug_str     0x000000000007da9c      0x384 Drivers/STM32F4xx_HAL_Driver/Src/stm32f4xx_hal_rcc.o
                                      0x7c813 (size before relaxing)
 .debug_str     0x000000000007de20     0x3310 Drivers/USART /Src/stm32f4xx_hal_usart.o
                                      0x7fbc8 (size before relaxing)
 .debug_str     0x0000000000081130     0x5569 Src/main.o
                                      0x85694 (size before relaxing)
 .debug_str     0x0000000000086699       0x9e Src/mcp9808.o
                                      0x7c589 (size before relaxing)
 .debug_str     0x0000000000086737       0x1b Src/stm32f4xx_hal_msp.o
                                      0x848a7 (size before relaxing)
 .debug_str     0x0000000000086752       0xbd Src/stm32f4xx_it.o
                                      0x84b0b (size before relaxing)
 .debug_str     0x000000000008680f      0x339 Src/sysmem.o
                                       0x7af7 (size before relaxing)
 .debug_str     0x0000000000086b48       0x5a Src/system_stm32f4xx.o
                                      0x7c421 (size before relaxing)
 .debug_str     0x0000000000086ba2       0xc4 Src/usart_app.o
                                      0x80f50 (size before relaxing)
 .debug_str     0x0000000000086c66       0x31 Startup/startup_stm32f401retx.o
                                         0x79 (size before relaxing)

.comment        0x0000000000000000       0x7b
 .comment       0x0000000000000000       0x7b Drivers/DMA/Src/stm32f4xx_dma.o
                                         0x7c (size before relaxing)
 .comment       0x000000000000007b       0x7c Drivers/I2C/Src/stm32f4xx_hal_i2c.o
 .comment       0x000000000000007b       0x7c Drivers/STM32F4xx_HAL_Driver/Src/stm32f4xx_hal.o
 .comment       0x000000000000007b       0x7c Drivers/STM32F4xx_HAL_Driver/Src/stm32f4xx_hal_cortex.o
 .comment       0x000000000000007b       0x7c Drivers/STM32F4xx_HAL_Driver/Src/stm32f4xx_hal_gpio.o
 .comment       0x000000000000007b       0x7c Drivers/STM32F4xx_HAL_Driver/Src/stm32f4xx_hal_rcc.o
 .comment       0x000000000000007b       0x7c Drivers/USART /Src/stm32f4xx_hal_usart.o
 .comment       0x000000000000007b       0x7c Src/main.o
 .comment       0x000000000000007b       0x7c Src/mcp9808.o
 .comment       0x000000000000007b       0x7c Src/stm32f4xx_hal_msp.o
 .comment       0x000000000000007b       0x7c Src/stm32f4xx_it.o
 .comment       0x000000000000007b       0x7c Src/sysmem.o
 .comment       0x000000000000007b       0x7c Src/system_stm32f4xx.o
 .comment       0x000000000000007b       0x7c Src/usart_app.o

.debug_frame    0x0000000000000000     0x1b28
 .debug_frame   0x0000000000000000       0xcc Drivers/DMA/Src/stm32f4xx_dma.o
 .debug_frame   0x00000000000000cc      0x2cc Drivers/I2C/Src/stm32f4xx_hal_i2c.o
 .debug_frame   0x0000000000000398      0x374 Drivers/STM32F4xx_HAL_Driver/Src/stm32f4xx_hal.o
 .debug_frame   0x000000000000070c      0x498 Drivers/STM32F4xx_HAL_Driver/Src/stm32f4xx_hal_cortex.o
 .debug_frame   0x0000000000000ba4      0x14c Drivers/STM32F4xx_HAL_Driver/Src/stm32f4xx_hal_gpio.o
 .debug_frame   0x0000000000000cf0      0x1f0 Drivers/STM32F4xx_HAL_Driver/Src/stm32f4xx_hal_rcc.o
 .debug_frame   0x0000000000000ee0      0x27c Drivers/USART /Src/stm32f4xx_hal_usart.o
 .debug_frame   0x000000000000115c      0x118 Src/main.o
 .debug_frame   0x0000000000001274       0xa8 Src/mcp9808.o
 .debug_frame   0x000000000000131c       0x38 Src/stm32f4xx_hal_msp.o
 .debug_frame   0x0000000000001354      0x144 Src/stm32f4xx_it.o
 .debug_frame   0x0000000000001498       0x34 Src/sysmem.o
 .debug_frame   0x00000000000014cc       0x58 Src/system_stm32f4xx.o
 .debug_frame   0x0000000000001524       0xe8 Src/usart_app.o
 .debug_frame   0x000000000000160c       0x20 /Applications/STM32CubeIDE.app/Contents/Eclipse/plugins/com.st.stm32cube.ide.mcu.externaltools.gnu-tools-for-stm32.7-2018-q2-update.macos64_1.0.0.201904181610/tools/bin/../lib/gcc/arm-none-eabi/7.3.1/../../../../arm-none-eabi/lib/thumb/v7e-m/fpv4-sp/hard/libc_nano.a(lib_a-errno.o)
 .debug_frame   0x000000000000162c       0x2c /Applications/STM32CubeIDE.app/Contents/Eclipse/plugins/com.st.stm32cube.ide.mcu.externaltools.gnu-tools-for-stm32.7-2018-q2-update.macos64_1.0.0.201904181610/tools/bin/../lib/gcc/arm-none-eabi/7.3.1/../../../../arm-none-eabi/lib/thumb/v7e-m/fpv4-sp/hard/libc_nano.a(lib_a-init.o)
 .debug_frame   0x0000000000001658       0x28 /Applications/STM32CubeIDE.app/Contents/Eclipse/plugins/com.st.stm32cube.ide.mcu.externaltools.gnu-tools-for-stm32.7-2018-q2-update.macos64_1.0.0.201904181610/tools/bin/../lib/gcc/arm-none-eabi/7.3.1/../../../../arm-none-eabi/lib/thumb/v7e-m/fpv4-sp/hard/libc_nano.a(lib_a-memcpy-stub.o)
 .debug_frame   0x0000000000001680       0x20 /Applications/STM32CubeIDE.app/Contents/Eclipse/plugins/com.st.stm32cube.ide.mcu.externaltools.gnu-tools-for-stm32.7-2018-q2-update.macos64_1.0.0.201904181610/tools/bin/../lib/gcc/arm-none-eabi/7.3.1/../../../../arm-none-eabi/lib/thumb/v7e-m/fpv4-sp/hard/libc_nano.a(lib_a-memset.o)
 .debug_frame   0x00000000000016a0       0x20 /Applications/STM32CubeIDE.app/Contents/Eclipse/plugins/com.st.stm32cube.ide.mcu.externaltools.gnu-tools-for-stm32.7-2018-q2-update.macos64_1.0.0.201904181610/tools/bin/../lib/gcc/arm-none-eabi/7.3.1/../../../../arm-none-eabi/lib/thumb/v7e-m/fpv4-sp/hard/libc_nano.a(lib_a-strchr.o)
 .debug_frame   0x00000000000016c0       0x20 /Applications/STM32CubeIDE.app/Contents/Eclipse/plugins/com.st.stm32cube.ide.mcu.externaltools.gnu-tools-for-stm32.7-2018-q2-update.macos64_1.0.0.201904181610/tools/bin/../lib/gcc/arm-none-eabi/7.3.1/../../../../arm-none-eabi/lib/thumb/v7e-m/fpv4-sp/hard/libc_nano.a(lib_a-strcmp.o)
 .debug_frame   0x00000000000016e0       0x3c /Applications/STM32CubeIDE.app/Contents/Eclipse/plugins/com.st.stm32cube.ide.mcu.externaltools.gnu-tools-for-stm32.7-2018-q2-update.macos64_1.0.0.201904181610/tools/bin/../lib/gcc/arm-none-eabi/7.3.1/../../../../arm-none-eabi/lib/thumb/v7e-m/fpv4-sp/hard/libc_nano.a(lib_a-vsprintf.o)
 .debug_frame   0x000000000000171c      0x11c /Applications/STM32CubeIDE.app/Contents/Eclipse/plugins/com.st.stm32cube.ide.mcu.externaltools.gnu-tools-for-stm32.7-2018-q2-update.macos64_1.0.0.201904181610/tools/bin/../lib/gcc/arm-none-eabi/7.3.1/../../../../arm-none-eabi/lib/thumb/v7e-m/fpv4-sp/hard/libc_nano.a(lib_a-findfp.o)
 .debug_frame   0x0000000000001838       0x2c /Applications/STM32CubeIDE.app/Contents/Eclipse/plugins/com.st.stm32cube.ide.mcu.externaltools.gnu-tools-for-stm32.7-2018-q2-update.macos64_1.0.0.201904181610/tools/bin/../lib/gcc/arm-none-eabi/7.3.1/../../../../arm-none-eabi/lib/thumb/v7e-m/fpv4-sp/hard/libc_nano.a(lib_a-nano-mallocr.o)
 .debug_frame   0x0000000000001864       0x90 /Applications/STM32CubeIDE.app/Contents/Eclipse/plugins/com.st.stm32cube.ide.mcu.externaltools.gnu-tools-for-stm32.7-2018-q2-update.macos64_1.0.0.201904181610/tools/bin/../lib/gcc/arm-none-eabi/7.3.1/../../../../arm-none-eabi/lib/thumb/v7e-m/fpv4-sp/hard/libc_nano.a(lib_a-nano-svfprintf.o)
 .debug_frame   0x00000000000018f4       0x60 /Applications/STM32CubeIDE.app/Contents/Eclipse/plugins/com.st.stm32cube.ide.mcu.externaltools.gnu-tools-for-stm32.7-2018-q2-update.macos64_1.0.0.201904181610/tools/bin/../lib/gcc/arm-none-eabi/7.3.1/../../../../arm-none-eabi/lib/thumb/v7e-m/fpv4-sp/hard/libc_nano.a(lib_a-nano-vfprintf_i.o)
 .debug_frame   0x0000000000001954       0x2c /Applications/STM32CubeIDE.app/Contents/Eclipse/plugins/com.st.stm32cube.ide.mcu.externaltools.gnu-tools-for-stm32.7-2018-q2-update.macos64_1.0.0.201904181610/tools/bin/../lib/gcc/arm-none-eabi/7.3.1/../../../../arm-none-eabi/lib/thumb/v7e-m/fpv4-sp/hard/libc_nano.a(lib_a-sbrkr.o)
 .debug_frame   0x0000000000001980       0x28 /Applications/STM32CubeIDE.app/Contents/Eclipse/plugins/com.st.stm32cube.ide.mcu.externaltools.gnu-tools-for-stm32.7-2018-q2-update.macos64_1.0.0.201904181610/tools/bin/../lib/gcc/arm-none-eabi/7.3.1/../../../../arm-none-eabi/lib/thumb/v7e-m/fpv4-sp/hard/libc_nano.a(lib_a-memmove.o)
 .debug_frame   0x00000000000019a8       0x30 /Applications/STM32CubeIDE.app/Contents/Eclipse/plugins/com.st.stm32cube.ide.mcu.externaltools.gnu-tools-for-stm32.7-2018-q2-update.macos64_1.0.0.201904181610/tools/bin/../lib/gcc/arm-none-eabi/7.3.1/../../../../arm-none-eabi/lib/thumb/v7e-m/fpv4-sp/hard/libc_nano.a(lib_a-mlock.o)
 .debug_frame   0x00000000000019d8       0x38 /Applications/STM32CubeIDE.app/Contents/Eclipse/plugins/com.st.stm32cube.ide.mcu.externaltools.gnu-tools-for-stm32.7-2018-q2-update.macos64_1.0.0.201904181610/tools/bin/../lib/gcc/arm-none-eabi/7.3.1/../../../../arm-none-eabi/lib/thumb/v7e-m/fpv4-sp/hard/libc_nano.a(lib_a-nano-freer.o)
 .debug_frame   0x0000000000001a10       0x3c /Applications/STM32CubeIDE.app/Contents/Eclipse/plugins/com.st.stm32cube.ide.mcu.externaltools.gnu-tools-for-stm32.7-2018-q2-update.macos64_1.0.0.201904181610/tools/bin/../lib/gcc/arm-none-eabi/7.3.1/../../../../arm-none-eabi/lib/thumb/v7e-m/fpv4-sp/hard/libc_nano.a(lib_a-nano-reallocr.o)
 .debug_frame   0x0000000000001a4c       0x5c /Applications/STM32CubeIDE.app/Contents/Eclipse/plugins/com.st.stm32cube.ide.mcu.externaltools.gnu-tools-for-stm32.7-2018-q2-update.macos64_1.0.0.201904181610/tools/bin/../lib/gcc/arm-none-eabi/7.3.1/../../../../arm-none-eabi/lib/thumb/v7e-m/fpv4-sp/hard/libc_nano.a(lib_a-reent.o)
 .debug_frame   0x0000000000001aa8       0x20 /Applications/STM32CubeIDE.app/Contents/Eclipse/plugins/com.st.stm32cube.ide.mcu.externaltools.gnu-tools-for-stm32.7-2018-q2-update.macos64_1.0.0.201904181610/tools/bin/../lib/gcc/arm-none-eabi/7.3.1/../../../../arm-none-eabi/lib/thumb/v7e-m/fpv4-sp/hard/libc_nano.a(lib_a-nano-msizer.o)
 .debug_frame   0x0000000000001ac8       0x2c /Applications/STM32CubeIDE.app/Contents/Eclipse/plugins/com.st.stm32cube.ide.mcu.externaltools.gnu-tools-for-stm32.7-2018-q2-update.macos64_1.0.0.201904181610/tools/bin/../lib/gcc/arm-none-eabi/7.3.1/thumb/v7e-m/fpv4-sp/hard/libgcc.a(_aeabi_uldivmod.o)
 .debug_frame   0x0000000000001af4       0x34 /Applications/STM32CubeIDE.app/Contents/Eclipse/plugins/com.st.stm32cube.ide.mcu.externaltools.gnu-tools-for-stm32.7-2018-q2-update.macos64_1.0.0.201904181610/tools/bin/../lib/gcc/arm-none-eabi/7.3.1/thumb/v7e-m/fpv4-sp/hard/libgcc.a(_udivmoddi4.o)
