Archive member included to satisfy reference by file (symbol)

/Applications/STM32CubeIDE.app/Contents/Eclipse/plugins/com.st.stm32cube.ide.mcu.externaltools.gnu-tools-for-stm32.7-2018-q2-update.macos64_1.0.0.201904181610/tools/bin/../lib/gcc/arm-none-eabi/7.3.1/../../../../arm-none-eabi/lib/thumb/v7e-m/fpv4-sp/hard/libc_nano.a(lib_a-errno.o)
                              Src/syscalls.o (__errno)
/Applications/STM32CubeIDE.app/Contents/Eclipse/plugins/com.st.stm32cube.ide.mcu.externaltools.gnu-tools-for-stm32.7-2018-q2-update.macos64_1.0.0.201904181610/tools/bin/../lib/gcc/arm-none-eabi/7.3.1/../../../../arm-none-eabi/lib/thumb/v7e-m/fpv4-sp/hard/libc_nano.a(lib_a-exit.o)
                              /Applications/STM32CubeIDE.app/Contents/Eclipse/plugins/com.st.stm32cube.ide.mcu.externaltools.gnu-tools-for-stm32.7-2018-q2-update.macos64_1.0.0.201904181610/tools/bin/../lib/gcc/arm-none-eabi/7.3.1/../../../../arm-none-eabi/lib/thumb/v7e-m/fpv4-sp/hard/crt0.o (exit)
/Applications/STM32CubeIDE.app/Contents/Eclipse/plugins/com.st.stm32cube.ide.mcu.externaltools.gnu-tools-for-stm32.7-2018-q2-update.macos64_1.0.0.201904181610/tools/bin/../lib/gcc/arm-none-eabi/7.3.1/../../../../arm-none-eabi/lib/thumb/v7e-m/fpv4-sp/hard/libc_nano.a(lib_a-impure.o)
                              /Applications/STM32CubeIDE.app/Contents/Eclipse/plugins/com.st.stm32cube.ide.mcu.externaltools.gnu-tools-for-stm32.7-2018-q2-update.macos64_1.0.0.201904181610/tools/bin/../lib/gcc/arm-none-eabi/7.3.1/../../../../arm-none-eabi/lib/thumb/v7e-m/fpv4-sp/hard/libc_nano.a(lib_a-exit.o) (_global_impure_ptr)
/Applications/STM32CubeIDE.app/Contents/Eclipse/plugins/com.st.stm32cube.ide.mcu.externaltools.gnu-tools-for-stm32.7-2018-q2-update.macos64_1.0.0.201904181610/tools/bin/../lib/gcc/arm-none-eabi/7.3.1/../../../../arm-none-eabi/lib/thumb/v7e-m/fpv4-sp/hard/libc_nano.a(lib_a-init.o)
                              /Applications/STM32CubeIDE.app/Contents/Eclipse/plugins/com.st.stm32cube.ide.mcu.externaltools.gnu-tools-for-stm32.7-2018-q2-update.macos64_1.0.0.201904181610/tools/bin/../lib/gcc/arm-none-eabi/7.3.1/../../../../arm-none-eabi/lib/thumb/v7e-m/fpv4-sp/hard/crt0.o (__libc_init_array)
/Applications/STM32CubeIDE.app/Contents/Eclipse/plugins/com.st.stm32cube.ide.mcu.externaltools.gnu-tools-for-stm32.7-2018-q2-update.macos64_1.0.0.201904181610/tools/bin/../lib/gcc/arm-none-eabi/7.3.1/../../../../arm-none-eabi/lib/thumb/v7e-m/fpv4-sp/hard/libc_nano.a(lib_a-memcpy-stub.o)
                              Src/usart_app.o (memcpy)
/Applications/STM32CubeIDE.app/Contents/Eclipse/plugins/com.st.stm32cube.ide.mcu.externaltools.gnu-tools-for-stm32.7-2018-q2-update.macos64_1.0.0.201904181610/tools/bin/../lib/gcc/arm-none-eabi/7.3.1/../../../../arm-none-eabi/lib/thumb/v7e-m/fpv4-sp/hard/libc_nano.a(lib_a-memset.o)
                              /Applications/STM32CubeIDE.app/Contents/Eclipse/plugins/com.st.stm32cube.ide.mcu.externaltools.gnu-tools-for-stm32.7-2018-q2-update.macos64_1.0.0.201904181610/tools/bin/../lib/gcc/arm-none-eabi/7.3.1/../../../../arm-none-eabi/lib/thumb/v7e-m/fpv4-sp/hard/crt0.o (memset)
/Applications/STM32CubeIDE.app/Contents/Eclipse/plugins/com.st.stm32cube.ide.mcu.externaltools.gnu-tools-for-stm32.7-2018-q2-update.macos64_1.0.0.201904181610/tools/bin/../lib/gcc/arm-none-eabi/7.3.1/../../../../arm-none-eabi/lib/thumb/v7e-m/fpv4-sp/hard/libc_nano.a(lib_a-printf.o)
                              Drivers/NRF24L01/Src/nrf24l01.o (printf)
/Applications/STM32CubeIDE.app/Contents/Eclipse/plugins/com.st.stm32cube.ide.mcu.externaltools.gnu-tools-for-stm32.7-2018-q2-update.macos64_1.0.0.201904181610/tools/bin/../lib/gcc/arm-none-eabi/7.3.1/../../../../arm-none-eabi/lib/thumb/v7e-m/fpv4-sp/hard/libc_nano.a(lib_a-putchar.o)
                              Drivers/NRF24L01/Src/nrf24l01.o (putchar)
/Applications/STM32CubeIDE.app/Contents/Eclipse/plugins/com.st.stm32cube.ide.mcu.externaltools.gnu-tools-for-stm32.7-2018-q2-update.macos64_1.0.0.201904181610/tools/bin/../lib/gcc/arm-none-eabi/7.3.1/../../../../arm-none-eabi/lib/thumb/v7e-m/fpv4-sp/hard/libc_nano.a(lib_a-puts.o)
                              Drivers/NRF24L01/Src/nrf24l01.o (puts)
/Applications/STM32CubeIDE.app/Contents/Eclipse/plugins/com.st.stm32cube.ide.mcu.externaltools.gnu-tools-for-stm32.7-2018-q2-update.macos64_1.0.0.201904181610/tools/bin/../lib/gcc/arm-none-eabi/7.3.1/../../../../arm-none-eabi/lib/thumb/v7e-m/fpv4-sp/hard/libc_nano.a(lib_a-sprintf.o)
                              Drivers/NRF24L01/Src/nrf24l01.o (sprintf)
/Applications/STM32CubeIDE.app/Contents/Eclipse/plugins/com.st.stm32cube.ide.mcu.externaltools.gnu-tools-for-stm32.7-2018-q2-update.macos64_1.0.0.201904181610/tools/bin/../lib/gcc/arm-none-eabi/7.3.1/../../../../arm-none-eabi/lib/thumb/v7e-m/fpv4-sp/hard/libc_nano.a(lib_a-strchr.o)
                              Src/usart_app.o (strchr)
[...]
Memory Configuration

Name             Origin             Length             Attributes
RAM              0x0000000020000000 0x0000000000018000 xrw
FLASH            0x0000000008000000 0x0000000000080000 xr
*default*        0x0000000000000000 0xffffffffffffffff

Linker script and memory map

LOAD /Applications/STM32CubeIDE.app/Contents/Eclipse/plugins/com.st.stm32cube.ide.mcu.externaltools.gnu-tools-for-stm32.7-2018-q2-update.macos64_1.0.0.201904181610/tools/bin/../lib/gcc/arm-none-eabi/7.3.1/thumb/v7e-m/fpv4-sp/hard/crti.o
LOAD /Applications/STM32CubeIDE.app/Contents/Eclipse/plugins/com.st.stm32cube.ide.mcu.externaltools.gnu-tools-for-stm32.7-2018-q2-update.macos64_1.0.0.201904181610/tools/bin/../lib/gcc/arm-none-eabi/7.3.1/thumb/v7e-m/fpv4-sp/hard/crtbegin.o
LOAD /Applications/STM32CubeIDE.app/Contents/Eclipse/plugins/com.st.stm32cube.ide.mcu.externaltools.gnu-tools-for-stm32.7-2018-q2-update.macos64_1.0.0.201904181610/tools/bin/../lib/gcc/arm-none-eabi/7.3.1/../../../../arm-none-eabi/lib/thumb/v7e-m/fpv4-sp/hard/crt0.o
LOAD Drivers/DMA/Src/stm32f4xx_dma.o
LOAD Drivers/I2C/Src/stm32f4xx_hal_i2c.o
LOAD Drivers/NRF24L01/Src/nrf24l01.o
LOAD Drivers/STM32F4xx_HAL_Driver/Src/stm32f4xx_hal.o
LOAD Drivers/STM32F4xx_HAL_Driver/Src/stm32f4xx_hal_cortex.o
LOAD Drivers/STM32F4xx_HAL_Driver/Src/stm32f4xx_hal_dma_ex.o
LOAD Drivers/STM32F4xx_HAL_Driver/Src/stm32f4xx_hal_exti.o
LOAD Drivers/STM32F4xx_HAL_Driver/Src/stm32f4xx_hal_flash.o
LOAD Drivers/STM32F4xx_HAL_Driver/Src/stm32f4xx_hal_flash_ex.o
LOAD Drivers/STM32F4xx_HAL_Driver/Src/stm32f4xx_hal_flash_ramfunc.o
LOAD Drivers/STM32F4xx_HAL_Driver/Src/stm32f4xx_hal_gpio.o
LOAD Drivers/STM32F4xx_HAL_Driver/Src/stm32f4xx_hal_pwr.o
LOAD Drivers/STM32F4xx_HAL_Driver/Src/stm32f4xx_hal_pwr_ex.o
LOAD Drivers/STM32F4xx_HAL_Driver/Src/stm32f4xx_hal_rcc.o
LOAD Drivers/STM32F4xx_HAL_Driver/Src/stm32f4xx_hal_rcc_ex.o
LOAD Drivers/STM32F4xx_HAL_Driver/Src/stm32f4xx_hal_spi.o
LOAD Drivers/STM32F4xx_HAL_Driver/Src/stm32f4xx_hal_tim.o
LOAD Drivers/STM32F4xx_HAL_Driver/Src/stm32f4xx_hal_tim_ex.o
LOAD Drivers/USART /Src/stm32f4xx_hal_usart.o
LOAD Src/main.o
LOAD Src/mcp9808.o
LOAD Src/stm32f4xx_hal_msp.o
LOAD Src/stm32f4xx_it.o
LOAD Src/syscalls.o
LOAD Src/sysmem.o
LOAD Src/system_stm32f4xx.o
LOAD Src/usart_app.o
LOAD Startup/startup_stm32f401retx.o
START GROUP
LOAD /Applications/STM32CubeIDE.app/Contents/Eclipse/plugins/com.st.stm32cube.ide.mcu.externaltools.gnu-tools-for-stm32.7-2018-q2-update.macos64_1.0.0.201904181610/tools/bin/../lib/gcc/arm-none-eabi/7.3.1/../../../../arm-none-eabi/lib/thumb/v7e-m/fpv4-sp/hard/libc_nano.a
LOAD /Applications/STM32CubeIDE.app/Contents/Eclipse/plugins/com.st.stm32cube.ide.mcu.externaltools.gnu-tools-for-stm32.7-2018-q2-update.macos64_1.0.0.201904181610/tools/bin/../lib/gcc/arm-none-eabi/7.3.1/../../../../arm-none-eabi/lib/thumb/v7e-m/fpv4-sp/hard/libm.a
END GROUP
START GROUP
LOAD /Applications/STM32CubeIDE.app/Contents/Eclipse/plugins/com.st.stm32cube.ide.mcu.externaltools.gnu-tools-for-stm32.7-2018-q2-update.macos64_1.0.0.201904181610/tools/bin/../lib/gcc/arm-none-eabi/7.3.1/thumb/v7e-m/fpv4-sp/hard/libgcc.a
LOAD /Applications/STM32CubeIDE.app/Contents/Eclipse/plugins/com.st.stm32cube.ide.mcu.externaltools.gnu-tools-for-stm32.7-2018-q2-update.macos64_1.0.0.201904181610/tools/bin/../lib/gcc/arm-none-eabi/7.3.1/../../../../arm-none-eabi/lib/thumb/v7e-m/fpv4-sp/hard/libc_nano.a
END GROUP
START GROUP
LOAD /Applications/STM32CubeIDE.app/Contents/Eclipse/plugins/com.st.stm32cube.ide.mcu.externaltools.gnu-tools-for-stm32.7-2018-q2-update.macos64_1.0.0.201904181610/tools/bin/../lib/gcc/arm-none-eabi/7.3.1/thumb/v7e-m/fpv4-sp/hard/libgcc.a
LOAD /Applications/STM32CubeIDE.app/Contents/Eclipse/plugins/com.st.stm32cube.ide.mcu.externaltools.gnu-tools-for-stm32.7-2018-q2-update.macos64_1.0.0.201904181610/tools/bin/../lib/gcc/arm-none-eabi/7.3.1/../../../../arm-none-eabi/lib/thumb/v7e-m/fpv4-sp/hard/libc_nano.a
LOAD /Applications/STM32CubeIDE.app/Contents/Eclipse/plugins/com.st.stm32cube.ide.mcu.externaltools.gnu-tools-for-stm32.7-2018-q2-update.macos64_1.0.0.201904181610/tools/bin/../lib/gcc/arm-none-eabi/7.3.1/../../../../arm-none-eabi/lib/thumb/v7e-m/fpv4-sp/hard/libnosys.a
END GROUP
START GROUP
LOAD /Applications/STM32CubeIDE.app/Contents/Eclipse/plugins/com.st.stm32cube.ide.mcu.externaltools.gnu-tools-for-stm32.7-2018-q2-update.macos64_1.0.0.201904181610/tools/bin/../lib/gcc/arm-none-eabi/7.3.1/thumb/v7e-m/fpv4-sp/hard/libgcc.a
LOAD /Applications/STM32CubeIDE.app/Contents/Eclipse/plugins/com.st.stm32cube.ide.mcu.externaltools.gnu-tools-for-stm32.7-2018-q2-update.macos64_1.0.0.201904181610/tools/bin/../lib/gcc/arm-none-eabi/7.3.1/../../../../arm-none-eabi/lib/thumb/v7e-m/fpv4-sp/hard/libc_nano.a
LOAD /Applications/STM32CubeIDE.app/Contents/Eclipse/plugins/com.st.stm32cube.ide.mcu.externaltools.gnu-tools-for-stm32.7-2018-q2-update.macos64_1.0.0.201904181610/tools/bin/../lib/gcc/arm-none-eabi/7.3.1/../../../../arm-none-eabi/lib/thumb/v7e-m/fpv4-sp/hard/libnosys.a
END GROUP
LOAD /Applications/STM32CubeIDE.app/Contents/Eclipse/plugins/com.st.stm32cube.ide.mcu.externaltools.gnu-tools-for-stm32.7-2018-q2-update.macos64_1.0.0.201904181610/tools/bin/../lib/gcc/arm-none-eabi/7.3.1/thumb/v7e-m/fpv4-sp/hard/crtend.o
LOAD /Applications/STM32CubeIDE.app/Contents/Eclipse/plugins/com.st.stm32cube.ide.mcu.externaltools.gnu-tools-for-stm32.7-2018-q2-update.macos64_1.0.0.201904181610/tools/bin/../lib/gcc/arm-none-eabi/7.3.1/thumb/v7e-m/fpv4-sp/hard/crtn.o
                0x0000000020018000                _estack = 0x20018000
                0x0000000000000200                _Min_Heap_Size = 0x200
                0x0000000000000400                _Min_Stack_Size = 0x400

.isr_vector     0x0000000008000000      0x194
                0x0000000008000000                . = ALIGN (0x4)
 *(.isr_vector)
 .isr_vector    0x0000000008000000      0x194 Startup/startup_stm32f401retx.o
                0x0000000008000000                g_pfnVectors
                0x0000000008000194                . = ALIGN (0x4)

.text           0x00000000080001a0     0x5694
                0x00000000080001a0                . = ALIGN (0x4)
 *(.text)
 .text          0x00000000080001a0       0x40 /Applications/STM32CubeIDE.app/Contents/Eclipse/plugins/com.st.stm32cube.ide.mcu.externaltools.gnu-tools-for-stm32.7-2018-q2-update.macos64_1.0.0.201904181610/tools/bin/../lib/gcc/arm-none-eabi/7.3.1/thumb/v7e-m/fpv4-sp/hard/crtbegin.o
 .text          0x00000000080001e0       0x14 /Applications/STM32CubeIDE.app/Contents/Eclipse/plugins/com.st.stm32cube.ide.mcu.externaltools.gnu-tools-for-stm32.7-2018-q2-update.macos64_1.0.0.201904181610/tools/bin/../lib/gcc/arm-none-eabi/7.3.1/../../../../arm-none-eabi/lib/thumb/v7e-m/fpv4-sp/hard/libc_nano.a(lib_a-strcmp.o)
                0x00000000080001e0                strcmp
 .text          0x00000000080001f4       0x10 /Applications/STM32CubeIDE.app/Contents/Eclipse/plugins/com.st.stm32cube.ide.mcu.externaltools.gnu-tools-for-stm32.7-2018-q2-update.macos64_1.0.0.201904181610/tools/bin/../lib/gcc/arm-none-eabi/7.3.1/../../../../arm-none-eabi/lib/thumb/v7e-m/fpv4-sp/hard/libc_nano.a(lib_a-strlen.o)
                0x00000000080001f4                strlen
 *fill*         0x0000000008000204        0xc 
 .text          0x0000000008000210       0xa0 /Applications/STM32CubeIDE.app/Contents/Eclipse/plugins/com.st.stm32cube.ide.mcu.externaltools.gnu-tools-for-stm32.7-2018-q2-update.macos64_1.0.0.201904181610/tools/bin/../lib/gcc/arm-none-eabi/7.3.1/../../../../arm-none-eabi/lib/thumb/v7e-m/fpv4-sp/hard/libc_nano.a(lib_a-memchr.o)
                0x0000000008000210                memchr
 .text          0x00000000080002b0       0x30 /Applications/STM32CubeIDE.app/Contents/Eclipse/plugins/com.st.stm32cube.ide.mcu.externaltools.gnu-tools-for-stm32.7-2018-q2-update.macos64_1.0.0.201904181610/tools/bin/../lib/gcc/arm-none-eabi/7.3.1/thumb/v7e-m/fpv4-sp/hard/libgcc.a(_aeabi_uldivmod.o)
                0x00000000080002b0                __aeabi_uldivmod
 .text          0x00000000080002e0      0x2cc /Applications/STM32CubeIDE.app/Contents/Eclipse/plugins/com.st.stm32cube.ide.mcu.externaltools.gnu-tools-for-stm32.7-2018-q2-update.macos64_1.0.0.201904181610/tools/bin/../lib/gcc/arm-none-eabi/7.3.1/thumb/v7e-m/fpv4-sp/hard/libgcc.a(_udivmoddi4.o)
                0x00000000080002e0                __udivmoddi4
 .text          0x00000000080005ac        0x4 /Applications/STM32CubeIDE.app/Contents/Eclipse/plugins/com.st.stm32cube.ide.mcu.externaltools.gnu-tools-for-stm32.7-2018-q2-update.macos64_1.0.0.201904181610/tools/bin/../lib/gcc/arm-none-eabi/7.3.1/thumb/v7e-m/fpv4-sp/hard/libgcc.a(_dvmd_tls.o)
                0x00000000080005ac                __aeabi_ldiv0
                0x00000000080005ac                __aeabi_idiv0
 *(.text*)
 .text.DMA_InterruptHandler
                0x00000000080005b0       0x9e Drivers/DMA/Src/stm32f4xx_dma.o
                0x00000000080005b0                DMA_InterruptHandler
 *fill*         0x000000000800064e        0x2 
 .text.I2C_PeripheralClkControl
                0x0000000008000650       0x64 Drivers/I2C/Src/stm32f4xx_hal_i2c.o
                0x0000000008000650                I2C_PeripheralClkControl
 .text.I2C_Init
                0x00000000080006b4       0xf4 Drivers/I2C/Src/stm32f4xx_hal_i2c.o
                0x00000000080006b4                I2C_Init
 .text.GetFlagStatus
                0x00000000080007a8       0x2a Drivers/I2C/Src/stm32f4xx_hal_i2c.o
                0x00000000080007a8                GetFlagStatus
 .text.I2C_GenerateStartCondition
                0x00000000080007d2       0x20 Drivers/I2C/Src/stm32f4xx_hal_i2c.o
 .text.I2C_GenerateStopCondition
                0x00000000080007f2       0x20 Drivers/I2C/Src/stm32f4xx_hal_i2c.o
 .text.I2C_WaitForCompletion
                0x0000000008000812       0x32 Drivers/I2C/Src/stm32f4xx_hal_i2c.o
 .text.I2C_WriteSlaveAddress
                0x0000000008000844       0x46 Drivers/I2C/Src/stm32f4xx_hal_i2c.o
 *fill*         0x000000000800088a        0x2 
 .text.I2C_ClearADDRFlag
                0x000000000800088c       0x54 Drivers/I2C/Src/stm32f4xx_hal_i2c.o
 .text.I2C_ControlAcking
                0x00000000080008e0       0x38 Drivers/I2C/Src/stm32f4xx_hal_i2c.o
 .text.HAL_I2C_StartInterrupt
                0x0000000008000918       0x70 Drivers/I2C/Src/stm32f4xx_hal_i2c.o
                0x0000000008000918                HAL_I2C_StartInterrupt
 .text.I2C1_EV_IRQHandler
                0x0000000008000988      0x1c0 Drivers/I2C/Src/stm32f4xx_hal_i2c.o
                0x0000000008000988                I2C1_EV_IRQHandler
 .text.I2C_HandleInterruptEvents
                0x0000000008000b48       0x40 Drivers/I2C/Src/stm32f4xx_hal_i2c.o
                0x0000000008000b48                I2C_HandleInterruptEvents
 .text.I2C1_ER_IRQHandler
                0x0000000008000b88       0xbc Drivers/I2C/Src/stm32f4xx_hal_i2c.o
                0x0000000008000b88                I2C1_ER_IRQHandler
 .text.I2C_TXE_Interrupt
                0x0000000008000c44       0x44 Drivers/I2C/Src/stm32f4xx_hal_i2c.o
                0x0000000008000c44                I2C_TXE_Interrupt
 .text.HAL_I2C_Master_Transmit
                0x0000000008000c88       0x82 Drivers/I2C/Src/stm32f4xx_hal_i2c.o
                0x0000000008000c88                HAL_I2C_Master_Transmit
 .text.HAL_I2C_Master_Receive
                0x0000000008000d0a      0x1ee Drivers/I2C/Src/stm32f4xx_hal_i2c.o
                0x0000000008000d0a                HAL_I2C_Master_Receive
 .text.I2C_StopTransmission
                0x0000000008000ef8       0x40 Drivers/I2C/Src/stm32f4xx_hal_i2c.o
 .text.I2C_SetCtrlBits
                0x0000000008000f38       0x3c Drivers/I2C/Src/stm32f4xx_hal_i2c.o
 .text.WaitTillTimeout
                0x0000000008000f74       0x2e Drivers/I2C/Src/stm32f4xx_hal_i2c.o
                0x0000000008000f74                WaitTillTimeout
 .text.concatData
                0x0000000008000fa2       0x78 Drivers/NRF24L01/Src/nrf24l01.o
                0x0000000008000fa2                concatData
 *fill*         0x000000000800101a        0x2 
 .text.nRF24_GPIO_Init
                0x000000000800101c       0x90 Drivers/NRF24L01/Src/nrf24l01.o
                0x000000000800101c                nRF24_GPIO_Init
 .text.nRF24_WriteRegisterX
                0x00000000080010ac       0xb8 Drivers/NRF24L01/Src/nrf24l01.o
                0x00000000080010ac                nRF24_WriteRegisterX
 .text.nRF24_SendCommand
                0x0000000008001164       0x4c Drivers/NRF24L01/Src/nrf24l01.o
                0x0000000008001164                nRF24_SendCommand
 .text.nRF24_ReadRegister
                0x00000000080011b0       0x44 Drivers/NRF24L01/Src/nrf24l01.o
                0x00000000080011b0                nRF24_ReadRegister
 .text.nRF24_ReadRegisterX
                0x00000000080011f4       0x62 Drivers/NRF24L01/Src/nrf24l01.o
                0x00000000080011f4                nRF24_ReadRegisterX
 *fill*         0x0000000008001256        0x2 
 .text.OutputToSerial
                0x0000000008001258      0x134 Drivers/NRF24L01/Src/nrf24l01.o
                0x0000000008001258                OutputToSerial
 .text.nRF24_PrintDetails
                0x000000000800138c      0x120 Drivers/NRF24L01/Src/nrf24l01.o
                0x000000000800138c                nRF24_PrintDetails
 .text.ReadStatusRegister
                0x00000000080014ac       0x38 Drivers/NRF24L01/Src/nrf24l01.o
                0x00000000080014ac                ReadStatusRegister
 .text.nRF24_SetTxAddress
                0x00000000080014e4       0x2c Drivers/NRF24L01/Src/nrf24l01.o
                0x00000000080014e4                nRF24_SetTxAddress
 .text.nRF24_SetRxAddress
                0x0000000008001510       0x68 Drivers/NRF24L01/Src/nrf24l01.o
                0x0000000008001510                nRF24_SetRxAddress
 .text.nRF24_EnableRxDataPipes
                0x0000000008001578       0x2c Drivers/NRF24L01/Src/nrf24l01.o
                0x0000000008001578                nRF24_EnableRxDataPipes
 .text.nRF24_SetAddressFieldWidth
                0x00000000080015a4       0x30 Drivers/NRF24L01/Src/nrf24l01.o
                0x00000000080015a4                nRF24_SetAddressFieldWidth
 .text.nRF24_SetDataRate
                0x00000000080015d4       0x7c Drivers/NRF24L01/Src/nrf24l01.o
                0x00000000080015d4                nRF24_SetDataRate
 .text.nRF24_DisableIRQ
                0x0000000008001650       0x58 Drivers/NRF24L01/Src/nrf24l01.o
                0x0000000008001650                nRF24_DisableIRQ
 .text.nRF24_FlushTX
                0x00000000080016a8       0x2c Drivers/NRF24L01/Src/nrf24l01.o
                0x00000000080016a8                nRF24_FlushTX
 .text.nRF24_Reset
                0x00000000080016d4      0x220 Drivers/NRF24L01/Src/nrf24l01.o
                0x00000000080016d4                nRF24_Reset
 .text.nRF24_EnableDynamicPayload
                0x00000000080018f4       0x74 Drivers/NRF24L01/Src/nrf24l01.o
                0x00000000080018f4                nRF24_EnableDynamicPayload
 .text.nRF24_PowerUp
                0x0000000008001968       0x50 Drivers/NRF24L01/Src/nrf24l01.o
                0x0000000008001968                nRF24_PowerUp
 .text.nRF24_Initialization
                0x00000000080019b8       0x94 Drivers/NRF24L01/Src/nrf24l01.o
                0x00000000080019b8                nRF24_Initialization
 .text.nRF24_SetChannel
                0x0000000008001a4c       0x4c Drivers/NRF24L01/Src/nrf24l01.o
                0x0000000008001a4c                nRF24_SetChannel
 .text.nRF24_SetPayloadWidth
                0x0000000008001a98       0x50 Drivers/NRF24L01/Src/nrf24l01.o
                0x0000000008001a98                nRF24_SetPayloadWidth
 .text.nRF24_IRQHandler
                0x0000000008001ae8       0x44 Drivers/NRF24L01/Src/nrf24l01.o
                0x0000000008001ae8                nRF24_IRQHandler
 .text.nRF24_ReadFifo
                0x0000000008001b2c       0x58 Drivers/NRF24L01/Src/nrf24l01.o
                0x0000000008001b2c                nRF24_ReadFifo
 .text.nRF24_TransmitPayload
                0x0000000008001b84       0xd8 Drivers/NRF24L01/Src/nrf24l01.o
                0x0000000008001b84                nRF24_TransmitPayload
 .text.nRF24_EnablePayloadWithAck
                0x0000000008001c5c       0x5c Drivers/NRF24L01/Src/nrf24l01.o
                0x0000000008001c5c                nRF24_EnablePayloadWithAck
 .text.nRF24_DisableAutoAck
                0x0000000008001cb8       0x94 Drivers/NRF24L01/Src/nrf24l01.o
                0x0000000008001cb8                nRF24_DisableAutoAck
 .text.nRF24_SetConfigureRegister
                0x0000000008001d4c       0x80 Drivers/NRF24L01/Src/nrf24l01.o
                0x0000000008001d4c                nRF24_SetConfigureRegister
 .text.HAL_Init
                0x0000000008001dcc       0x44 Drivers/STM32F4xx_HAL_Driver/Src/stm32f4xx_hal.o
                0x0000000008001dcc                HAL_Init
 .text.HAL_InitTick
                0x0000000008001e10       0x60 Drivers/STM32F4xx_HAL_Driver/Src/stm32f4xx_hal.o
                0x0000000008001e10                HAL_InitTick
 .text.HAL_IncTick
                0x0000000008001e70       0x28 Drivers/STM32F4xx_HAL_Driver/Src/stm32f4xx_hal.o
                0x0000000008001e70                HAL_IncTick
 .text.HAL_GetTick
                0x0000000008001e98       0x18 Drivers/STM32F4xx_HAL_Driver/Src/stm32f4xx_hal.o
                0x0000000008001e98                HAL_GetTick
 .text.__NVIC_SetPriorityGrouping
                0x0000000008001eb0       0x48 Drivers/STM32F4xx_HAL_Driver/Src/stm32f4xx_hal_cortex.o
 .text.__NVIC_GetPriorityGrouping
                0x0000000008001ef8       0x1c Drivers/STM32F4xx_HAL_Driver/Src/stm32f4xx_hal_cortex.o
 .text.__NVIC_EnableIRQ
                0x0000000008001f14       0x3c Drivers/STM32F4xx_HAL_Driver/Src/stm32f4xx_hal_cortex.o
 .text.__NVIC_SetPriority
                0x0000000008001f50       0x54 Drivers/STM32F4xx_HAL_Driver/Src/stm32f4xx_hal_cortex.o
 .text.NVIC_EncodePriority
                0x0000000008001fa4       0x66 Drivers/STM32F4xx_HAL_Driver/Src/stm32f4xx_hal_cortex.o
 *fill*         0x000000000800200a        0x2 
 .text.SysTick_Config
                0x000000000800200c       0x44 Drivers/STM32F4xx_HAL_Driver/Src/stm32f4xx_hal_cortex.o
 .text.HAL_NVIC_SetPriorityGrouping
                0x0000000008002050       0x16 Drivers/STM32F4xx_HAL_Driver/Src/stm32f4xx_hal_cortex.o
                0x0000000008002050                HAL_NVIC_SetPriorityGrouping
 .text.HAL_NVIC_SetPriority
                0x0000000008002066       0x38 Drivers/STM32F4xx_HAL_Driver/Src/stm32f4xx_hal_cortex.o
                0x0000000008002066                HAL_NVIC_SetPriority
 .text.HAL_NVIC_EnableIRQ
                0x000000000800209e       0x1c Drivers/STM32F4xx_HAL_Driver/Src/stm32f4xx_hal_cortex.o
                0x000000000800209e                HAL_NVIC_EnableIRQ
 .text.HAL_SYSTICK_Config
                0x00000000080020ba       0x18 Drivers/STM32F4xx_HAL_Driver/Src/stm32f4xx_hal_cortex.o
                0x00000000080020ba                HAL_SYSTICK_Config
 *fill*         0x00000000080020d2        0x2 
 .text.HAL_GPIO_Init
                0x00000000080020d4      0x304 Drivers/STM32F4xx_HAL_Driver/Src/stm32f4xx_hal_gpio.o
                0x00000000080020d4                HAL_GPIO_Init
 .text.HAL_GPIO_ReadPin
                0x00000000080023d8       0x30 Drivers/STM32F4xx_HAL_Driver/Src/stm32f4xx_hal_gpio.o
                0x00000000080023d8                HAL_GPIO_ReadPin
 .text.HAL_GPIO_WritePin
                0x0000000008002408       0x32 Drivers/STM32F4xx_HAL_Driver/Src/stm32f4xx_hal_gpio.o
                0x0000000008002408                HAL_GPIO_WritePin
 .text.HAL_GPIO_TogglePin
                0x000000000800243a       0x36 Drivers/STM32F4xx_HAL_Driver/Src/stm32f4xx_hal_gpio.o
                0x000000000800243a                HAL_GPIO_TogglePin
 .text.HAL_RCC_OscConfig
                0x0000000008002470      0x4e0 Drivers/STM32F4xx_HAL_Driver/Src/stm32f4xx_hal_rcc.o
                0x0000000008002470                HAL_RCC_OscConfig
 .text.HAL_RCC_ClockConfig
                0x0000000008002950      0x1cc Drivers/STM32F4xx_HAL_Driver/Src/stm32f4xx_hal_rcc.o
                0x0000000008002950                HAL_RCC_ClockConfig
 .text.HAL_RCC_GetSysClockFreq
                0x0000000008002b1c      0x164 Drivers/STM32F4xx_HAL_Driver/Src/stm32f4xx_hal_rcc.o
                0x0000000008002b1c                HAL_RCC_GetSysClockFreq
 .text.HAL_RCC_GetHCLKFreq
                0x0000000008002c80       0x18 Drivers/STM32F4xx_HAL_Driver/Src/stm32f4xx_hal_rcc.o
                0x0000000008002c80                HAL_RCC_GetHCLKFreq
 .text.HAL_RCC_GetPCLK2Freq
                0x0000000008002c98       0x28 Drivers/STM32F4xx_HAL_Driver/Src/stm32f4xx_hal_rcc.o
                0x0000000008002c98                HAL_RCC_GetPCLK2Freq
 .text.HAL_SPI_Init
                0x0000000008002cc0       0xc8 Drivers/STM32F4xx_HAL_Driver/Src/stm32f4xx_hal_spi.o
                0x0000000008002cc0                HAL_SPI_Init
 .text.HAL_SPI_MspInit
                0x0000000008002d88       0x14 Drivers/STM32F4xx_HAL_Driver/Src/stm32f4xx_hal_spi.o
                0x0000000008002d88                HAL_SPI_MspInit
 .text.HAL_SPI_TransmitReceive
                0x0000000008002d9c      0x344 Drivers/STM32F4xx_HAL_Driver/Src/stm32f4xx_hal_spi.o
                0x0000000008002d9c                HAL_SPI_TransmitReceive
 .text.HAL_SPI_IRQHandler
                0x00000000080030e0      0x1c4 Drivers/STM32F4xx_HAL_Driver/Src/stm32f4xx_hal_spi.o
                0x00000000080030e0                HAL_SPI_IRQHandler
 .text.HAL_SPI_ErrorCallback
                0x00000000080032a4       0x14 Drivers/STM32F4xx_HAL_Driver/Src/stm32f4xx_hal_spi.o
                0x00000000080032a4                HAL_SPI_ErrorCallback
 .text.SPI_DMAAbortOnError
                0x00000000080032b8       0x28 Drivers/STM32F4xx_HAL_Driver/Src/stm32f4xx_hal_spi.o
 .text.SPI_WaitFlagStateUntilTimeout
                0x00000000080032e0       0xd4 Drivers/STM32F4xx_HAL_Driver/Src/stm32f4xx_hal_spi.o
 .text.SPI_EndRxTxTransaction
                0x00000000080033b4       0x84 Drivers/STM32F4xx_HAL_Driver/Src/stm32f4xx_hal_spi.o
 .text.GetPCLK  0x0000000008003438       0x18 Drivers/USART /Src/stm32f4xx_hal_usart.o
                0x0000000008003438                GetPCLK
 .text.USART_EnablePeripheralClk
                0x0000000008003450       0x64 Drivers/USART /Src/stm32f4xx_hal_usart.o
 .text.USART_TransmitData
                0x00000000080034b4       0x40 Drivers/USART /Src/stm32f4xx_hal_usart.o
                0x00000000080034b4                USART_TransmitData
 .text.USART_RxData
                0x00000000080034f4       0x54 Drivers/USART /Src/stm32f4xx_hal_usart.o
                0x00000000080034f4                USART_RxData
 .text.USART2_IRQHandler
                0x0000000008003548      0x130 Drivers/USART /Src/stm32f4xx_hal_usart.o
                0x0000000008003548                USART2_IRQHandler
 .text.USART_CloseTransmission
                0x0000000008003678       0x54 Drivers/USART /Src/stm32f4xx_hal_usart.o
 .text.USART_Initization
                0x00000000080036cc      0x17c Drivers/USART /Src/stm32f4xx_hal_usart.o
                0x00000000080036cc                USART_Initization
 .text.I2C_Initilization
                0x0000000008003848       0x30 Src/main.o
                0x0000000008003848                I2C_Initilization
 .text.USART_Init
                0x0000000008003878       0x9c Src/main.o
                0x0000000008003878                USART_Init
 .text.SPI_Init
                0x0000000008003914       0x5c Src/main.o
                0x0000000008003914                SPI_Init
 .text.nRF24_Init
                0x0000000008003970       0x38 Src/main.o
                0x0000000008003970                nRF24_Init
 .text.main     0x00000000080039a8      0x11c Src/main.o
                0x00000000080039a8                main
 .text.SystemClock_Config
                0x0000000008003ac4       0xc0 Src/main.o
                0x0000000008003ac4                SystemClock_Config
 .text.MX_GPIO_Init
                0x0000000008003b84      0x164 Src/main.o
 .text.Error_Handler
                0x0000000008003ce8        0xe Src/main.o
                0x0000000008003ce8                Error_Handler
 .text.ProcessData
                0x0000000008003cf6       0x7e Src/mcp9808.o
                0x0000000008003cf6                ProcessData
 .text._ReadTemperature_IT
                0x0000000008003d74       0x9c Src/mcp9808.o
 .text._ReadTemperature
                0x0000000008003e10       0x70 Src/mcp9808.o
 .text.GetTemperature
                0x0000000008003e80       0x2e Src/mcp9808.o
                0x0000000008003e80                GetTemperature
 *fill*         0x0000000008003eae        0x2 
 .text.HAL_MspInit
                0x0000000008003eb0       0x50 Src/stm32f4xx_hal_msp.o
                0x0000000008003eb0                HAL_MspInit
 .text.NMI_Handler
                0x0000000008003f00        0xe Src/stm32f4xx_it.o
                0x0000000008003f00                NMI_Handler
 .text.HardFault_Handler
                0x0000000008003f0e        0x6 Src/stm32f4xx_it.o
                0x0000000008003f0e                HardFault_Handler
 .text.MemManage_Handler
                0x0000000008003f14        0x6 Src/stm32f4xx_it.o
                0x0000000008003f14                MemManage_Handler
 .text.BusFault_Handler
                0x0000000008003f1a        0x6 Src/stm32f4xx_it.o
                0x0000000008003f1a                BusFault_Handler
 .text.UsageFault_Handler
                0x0000000008003f20        0x6 Src/stm32f4xx_it.o
                0x0000000008003f20                UsageFault_Handler
 .text.SVC_Handler
                0x0000000008003f26        0xe Src/stm32f4xx_it.o
                0x0000000008003f26                SVC_Handler
 .text.DebugMon_Handler
                0x0000000008003f34        0xe Src/stm32f4xx_it.o
                0x0000000008003f34                DebugMon_Handler
 .text.PendSV_Handler
                0x0000000008003f42        0xe Src/stm32f4xx_it.o
                0x0000000008003f42                PendSV_Handler
 .text.DMA1_Stream5_IRQHandler
                0x0000000008003f50       0x14 Src/stm32f4xx_it.o
                0x0000000008003f50                DMA1_Stream5_IRQHandler
 .text.DMA1_Stream6_IRQHandler
                0x0000000008003f64       0x14 Src/stm32f4xx_it.o
                0x0000000008003f64                DMA1_Stream6_IRQHandler
 .text.SPI2_IRQHandler
                0x0000000008003f78       0x18 Src/stm32f4xx_it.o
                0x0000000008003f78                SPI2_IRQHandler
 .text.EXTI9_5_IRQHandler
                0x0000000008003f90       0x14 Src/stm32f4xx_it.o
                0x0000000008003f90                EXTI9_5_IRQHandler
 .text.EXTI15_10_IRQHandler
                0x0000000008003fa4       0x40 Src/stm32f4xx_it.o
                0x0000000008003fa4                EXTI15_10_IRQHandler
 .text.SysTick_Handler
                0x0000000008003fe4        0xc Src/stm32f4xx_it.o
                0x0000000008003fe4                SysTick_Handler
 .text.ITM_SendChar
                0x0000000008003ff0       0x50 Src/syscalls.o
                0x0000000008003ff0                ITM_SendChar
 .text._read    0x0000000008004040       0x3a Src/syscalls.o
                0x0000000008004040                _read
 .text._write   0x000000000800407a       0x38 Src/syscalls.o
                0x000000000800407a                _write
 .text._close   0x00000000080040b2       0x18 Src/syscalls.o
                0x00000000080040b2                _close
 .text._fstat   0x00000000080040ca       0x20 Src/syscalls.o
                0x00000000080040ca                _fstat
 .text._isatty  0x00000000080040ea       0x16 Src/syscalls.o
                0x00000000080040ea                _isatty
 .text._lseek   0x0000000008004100       0x1a Src/syscalls.o
                0x0000000008004100                _lseek
 *fill*         0x000000000800411a        0x2 
 .text._sbrk    0x000000000800411c       0x58 Src/sysmem.o
                0x000000000800411c                _sbrk
 .text.SystemInit
                0x0000000008004174       0x2c Src/system_stm32f4xx.o
                0x0000000008004174                SystemInit
 .text.SendSerialData
                0x00000000080041a0       0x86 Src/usart_app.o
                0x00000000080041a0                SendSerialData
 *fill*         0x0000000008004226        0x2 
 .text.ExecuteSerialData
                0x0000000008004228       0xfc Src/usart_app.o
                0x0000000008004228                ExecuteSerialData
 .text.USART_EnableRxInterrupts
                0x0000000008004324        0xe Src/usart_app.o
                0x0000000008004324                USART_EnableRxInterrupts
 .text.SerialRead
                0x0000000008004332      0x114 Src/usart_app.o
                0x0000000008004332                SerialRead
 *fill*         0x0000000008004446        0x2 
 .text.Reset_Handler
                0x0000000008004448       0x50 Startup/startup_stm32f401retx.o
                0x0000000008004448                Reset_Handler
 .text.Default_Handler
                0x0000000008004498        0x2 Startup/startup_stm32f401retx.o
                0x0000000008004498                DMA1_Stream3_IRQHandler
                0x0000000008004498                EXTI2_IRQHandler
                0x0000000008004498                SPI4_IRQHandler
                0x0000000008004498                TIM1_CC_IRQHandler
                0x0000000008004498                DMA2_Stream5_IRQHandler
                0x0000000008004498                PVD_IRQHandler
                0x0000000008004498                SDIO_IRQHandler
                0x0000000008004498                TAMP_STAMP_IRQHandler
                0x0000000008004498                EXTI3_IRQHandler
                0x0000000008004498                TIM1_UP_TIM10_IRQHandler
                0x0000000008004498                I2C3_ER_IRQHandler
                0x0000000008004498                EXTI0_IRQHandler
                0x0000000008004498                I2C2_EV_IRQHandler
                0x0000000008004498                DMA1_Stream2_IRQHandler
                0x0000000008004498                FPU_IRQHandler
                0x0000000008004498                DMA2_Stream2_IRQHandler
                0x0000000008004498                SPI1_IRQHandler
                0x0000000008004498                TIM1_BRK_TIM9_IRQHandler
                0x0000000008004498                DMA2_Stream3_IRQHandler
                0x0000000008004498                USART6_IRQHandler
                0x0000000008004498                DMA2_Stream0_IRQHandler
                0x0000000008004498                TIM4_IRQHandler
                0x0000000008004498                DMA1_Stream1_IRQHandler
                0x0000000008004498                TIM3_IRQHandler
                0x0000000008004498                RCC_IRQHandler
                0x0000000008004498                Default_Handler
                0x0000000008004498                ADC_IRQHandler
                0x0000000008004498                DMA1_Stream7_IRQHandler
                0x0000000008004498                TIM5_IRQHandler
                0x0000000008004498                DMA2_Stream7_IRQHandler
                0x0000000008004498                I2C3_EV_IRQHandler
                0x0000000008004498                RTC_WKUP_IRQHandler
                0x0000000008004498                DMA1_Stream0_IRQHandler
                0x0000000008004498                EXTI4_IRQHandler
                0x0000000008004498                WWDG_IRQHandler
                0x0000000008004498                TIM2_IRQHandler
                0x0000000008004498                OTG_FS_WKUP_IRQHandler
                0x0000000008004498                TIM1_TRG_COM_TIM11_IRQHandler
                0x0000000008004498                EXTI1_IRQHandler
                0x0000000008004498                I2C2_ER_IRQHandler
                0x0000000008004498                DMA2_Stream1_IRQHandler
                0x0000000008004498                FLASH_IRQHandler
                0x0000000008004498                DMA2_Stream4_IRQHandler
                0x0000000008004498                USART1_IRQHandler
                0x0000000008004498                OTG_FS_IRQHandler
                0x0000000008004498                SPI3_IRQHandler
                0x0000000008004498                DMA1_Stream4_IRQHandler
                0x0000000008004498                DMA2_Stream6_IRQHandler
                0x0000000008004498                RTC_Alarm_IRQHandler
 *fill*         0x000000000800449a        0x2 
 .text.__errno  0x000000000800449c        0xc /Applications/STM32CubeIDE.app/Contents/Eclipse/plugins/com.st.stm32cube.ide.mcu.externaltools.gnu-tools-for-stm32.7-2018-q2-update.macos64_1.0.0.201904181610/tools/bin/../lib/gcc/arm-none-eabi/7.3.1/../../../../arm-none-eabi/lib/thumb/v7e-m/fpv4-sp/hard/libc_nano.a(lib_a-errno.o)
                0x000000000800449c                __errno
 .text.__libc_init_array
                0x00000000080044a8       0x48 /Applications/STM32CubeIDE.app/Contents/Eclipse/plugins/com.st.stm32cube.ide.mcu.externaltools.gnu-tools-for-stm32.7-2018-q2-update.macos64_1.0.0.201904181610/tools/bin/../lib/gcc/arm-none-eabi/7.3.1/../../../../arm-none-eabi/lib/thumb/v7e-m/fpv4-sp/hard/libc_nano.a(lib_a-init.o)
                0x00000000080044a8                __libc_init_array
 .text.memcpy   0x00000000080044f0       0x16 /Applications/STM32CubeIDE.app/Contents/Eclipse/plugins/com.st.stm32cube.ide.mcu.externaltools.gnu-tools-for-stm32.7-2018-q2-update.macos64_1.0.0.201904181610/tools/bin/../lib/gcc/arm-none-eabi/7.3.1/../../../../arm-none-eabi/lib/thumb/v7e-m/fpv4-sp/hard/libc_nano.a(lib_a-memcpy-stub.o)
                0x00000000080044f0                memcpy
 .text.memset   0x0000000008004506       0x10 /Applications/STM32CubeIDE.app/Contents/Eclipse/plugins/com.st.stm32cube.ide.mcu.externaltools.gnu-tools-for-stm32.7-2018-q2-update.macos64_1.0.0.201904181610/tools/bin/../lib/gcc/arm-none-eabi/7.3.1/../../../../arm-none-eabi/lib/thumb/v7e-m/fpv4-sp/hard/libc_nano.a(lib_a-memset.o)
                0x0000000008004506                memset
 *fill*         0x0000000008004516        0x2 
 .text.printf   0x0000000008004518       0x30 /Applications/STM32CubeIDE.app/Contents/Eclipse/plugins/com.st.stm32cube.ide.mcu.externaltools.gnu-tools-for-stm32.7-2018-q2-update.macos64_1.0.0.201904181610/tools/bin/../lib/gcc/arm-none-eabi/7.3.1/../../../../arm-none-eabi/lib/thumb/v7e-m/fpv4-sp/hard/libc_nano.a(lib_a-printf.o)
                0x0000000008004518                printf
                0x0000000008004518                iprintf
 .text.putchar  0x0000000008004548       0x28 /Applications/STM32CubeIDE.app/Contents/Eclipse/plugins/com.st.stm32cube.ide.mcu.externaltools.gnu-tools-for-stm32.7-2018-q2-update.macos64_1.0.0.201904181610/tools/bin/../lib/gcc/arm-none-eabi/7.3.1/../../../../arm-none-eabi/lib/thumb/v7e-m/fpv4-sp/hard/libc_nano.a(lib_a-putchar.o)
                0x0000000008004548                putchar
 .text._puts_r  0x0000000008004570       0xb8 /Applications/STM32CubeIDE.app/Contents/Eclipse/plugins/com.st.stm32cube.ide.mcu.externaltools.gnu-tools-for-stm32.7-2018-q2-update.macos64_1.0.0.201904181610/tools/bin/../lib/gcc/arm-none-eabi/7.3.1/../../../../arm-none-eabi/lib/thumb/v7e-m/fpv4-sp/hard/libc_nano.a(lib_a-puts.o)
                0x0000000008004570                _puts_r
 .text.puts     0x0000000008004628       0x10 /Applications/STM32CubeIDE.app/Contents/Eclipse/plugins/com.st.stm32cube.ide.mcu.externaltools.gnu-tools-for-stm32.7-2018-q2-update.macos64_1.0.0.201904181610/tools/bin/../lib/gcc/arm-none-eabi/7.3.1/../../../../arm-none-eabi/lib/thumb/v7e-m/fpv4-sp/hard/libc_nano.a(lib_a-puts.o)
                0x0000000008004628                puts
 .text.sprintf  0x0000000008004638       0x40 /Applications/STM32CubeIDE.app/Contents/Eclipse/plugins/com.st.stm32cube.ide.mcu.externaltools.gnu-tools-for-stm32.7-2018-q2-update.macos64_1.0.0.201904181610/tools/bin/../lib/gcc/arm-none-eabi/7.3.1/../../../../arm-none-eabi/lib/thumb/v7e-m/fpv4-sp/hard/libc_nano.a(lib_a-sprintf.o)
                0x0000000008004638                sprintf
                0x0000000008004638                siprintf
 .text.strchr   0x0000000008004678       0x1a /Applications/STM32CubeIDE.app/Contents/Eclipse/plugins/com.st.stm32cube.ide.mcu.externaltools.gnu-tools-for-stm32.7-2018-q2-update.macos64_1.0.0.201904181610/tools/bin/../lib/gcc/arm-none-eabi/7.3.1/../../../../arm-none-eabi/lib/thumb/v7e-m/fpv4-sp/hard/libc_nano.a(lib_a-strchr.o)
                0x0000000008004678                strchr
 .text.strcpy   0x0000000008004692       0x10 /Applications/STM32CubeIDE.app/Contents/Eclipse/plugins/com.st.stm32cube.ide.mcu.externaltools.gnu-tools-for-stm32.7-2018-q2-update.macos64_1.0.0.201904181610/tools/bin/../lib/gcc/arm-none-eabi/7.3.1/../../../../arm-none-eabi/lib/thumb/v7e-m/fpv4-sp/hard/libc_nano.a(lib_a-strcpy.o)
                0x0000000008004692                strcpy
 *fill*         0x00000000080046a2        0x2 
 .text._vsprintf_r
                0x00000000080046a4       0x2c /Applications/STM32CubeIDE.app/Contents/Eclipse/plugins/com.st.stm32cube.ide.mcu.externaltools.gnu-tools-for-stm32.7-2018-q2-update.macos64_1.0.0.201904181610/tools/bin/../lib/gcc/arm-none-eabi/7.3.1/../../../../arm-none-eabi/lib/thumb/v7e-m/fpv4-sp/hard/libc_nano.a(lib_a-vsprintf.o)
                0x00000000080046a4                _vsiprintf_r
                0x00000000080046a4                _vsprintf_r
 .text.vsprintf
                0x00000000080046d0       0x14 /Applications/STM32CubeIDE.app/Contents/Eclipse/plugins/com.st.stm32cube.ide.mcu.externaltools.gnu-tools-for-stm32.7-2018-q2-update.macos64_1.0.0.201904181610/tools/bin/../lib/gcc/arm-none-eabi/7.3.1/../../../../arm-none-eabi/lib/thumb/v7e-m/fpv4-sp/hard/libc_nano.a(lib_a-vsprintf.o)
                0x00000000080046d0                vsprintf
                0x00000000080046d0                vsiprintf
 .text.__swbuf_r
                0x00000000080046e4       0xa4 /Applications/STM32CubeIDE.app/Contents/Eclipse/plugins/com.st.stm32cube.ide.mcu.externaltools.gnu-tools-for-stm32.7-2018-q2-update.macos64_1.0.0.201904181610/tools/bin/../lib/gcc/arm-none-eabi/7.3.1/../../../../arm-none-eabi/lib/thumb/v7e-m/fpv4-sp/hard/libc_nano.a(lib_a-wbuf.o)
                0x00000000080046e4                __swbuf_r
 .text.__swsetup_r
                0x0000000008004788       0xdc /Applications/STM32CubeIDE.app/Contents/Eclipse/plugins/com.st.stm32cube.ide.mcu.externaltools.gnu-tools-for-stm32.7-2018-q2-update.macos64_1.0.0.201904181610/tools/bin/../lib/gcc/arm-none-eabi/7.3.1/../../../../arm-none-eabi/lib/thumb/v7e-m/fpv4-sp/hard/libc_nano.a(lib_a-wsetup.o)
                0x0000000008004788                __swsetup_r
 .text.__sflush_r
                0x0000000008004864      0x10c /Applications/STM32CubeIDE.app/Contents/Eclipse/plugins/com.st.stm32cube.ide.mcu.externaltools.gnu-tools-for-stm32.7-2018-q2-update.macos64_1.0.0.201904181610/tools/bin/../lib/gcc/arm-none-eabi/7.3.1/../../../../arm-none-eabi/lib/thumb/v7e-m/fpv4-sp/hard/libc_nano.a(lib_a-fflush.o)
                0x0000000008004864                __sflush_r
 .text._fflush_r
                0x0000000008004970       0x54 /Applications/STM32CubeIDE.app/Contents/Eclipse/plugins/com.st.stm32cube.ide.mcu.externaltools.gnu-tools-for-stm32.7-2018-q2-update.macos64_1.0.0.201904181610/tools/bin/../lib/gcc/arm-none-eabi/7.3.1/../../../../arm-none-eabi/lib/thumb/v7e-m/fpv4-sp/hard/libc_nano.a(lib_a-fflush.o)
                0x0000000008004970                _fflush_r
 .text.std      0x00000000080049c4       0x48 /Applications/STM32CubeIDE.app/Contents/Eclipse/plugins/com.st.stm32cube.ide.mcu.externaltools.gnu-tools-for-stm32.7-2018-q2-update.macos64_1.0.0.201904181610/tools/bin/../lib/gcc/arm-none-eabi/7.3.1/../../../../arm-none-eabi/lib/thumb/v7e-m/fpv4-sp/hard/libc_nano.a(lib_a-findfp.o)
 .text._cleanup_r
                0x0000000008004a0c        0xc /Applications/STM32CubeIDE.app/Contents/Eclipse/plugins/com.st.stm32cube.ide.mcu.externaltools.gnu-tools-for-stm32.7-2018-q2-update.macos64_1.0.0.201904181610/tools/bin/../lib/gcc/arm-none-eabi/7.3.1/../../../../arm-none-eabi/lib/thumb/v7e-m/fpv4-sp/hard/libc_nano.a(lib_a-findfp.o)
                0x0000000008004a0c                _cleanup_r
 .text.__sfmoreglue
                0x0000000008004a18       0x2c /Applications/STM32CubeIDE.app/Contents/Eclipse/plugins/com.st.stm32cube.ide.mcu.externaltools.gnu-tools-for-stm32.7-2018-q2-update.macos64_1.0.0.201904181610/tools/bin/../lib/gcc/arm-none-eabi/7.3.1/../../../../arm-none-eabi/lib/thumb/v7e-m/fpv4-sp/hard/libc_nano.a(lib_a-findfp.o)
                0x0000000008004a18                __sfmoreglue
 .text.__sinit  0x0000000008004a44       0x60 /Applications/STM32CubeIDE.app/Contents/Eclipse/plugins/com.st.stm32cube.ide.mcu.externaltools.gnu-tools-for-stm32.7-2018-q2-update.macos64_1.0.0.201904181610/tools/bin/../lib/gcc/arm-none-eabi/7.3.1/../../../../arm-none-eabi/lib/thumb/v7e-m/fpv4-sp/hard/libc_nano.a(lib_a-findfp.o)
                0x0000000008004a44                __sinit
 .text.__sfp    0x0000000008004aa4       0x78 /Applications/STM32CubeIDE.app/Contents/Eclipse/plugins/com.st.stm32cube.ide.mcu.externaltools.gnu-tools-for-stm32.7-2018-q2-update.macos64_1.0.0.201904181610/tools/bin/../lib/gcc/arm-none-eabi/7.3.1/../../../../arm-none-eabi/lib/thumb/v7e-m/fpv4-sp/hard/libc_nano.a(lib_a-findfp.o)
                0x0000000008004aa4                __sfp
 .text._fwalk_reent
                0x0000000008004b1c       0x3c /Applications/STM32CubeIDE.app/Contents/Eclipse/plugins/com.st.stm32cube.ide.mcu.externaltools.gnu-tools-for-stm32.7-2018-q2-update.macos64_1.0.0.201904181610/tools/bin/../lib/gcc/arm-none-eabi/7.3.1/../../../../arm-none-eabi/lib/thumb/v7e-m/fpv4-sp/hard/libc_nano.a(lib_a-fwalk.o)
                0x0000000008004b1c                _fwalk_reent
 .text.__swhatbuf_r
                0x0000000008004b58       0x48 /Applications/STM32CubeIDE.app/Contents/Eclipse/plugins/com.st.stm32cube.ide.mcu.externaltools.gnu-tools-for-stm32.7-2018-q2-update.macos64_1.0.0.201904181610/tools/bin/../lib/gcc/arm-none-eabi/7.3.1/../../../../arm-none-eabi/lib/thumb/v7e-m/fpv4-sp/hard/libc_nano.a(lib_a-makebuf.o)
                0x0000000008004b58                __swhatbuf_r
 .text.__smakebuf_r
                0x0000000008004ba0       0x80 /Applications/STM32CubeIDE.app/Contents/Eclipse/plugins/com.st.stm32cube.ide.mcu.externaltools.gnu-tools-for-stm32.7-2018-q2-update.macos64_1.0.0.201904181610/tools/bin/../lib/gcc/arm-none-eabi/7.3.1/../../../../arm-none-eabi/lib/thumb/v7e-m/fpv4-sp/hard/libc_nano.a(lib_a-makebuf.o)
                0x0000000008004ba0                __smakebuf_r
 .text._free_r  0x0000000008004c20       0x9c /Applications/STM32CubeIDE.app/Contents/Eclipse/plugins/com.st.stm32cube.ide.mcu.externaltools.gnu-tools-for-stm32.7-2018-q2-update.macos64_1.0.0.201904181610/tools/bin/../lib/gcc/arm-none-eabi/7.3.1/../../../../arm-none-eabi/lib/thumb/v7e-m/fpv4-sp/hard/libc_nano.a(lib_a-nano-freer.o)
                0x0000000008004c20                _free_r
 .text._malloc_r
                0x0000000008004cbc       0xb4 /Applications/STM32CubeIDE.app/Contents/Eclipse/plugins/com.st.stm32cube.ide.mcu.externaltools.gnu-tools-for-stm32.7-2018-q2-update.macos64_1.0.0.201904181610/tools/bin/../lib/gcc/arm-none-eabi/7.3.1/../../../../arm-none-eabi/lib/thumb/v7e-m/fpv4-sp/hard/libc_nano.a(lib_a-nano-mallocr.o)
                0x0000000008004cbc                _malloc_r
 .text.__ssputs_r
                0x0000000008004d70       0xb4 /Applications/STM32CubeIDE.app/Contents/Eclipse/plugins/com.st.stm32cube.ide.mcu.externaltools.gnu-tools-for-stm32.7-2018-q2-update.macos64_1.0.0.201904181610/tools/bin/../lib/gcc/arm-none-eabi/7.3.1/../../../../arm-none-eabi/lib/thumb/v7e-m/fpv4-sp/hard/libc_nano.a(lib_a-nano-svfprintf.o)
                0x0000000008004d70                __ssputs_r
 .text._svfprintf_r
                0x0000000008004e24      0x1f0 /Applications/STM32CubeIDE.app/Contents/Eclipse/plugins/com.st.stm32cube.ide.mcu.externaltools.gnu-tools-for-stm32.7-2018-q2-update.macos64_1.0.0.201904181610/tools/bin/../lib/gcc/arm-none-eabi/7.3.1/../../../../arm-none-eabi/lib/thumb/v7e-m/fpv4-sp/hard/libc_nano.a(lib_a-nano-svfprintf.o)
                0x0000000008004e24                _svfprintf_r
                0x0000000008004e24                _svfiprintf_r
 .text.__sfputc_r
                0x0000000008005014       0x2e /Applications/STM32CubeIDE.app/Contents/Eclipse/plugins/com.st.stm32cube.ide.mcu.externaltools.gnu-tools-for-stm32.7-2018-q2-update.macos64_1.0.0.201904181610/tools/bin/../lib/gcc/arm-none-eabi/7.3.1/../../../../arm-none-eabi/lib/thumb/v7e-m/fpv4-sp/hard/libc_nano.a(lib_a-nano-vfprintf.o)
 .text.__sfputs_r
                0x0000000008005042       0x24 /Applications/STM32CubeIDE.app/Contents/Eclipse/plugins/com.st.stm32cube.ide.mcu.externaltools.gnu-tools-for-stm32.7-2018-q2-update.macos64_1.0.0.201904181610/tools/bin/../lib/gcc/arm-none-eabi/7.3.1/../../../../arm-none-eabi/lib/thumb/v7e-m/fpv4-sp/hard/libc_nano.a(lib_a-nano-vfprintf.o)
                0x0000000008005042                __sfputs_r
 *fill*         0x0000000008005066        0x2 
 .text._vfprintf_r
                0x0000000008005068      0x22c /Applications/STM32CubeIDE.app/Contents/Eclipse/plugins/com.st.stm32cube.ide.mcu.externaltools.gnu-tools-for-stm32.7-2018-q2-update.macos64_1.0.0.201904181610/tools/bin/../lib/gcc/arm-none-eabi/7.3.1/../../../../arm-none-eabi/lib/thumb/v7e-m/fpv4-sp/hard/libc_nano.a(lib_a-nano-vfprintf.o)
                0x0000000008005068                _vfiprintf_r
                0x0000000008005068                _vfprintf_r
 .text._printf_common
                0x0000000008005294       0xea /Applications/STM32CubeIDE.app/Contents/Eclipse/plugins/com.st.stm32cube.ide.mcu.externaltools.gnu-tools-for-stm32.7-2018-q2-update.macos64_1.0.0.201904181610/tools/bin/../lib/gcc/arm-none-eabi/7.3.1/../../../../arm-none-eabi/lib/thumb/v7e-m/fpv4-sp/hard/libc_nano.a(lib_a-nano-vfprintf_i.o)
                0x0000000008005294                _printf_common
 *fill*         0x000000000800537e        0x2 
 .text._printf_i
                0x0000000008005380      0x224 /Applications/STM32CubeIDE.app/Contents/Eclipse/plugins/com.st.stm32cube.ide.mcu.externaltools.gnu-tools-for-stm32.7-2018-q2-update.macos64_1.0.0.201904181610/tools/bin/../lib/gcc/arm-none-eabi/7.3.1/../../../../arm-none-eabi/lib/thumb/v7e-m/fpv4-sp/hard/libc_nano.a(lib_a-nano-vfprintf_i.o)
                0x0000000008005380                _printf_i
 .text._putc_r  0x00000000080055a4       0x6c /Applications/STM32CubeIDE.app/Contents/Eclipse/plugins/com.st.stm32cube.ide.mcu.externaltools.gnu-tools-for-stm32.7-2018-q2-update.macos64_1.0.0.201904181610/tools/bin/../lib/gcc/arm-none-eabi/7.3.1/../../../../arm-none-eabi/lib/thumb/v7e-m/fpv4-sp/hard/libc_nano.a(lib_a-putc.o)
                0x00000000080055a4                _putc_r
 .text._sbrk_r  0x0000000008005610       0x20 /Applications/STM32CubeIDE.app/Contents/Eclipse/plugins/com.st.stm32cube.ide.mcu.externaltools.gnu-tools-for-stm32.7-2018-q2-update.macos64_1.0.0.201904181610/tools/bin/../lib/gcc/arm-none-eabi/7.3.1/../../../../arm-none-eabi/lib/thumb/v7e-m/fpv4-sp/hard/libc_nano.a(lib_a-sbrkr.o)
                0x0000000008005610                _sbrk_r
 .text.__sread  0x0000000008005630       0x22 /Applications/STM32CubeIDE.app/Contents/Eclipse/plugins/com.st.stm32cube.ide.mcu.externaltools.gnu-tools-for-stm32.7-2018-q2-update.macos64_1.0.0.201904181610/tools/bin/../lib/gcc/arm-none-eabi/7.3.1/../../../../arm-none-eabi/lib/thumb/v7e-m/fpv4-sp/hard/libc_nano.a(lib_a-stdio.o)
                0x0000000008005630                __sread
 .text.__swrite
                0x0000000008005652       0x38 /Applications/STM32CubeIDE.app/Contents/Eclipse/plugins/com.st.stm32cube.ide.mcu.externaltools.gnu-tools-for-stm32.7-2018-q2-update.macos64_1.0.0.201904181610/tools/bin/../lib/gcc/arm-none-eabi/7.3.1/../../../../arm-none-eabi/lib/thumb/v7e-m/fpv4-sp/hard/libc_nano.a(lib_a-stdio.o)
                0x0000000008005652                __swrite
 .text.__sseek  0x000000000800568a       0x24 /Applications/STM32CubeIDE.app/Contents/Eclipse/plugins/com.st.stm32cube.ide.mcu.externaltools.gnu-tools-for-stm32.7-2018-q2-update.macos64_1.0.0.201904181610/tools/bin/../lib/gcc/arm-none-eabi/7.3.1/../../../../arm-none-eabi/lib/thumb/v7e-m/fpv4-sp/hard/libc_nano.a(lib_a-stdio.o)
                0x000000000800568a                __sseek
 .text.__sclose
                0x00000000080056ae        0x8 /Applications/STM32CubeIDE.app/Contents/Eclipse/plugins/com.st.stm32cube.ide.mcu.externaltools.gnu-tools-for-stm32.7-2018-q2-update.macos64_1.0.0.201904181610/tools/bin/../lib/gcc/arm-none-eabi/7.3.1/../../../../arm-none-eabi/lib/thumb/v7e-m/fpv4-sp/hard/libc_nano.a(lib_a-stdio.o)
                0x00000000080056ae                __sclose
 *fill*         0x00000000080056b6        0x2 
 .text._write_r
                0x00000000080056b8       0x24 /Applications/STM32CubeIDE.app/Contents/Eclipse/plugins/com.st.stm32cube.ide.mcu.externaltools.gnu-tools-for-stm32.7-2018-q2-update.macos64_1.0.0.201904181610/tools/bin/../lib/gcc/arm-none-eabi/7.3.1/../../../../arm-none-eabi/lib/thumb/v7e-m/fpv4-sp/hard/libc_nano.a(lib_a-writer.o)
                0x00000000080056b8                _write_r
 .text._close_r
                0x00000000080056dc       0x20 /Applications/STM32CubeIDE.app/Contents/Eclipse/plugins/com.st.stm32cube.ide.mcu.externaltools.gnu-tools-for-stm32.7-2018-q2-update.macos64_1.0.0.201904181610/tools/bin/../lib/gcc/arm-none-eabi/7.3.1/../../../../arm-none-eabi/lib/thumb/v7e-m/fpv4-sp/hard/libc_nano.a(lib_a-closer.o)
                0x00000000080056dc                _close_r
 .text._fstat_r
                0x00000000080056fc       0x24 /Applications/STM32CubeIDE.app/Contents/Eclipse/plugins/com.st.stm32cube.ide.mcu.externaltools.gnu-tools-for-stm32.7-2018-q2-update.macos64_1.0.0.201904181610/tools/bin/../lib/gcc/arm-none-eabi/7.3.1/../../../../arm-none-eabi/lib/thumb/v7e-m/fpv4-sp/hard/libc_nano.a(lib_a-fstatr.o)
                0x00000000080056fc                _fstat_r
 .text._isatty_r
                0x0000000008005720       0x20 /Applications/STM32CubeIDE.app/Contents/Eclipse/plugins/com.st.stm32cube.ide.mcu.externaltools.gnu-tools-for-stm32.7-2018-q2-update.macos64_1.0.0.201904181610/tools/bin/../lib/gcc/arm-none-eabi/7.3.1/../../../../arm-none-eabi/lib/thumb/v7e-m/fpv4-sp/hard/libc_nano.a(lib_a-isattyr.o)
                0x0000000008005720                _isatty_r
 .text._lseek_r
                0x0000000008005740       0x24 /Applications/STM32CubeIDE.app/Contents/Eclipse/plugins/com.st.stm32cube.ide.mcu.externaltools.gnu-tools-for-stm32.7-2018-q2-update.macos64_1.0.0.201904181610/tools/bin/../lib/gcc/arm-none-eabi/7.3.1/../../../../arm-none-eabi/lib/thumb/v7e-m/fpv4-sp/hard/libc_nano.a(lib_a-lseekr.o)
                0x0000000008005740                _lseek_r
 .text.memmove  0x0000000008005764       0x32 /Applications/STM32CubeIDE.app/Contents/Eclipse/plugins/com.st.stm32cube.ide.mcu.externaltools.gnu-tools-for-stm32.7-2018-q2-update.macos64_1.0.0.201904181610/tools/bin/../lib/gcc/arm-none-eabi/7.3.1/../../../../arm-none-eabi/lib/thumb/v7e-m/fpv4-sp/hard/libc_nano.a(lib_a-memmove.o)
                0x0000000008005764                memmove
 .text.__malloc_lock
                0x0000000008005796        0x2 /Applications/STM32CubeIDE.app/Contents/Eclipse/plugins/com.st.stm32cube.ide.mcu.externaltools.gnu-tools-for-stm32.7-2018-q2-update.macos64_1.0.0.201904181610/tools/bin/../lib/gcc/arm-none-eabi/7.3.1/../../../../arm-none-eabi/lib/thumb/v7e-m/fpv4-sp/hard/libc_nano.a(lib_a-mlock.o)
                0x0000000008005796                __malloc_lock
 .text.__malloc_unlock
                0x0000000008005798        0x2 /Applications/STM32CubeIDE.app/Contents/Eclipse/plugins/com.st.stm32cube.ide.mcu.externaltools.gnu-tools-for-stm32.7-2018-q2-update.macos64_1.0.0.201904181610/tools/bin/../lib/gcc/arm-none-eabi/7.3.1/../../../../arm-none-eabi/lib/thumb/v7e-m/fpv4-sp/hard/libc_nano.a(lib_a-mlock.o)
                0x0000000008005798                __malloc_unlock
 .text._realloc_r
                0x000000000800579a       0x4c /Applications/STM32CubeIDE.app/Contents/Eclipse/plugins/com.st.stm32cube.ide.mcu.externaltools.gnu-tools-for-stm32.7-2018-q2-update.macos64_1.0.0.201904181610/tools/bin/../lib/gcc/arm-none-eabi/7.3.1/../../../../arm-none-eabi/lib/thumb/v7e-m/fpv4-sp/hard/libc_nano.a(lib_a-nano-reallocr.o)
                0x000000000800579a                _realloc_r
 *fill*         0x00000000080057e6        0x2 
 .text._read_r  0x00000000080057e8       0x24 /Applications/STM32CubeIDE.app/Contents/Eclipse/plugins/com.st.stm32cube.ide.mcu.externaltools.gnu-tools-for-stm32.7-2018-q2-update.macos64_1.0.0.201904181610/tools/bin/../lib/gcc/arm-none-eabi/7.3.1/../../../../arm-none-eabi/lib/thumb/v7e-m/fpv4-sp/hard/libc_nano.a(lib_a-readr.o)
                0x00000000080057e8                _read_r
 .text._malloc_usable_size_r
                0x000000000800580c       0x10 /Applications/STM32CubeIDE.app/Contents/Eclipse/plugins/com.st.stm32cube.ide.mcu.externaltools.gnu-tools-for-stm32.7-2018-q2-update.macos64_1.0.0.201904181610/tools/bin/../lib/gcc/arm-none-eabi/7.3.1/../../../../arm-none-eabi/lib/thumb/v7e-m/fpv4-sp/hard/libc_nano.a(lib_a-nano-msizer.o)
                0x000000000800580c                _malloc_usable_size_r
 *(.glue_7)
 .glue_7        0x000000000800581c        0x0 linker stubs
 *(.glue_7t)
 .glue_7t       0x000000000800581c        0x0 linker stubs
 *(.eh_frame)
 .eh_frame      0x000000000800581c        0x0 /Applications/STM32CubeIDE.app/Contents/Eclipse/plugins/com.st.stm32cube.ide.mcu.externaltools.gnu-tools-for-stm32.7-2018-q2-update.macos64_1.0.0.201904181610/tools/bin/../lib/gcc/arm-none-eabi/7.3.1/thumb/v7e-m/fpv4-sp/hard/crtbegin.o
 *(.init)
 .init          0x000000000800581c        0x4 /Applications/STM32CubeIDE.app/Contents/Eclipse/plugins/com.st.stm32cube.ide.mcu.externaltools.gnu-tools-for-stm32.7-2018-q2-update.macos64_1.0.0.201904181610/tools/bin/../lib/gcc/arm-none-eabi/7.3.1/thumb/v7e-m/fpv4-sp/hard/crti.o
                0x000000000800581c                _init
 .init          0x0000000008005820        0x8 /Applications/STM32CubeIDE.app/Contents/Eclipse/plugins/com.st.stm32cube.ide.mcu.externaltools.gnu-tools-for-stm32.7-2018-q2-update.macos64_1.0.0.201904181610/tools/bin/../lib/gcc/arm-none-eabi/7.3.1/thumb/v7e-m/fpv4-sp/hard/crtn.o
 *(.fini)
 .fini          0x0000000008005828        0x4 /Applications/STM32CubeIDE.app/Contents/Eclipse/plugins/com.st.stm32cube.ide.mcu.externaltools.gnu-tools-for-stm32.7-2018-q2-update.macos64_1.0.0.201904181610/tools/bin/../lib/gcc/arm-none-eabi/7.3.1/thumb/v7e-m/fpv4-sp/hard/crti.o
                0x0000000008005828                _fini
 .fini          0x000000000800582c        0x8 /Applications/STM32CubeIDE.app/Contents/Eclipse/plugins/com.st.stm32cube.ide.mcu.externaltools.gnu-tools-for-stm32.7-2018-q2-update.macos64_1.0.0.201904181610/tools/bin/../lib/gcc/arm-none-eabi/7.3.1/thumb/v7e-m/fpv4-sp/hard/crtn.o
                0x0000000008005834                . = ALIGN (0x4)
                0x0000000008005834                _etext = .

.vfp11_veneer   0x0000000008005834        0x0
 .vfp11_veneer  0x0000000008005834        0x0 linker stubs

.v4_bx          0x0000000008005834        0x0
 .v4_bx         0x0000000008005834        0x0 linker stubs

.iplt           0x0000000008005834        0x0
 .iplt          0x0000000008005834        0x0 /Applications/STM32CubeIDE.app/Contents/Eclipse/plugins/com.st.stm32cube.ide.mcu.externaltools.gnu-tools-for-stm32.7-2018-q2-update.macos64_1.0.0.201904181610/tools/bin/../lib/gcc/arm-none-eabi/7.3.1/thumb/v7e-m/fpv4-sp/hard/crtbegin.o

.rodata         0x0000000008005834      0x640
                0x0000000008005834                . = ALIGN (0x4)
 *(.rodata)
 .rodata        0x0000000008005834       0x16 Drivers/I2C/Src/stm32f4xx_hal_i2c.o
 *fill*         0x000000000800584a        0x2 
 .rodata        0x000000000800584c      0x4d6 Drivers/NRF24L01/Src/nrf24l01.o
 *fill*         0x0000000008005d22        0x2 
 .rodata        0x0000000008005d24       0x34 Src/main.o
 .rodata        0x0000000008005d58       0x69 Src/usart_app.o
 *(.rodata*)
 *fill*         0x0000000008005dc1        0x3 
 .rodata.AHBPrescTable
                0x0000000008005dc4       0x10 Src/system_stm32f4xx.o
                0x0000000008005dc4                AHBPrescTable
 .rodata.APBPrescTable
                0x0000000008005dd4        0x8 Src/system_stm32f4xx.o
                0x0000000008005dd4                APBPrescTable
 .rodata._global_impure_ptr
                0x0000000008005ddc        0x4 /Applications/STM32CubeIDE.app/Contents/Eclipse/plugins/com.st.stm32cube.ide.mcu.externaltools.gnu-tools-for-stm32.7-2018-q2-update.macos64_1.0.0.201904181610/tools/bin/../lib/gcc/arm-none-eabi/7.3.1/../../../../arm-none-eabi/lib/thumb/v7e-m/fpv4-sp/hard/libc_nano.a(lib_a-impure.o)
                0x0000000008005ddc                _global_impure_ptr
 .rodata.__sf_fake_stderr
                0x0000000008005de0       0x20 /Applications/STM32CubeIDE.app/Contents/Eclipse/plugins/com.st.stm32cube.ide.mcu.externaltools.gnu-tools-for-stm32.7-2018-q2-update.macos64_1.0.0.201904181610/tools/bin/../lib/gcc/arm-none-eabi/7.3.1/../../../../arm-none-eabi/lib/thumb/v7e-m/fpv4-sp/hard/libc_nano.a(lib_a-findfp.o)
                0x0000000008005de0                __sf_fake_stderr
 .rodata.__sf_fake_stdin
                0x0000000008005e00       0x20 /Applications/STM32CubeIDE.app/Contents/Eclipse/plugins/com.st.stm32cube.ide.mcu.externaltools.gnu-tools-for-stm32.7-2018-q2-update.macos64_1.0.0.201904181610/tools/bin/../lib/gcc/arm-none-eabi/7.3.1/../../../../arm-none-eabi/lib/thumb/v7e-m/fpv4-sp/hard/libc_nano.a(lib_a-findfp.o)
                0x0000000008005e00                __sf_fake_stdin
 .rodata.__sf_fake_stdout
                0x0000000008005e20       0x20 /Applications/STM32CubeIDE.app/Contents/Eclipse/plugins/com.st.stm32cube.ide.mcu.externaltools.gnu-tools-for-stm32.7-2018-q2-update.macos64_1.0.0.201904181610/tools/bin/../lib/gcc/arm-none-eabi/7.3.1/../../../../arm-none-eabi/lib/thumb/v7e-m/fpv4-sp/hard/libc_nano.a(lib_a-findfp.o)
                0x0000000008005e20                __sf_fake_stdout
 .rodata._svfprintf_r.str1.1
                0x0000000008005e40       0x11 /Applications/STM32CubeIDE.app/Contents/Eclipse/plugins/com.st.stm32cube.ide.mcu.externaltools.gnu-tools-for-stm32.7-2018-q2-update.macos64_1.0.0.201904181610/tools/bin/../lib/gcc/arm-none-eabi/7.3.1/../../../../arm-none-eabi/lib/thumb/v7e-m/fpv4-sp/hard/libc_nano.a(lib_a-nano-svfprintf.o)
 .rodata._vfprintf_r.str1.1
                0x0000000008005e51       0x11 /Applications/STM32CubeIDE.app/Contents/Eclipse/plugins/com.st.stm32cube.ide.mcu.externaltools.gnu-tools-for-stm32.7-2018-q2-update.macos64_1.0.0.201904181610/tools/bin/../lib/gcc/arm-none-eabi/7.3.1/../../../../arm-none-eabi/lib/thumb/v7e-m/fpv4-sp/hard/libc_nano.a(lib_a-nano-vfprintf.o)
 .rodata._printf_i.str1.1
                0x0000000008005e51       0x22 /Applications/STM32CubeIDE.app/Contents/Eclipse/plugins/com.st.stm32cube.ide.mcu.externaltools.gnu-tools-for-stm32.7-2018-q2-update.macos64_1.0.0.201904181610/tools/bin/../lib/gcc/arm-none-eabi/7.3.1/../../../../arm-none-eabi/lib/thumb/v7e-m/fpv4-sp/hard/libc_nano.a(lib_a-nano-vfprintf_i.o)
                0x0000000008005e74                . = ALIGN (0x4)
 *fill*         0x0000000008005e73        0x1 

.ARM.extab      0x0000000008005e74        0x0
                0x0000000008005e74                . = ALIGN (0x4)
 *(.ARM.extab* .gnu.linkonce.armextab.*)
                0x0000000008005e74                . = ALIGN (0x4)

.ARM            0x0000000008005e74        0x8
                0x0000000008005e74                . = ALIGN (0x4)
                0x0000000008005e74                __exidx_start = .
 *(.ARM.exidx*)
 .ARM.exidx     0x0000000008005e74        0x8 /Applications/STM32CubeIDE.app/Contents/Eclipse/plugins/com.st.stm32cube.ide.mcu.externaltools.gnu-tools-for-stm32.7-2018-q2-update.macos64_1.0.0.201904181610/tools/bin/../lib/gcc/arm-none-eabi/7.3.1/thumb/v7e-m/fpv4-sp/hard/libgcc.a(_udivmoddi4.o)
                0x0000000008005e7c                __exidx_end = .
                0x0000000008005e7c                . = ALIGN (0x4)

.rel.dyn        0x0000000008005e7c        0x0
 .rel.iplt      0x0000000008005e7c        0x0 /Applications/STM32CubeIDE.app/Contents/Eclipse/plugins/com.st.stm32cube.ide.mcu.externaltools.gnu-tools-for-stm32.7-2018-q2-update.macos64_1.0.0.201904181610/tools/bin/../lib/gcc/arm-none-eabi/7.3.1/thumb/v7e-m/fpv4-sp/hard/crtbegin.o

.preinit_array  0x0000000008005e7c        0x0
                0x0000000008005e7c                . = ALIGN (0x4)
                0x0000000008005e7c                PROVIDE (__preinit_array_start = .)
 *(.preinit_array*)
                0x0000000008005e7c                PROVIDE (__preinit_array_end = .)
                0x0000000008005e7c                . = ALIGN (0x4)

.init_array     0x0000000008005e7c        0x4
                0x0000000008005e7c                . = ALIGN (0x4)
                0x0000000008005e7c                PROVIDE (__init_array_start = .)
 *(SORT_BY_NAME(.init_array.*))
 *(.init_array*)
 .init_array    0x0000000008005e7c        0x4 /Applications/STM32CubeIDE.app/Contents/Eclipse/plugins/com.st.stm32cube.ide.mcu.externaltools.gnu-tools-for-stm32.7-2018-q2-update.macos64_1.0.0.201904181610/tools/bin/../lib/gcc/arm-none-eabi/7.3.1/thumb/v7e-m/fpv4-sp/hard/crtbegin.o
                0x0000000008005e80                PROVIDE (__init_array_end = .)
                0x0000000008005e80                . = ALIGN (0x4)

.fini_array     0x0000000008005e80        0x4
                0x0000000008005e80                . = ALIGN (0x4)
                [!provide]                        PROVIDE (__fini_array_start = .)
 *(SORT_BY_NAME(.fini_array.*))
 *(.fini_array*)
 .fini_array    0x0000000008005e80        0x4 /Applications/STM32CubeIDE.app/Contents/Eclipse/plugins/com.st.stm32cube.ide.mcu.externaltools.gnu-tools-for-stm32.7-2018-q2-update.macos64_1.0.0.201904181610/tools/bin/../lib/gcc/arm-none-eabi/7.3.1/thumb/v7e-m/fpv4-sp/hard/crtbegin.o
                [!provide]                        PROVIDE (__fini_array_end = .)
                0x0000000008005e84                . = ALIGN (0x4)
                0x0000000008005e84                _sidata = LOADADDR (.data)

.data           0x0000000020000000       0x98 load address 0x0000000008005e84
                0x0000000020000000                . = ALIGN (0x4)
                0x0000000020000000                _sdata = .
 *(.data)
 *(.data*)
 .data.nRF24_RX_ADDR
                0x0000000020000000        0x6 Drivers/NRF24L01/Src/nrf24l01.o
 *fill*         0x0000000020000006        0x2 
 .data.nRF24_RX_PAYLOAD
                0x0000000020000008        0x6 Drivers/NRF24L01/Src/nrf24l01.o
 *fill*         0x000000002000000e        0x2 
 .data.uwTickPrio
                0x0000000020000010        0x4 Drivers/STM32F4xx_HAL_Driver/Src/stm32f4xx_hal.o
                0x0000000020000010                uwTickPrio
 .data.uwTickFreq
                0x0000000020000014        0x1 Drivers/STM32F4xx_HAL_Driver/Src/stm32f4xx_hal.o
                0x0000000020000014                uwTickFreq
 .data.usart_rxLength
                0x0000000020000015        0x1 Src/main.o
                0x0000000020000015                usart_rxLength
 *fill*         0x0000000020000016        0x2 
 .data.primaryTxAddresses
                0x0000000020000018        0x5 Src/main.o
 *fill*         0x000000002000001d        0x3 
 .data.primaryTx
                0x0000000020000020        0x5 Src/main.o
 *fill*         0x0000000020000025        0x3 
 .data.rxPayloadWidths
                0x0000000020000028        0x1 Src/main.o
 *fill*         0x0000000020000029        0x3 
 .data.txBuffer
                0x000000002000002c        0x1 Src/mcp9808.o
 .data.txSize   0x000000002000002d        0x1 Src/mcp9808.o
 .data.rxSize   0x000000002000002e        0x1 Src/mcp9808.o
 *fill*         0x000000002000002f        0x1 
 .data.SystemCoreClock
                0x0000000020000030        0x4 Src/system_stm32f4xx.o
                0x0000000020000030                SystemCoreClock
 .data._impure_ptr
                0x0000000020000034        0x4 /Applications/STM32CubeIDE.app/Contents/Eclipse/plugins/com.st.stm32cube.ide.mcu.externaltools.gnu-tools-for-stm32.7-2018-q2-update.macos64_1.0.0.201904181610/tools/bin/../lib/gcc/arm-none-eabi/7.3.1/../../../../arm-none-eabi/lib/thumb/v7e-m/fpv4-sp/hard/libc_nano.a(lib_a-impure.o)
                0x0000000020000034                _impure_ptr
 .data.impure_data
                0x0000000020000038       0x60 /Applications/STM32CubeIDE.app/Contents/Eclipse/plugins/com.st.stm32cube.ide.mcu.externaltools.gnu-tools-for-stm32.7-2018-q2-update.macos64_1.0.0.201904181610/tools/bin/../lib/gcc/arm-none-eabi/7.3.1/../../../../arm-none-eabi/lib/thumb/v7e-m/fpv4-sp/hard/libc_nano.a(lib_a-impure.o)
                0x0000000020000098                . = ALIGN (0x4)
                0x0000000020000098                _edata = .

.igot.plt       0x0000000020000098        0x0 load address 0x0000000008005f1c
 .igot.plt      0x0000000020000098        0x0 /Applications/STM32CubeIDE.app/Contents/Eclipse/plugins/com.st.stm32cube.ide.mcu.externaltools.gnu-tools-for-stm32.7-2018-q2-update.macos64_1.0.0.201904181610/tools/bin/../lib/gcc/arm-none-eabi/7.3.1/thumb/v7e-m/fpv4-sp/hard/crtbegin.o
                0x0000000020000098                . = ALIGN (0x4)

.bss            0x0000000020000098      0x1b0 load address 0x0000000008005f1c
                0x0000000020000098                _sbss = .
                0x0000000020000098                __bss_start__ = _sbss
 *(.bss)
 .bss           0x0000000020000098       0x1c /Applications/STM32CubeIDE.app/Contents/Eclipse/plugins/com.st.stm32cube.ide.mcu.externaltools.gnu-tools-for-stm32.7-2018-q2-update.macos64_1.0.0.201904181610/tools/bin/../lib/gcc/arm-none-eabi/7.3.1/thumb/v7e-m/fpv4-sp/hard/crtbegin.o
 *(.bss*)
 .bss.I2C_handle_p
                0x00000000200000b4        0x4 Drivers/I2C/Src/stm32f4xx_hal_i2c.o
 .bss.pTxData   0x00000000200000b8        0xa Drivers/NRF24L01/Src/nrf24l01.o
 *fill*         0x00000000200000c2        0x2 
 .bss.pRxData   0x00000000200000c4        0xa Drivers/NRF24L01/Src/nrf24l01.o
 *fill*         0x00000000200000ce        0x2 
 .bss.ptrUSARTx
                0x00000000200000d0        0x4 Drivers/USART /Src/stm32f4xx_hal_usart.o
 .bss.endLine   0x00000000200000d4        0x1 Drivers/USART /Src/stm32f4xx_hal_usart.o
                0x00000000200000d4                endLine
 *fill*         0x00000000200000d5        0x3 
 .bss.I2C1_handle
                0x00000000200000d8       0x1c Src/main.o
 .bss.SPI_handle
                0x00000000200000f4       0x58 Src/main.o
 .bss.usart_fifo
                0x000000002000014c        0x9 Src/main.o
 *fill*         0x0000000020000155        0x3 
 .bss.rxBuffer  0x0000000020000158        0x2 Src/mcp9808.o
 *fill*         0x000000002000015a        0x2 
 .bss.heap_end.6424
                0x000000002000015c        0x4 Src/sysmem.o
 .bss.__malloc_free_list
                0x0000000020000160        0x4 /Applications/STM32CubeIDE.app/Contents/Eclipse/plugins/com.st.stm32cube.ide.mcu.externaltools.gnu-tools-for-stm32.7-2018-q2-update.macos64_1.0.0.201904181610/tools/bin/../lib/gcc/arm-none-eabi/7.3.1/../../../../arm-none-eabi/lib/thumb/v7e-m/fpv4-sp/hard/libc_nano.a(lib_a-nano-mallocr.o)
                0x0000000020000160                __malloc_free_list
 .bss.__malloc_sbrk_start
                0x0000000020000164        0x4 /Applications/STM32CubeIDE.app/Contents/Eclipse/plugins/com.st.stm32cube.ide.mcu.externaltools.gnu-tools-for-stm32.7-2018-q2-update.macos64_1.0.0.201904181610/tools/bin/../lib/gcc/arm-none-eabi/7.3.1/../../../../arm-none-eabi/lib/thumb/v7e-m/fpv4-sp/hard/libc_nano.a(lib_a-nano-mallocr.o)
                0x0000000020000164                __malloc_sbrk_start
 *(COMMON)
 COMMON         0x0000000020000168        0x4 Drivers/STM32F4xx_HAL_Driver/Src/stm32f4xx_hal.o
                0x0000000020000168                uwTick
 COMMON         0x000000002000016c       0xd8 Src/main.o
                0x000000002000016c                USART2_handle
                0x00000000200001a0                dma_usart_rx
                0x00000000200001d4                dma_usart_tx
                0x0000000020000208                nrfRadio
 COMMON         0x0000000020000244        0x4 /Applications/STM32CubeIDE.app/Contents/Eclipse/plugins/com.st.stm32cube.ide.mcu.externaltools.gnu-tools-for-stm32.7-2018-q2-update.macos64_1.0.0.201904181610/tools/bin/../lib/gcc/arm-none-eabi/7.3.1/../../../../arm-none-eabi/lib/thumb/v7e-m/fpv4-sp/hard/libc_nano.a(lib_a-reent.o)
                0x0000000020000244                errno
                0x0000000020000248                . = ALIGN (0x4)
                0x0000000020000248                _ebss = .
                0x0000000020000248                __bss_end__ = _ebss

._user_heap_stack
                0x0000000020000248      0x600 load address 0x0000000008005f1c
                0x0000000020000248                . = ALIGN (0x8)
                0x0000000020000248                PROVIDE (end = .)
                [!provide]                        PROVIDE (_end = .)
                0x0000000020000448                . = (. + _Min_Heap_Size)
 *fill*         0x0000000020000248      0x200 
                0x0000000020000848                . = (. + _Min_Stack_Size)
 *fill*         0x0000000020000448      0x400 
                0x0000000020000848                . = ALIGN (0x8)

/DISCARD/
 libc.a(*)
 libm.a(*)
 libgcc.a(*)

.ARM.attributes
                0x0000000000000000       0x30
 *(.ARM.attributes)
 .ARM.attributes
                0x0000000000000000       0x22 /Applications/STM32CubeIDE.app/Contents/Eclipse/plugins/com.st.stm32cube.ide.mcu.externaltools.gnu-tools-for-stm32.7-2018-q2-update.macos64_1.0.0.201904181610/tools/bin/../lib/gcc/arm-none-eabi/7.3.1/thumb/v7e-m/fpv4-sp/hard/crti.o
 .ARM.attributes
                0x0000000000000022       0x34 /Applications/STM32CubeIDE.app/Contents/Eclipse/plugins/com.st.stm32cube.ide.mcu.externaltools.gnu-tools-for-stm32.7-2018-q2-update.macos64_1.0.0.201904181610/tools/bin/../lib/gcc/arm-none-eabi/7.3.1/thumb/v7e-m/fpv4-sp/hard/crtbegin.o
 .ARM.attributes
                0x0000000000000056       0x39 Drivers/DMA/Src/stm32f4xx_dma.o
 .ARM.attributes
                0x000000000000008f       0x39 Drivers/I2C/Src/stm32f4xx_hal_i2c.o
 .ARM.attributes
                0x00000000000000c8       0x39 Drivers/NRF24L01/Src/nrf24l01.o
 .ARM.attributes
                0x0000000000000101       0x39 Drivers/STM32F4xx_HAL_Driver/Src/stm32f4xx_hal.o
 .ARM.attributes
                0x000000000000013a       0x39 Drivers/STM32F4xx_HAL_Driver/Src/stm32f4xx_hal_cortex.o
 .ARM.attributes
                0x0000000000000173       0x39 Drivers/STM32F4xx_HAL_Driver/Src/stm32f4xx_hal_gpio.o
 .ARM.attributes
                0x00000000000001ac       0x39 Drivers/STM32F4xx_HAL_Driver/Src/stm32f4xx_hal_rcc.o
 .ARM.attributes
                0x00000000000001e5       0x39 Drivers/STM32F4xx_HAL_Driver/Src/stm32f4xx_hal_spi.o
 .ARM.attributes
                0x000000000000021e       0x39 Drivers/USART /Src/stm32f4xx_hal_usart.o
 .ARM.attributes
                0x0000000000000257       0x39 Src/main.o
 .ARM.attributes
                0x0000000000000290       0x39 Src/mcp9808.o
 .ARM.attributes
                0x00000000000002c9       0x39 Src/stm32f4xx_hal_msp.o
 .ARM.attributes
                0x0000000000000302       0x39 Src/stm32f4xx_it.o
 .ARM.attributes
                0x000000000000033b       0x39 Src/syscalls.o
 .ARM.attributes
                0x0000000000000374       0x39 Src/sysmem.o
 .ARM.attributes
                0x00000000000003ad       0x39 Src/system_stm32f4xx.o
 .ARM.attributes
                0x00000000000003e6       0x39 Src/usart_app.o
 .ARM.attributes
                0x000000000000041f       0x21 Startup/startup_stm32f401retx.o
 .ARM.attributes
                0x0000000000000440       0x34 /Applications/STM32CubeIDE.app/Contents/Eclipse/plugins/com.st.stm32cube.ide.mcu.externaltools.gnu-tools-for-stm32.7-2018-q2-update.macos64_1.0.0.201904181610/tools/bin/../lib/gcc/arm-none-eabi/7.3.1/../../../../arm-none-eabi/lib/thumb/v7e-m/fpv4-sp/hard/libc_nano.a(lib_a-errno.o)
 .ARM.attributes
                0x0000000000000474       0x34 /Applications/STM32CubeIDE.app/Contents/Eclipse/plugins/com.st.stm32cube.ide.mcu.externaltools.gnu-tools-for-stm32.7-2018-q2-update.macos64_1.0.0.201904181610/tools/bin/../lib/gcc/arm-none-eabi/7.3.1/../../../../arm-none-eabi/lib/thumb/v7e-m/fpv4-sp/hard/libc_nano.a(lib_a-impure.o)
 .ARM.attributes
                0x00000000000004a8       0x34 /Applications/STM32CubeIDE.app/Contents/Eclipse/plugins/com.st.stm32cube.ide.mcu.externaltools.gnu-tools-for-stm32.7-2018-q2-update.macos64_1.0.0.201904181610/tools/bin/../lib/gcc/arm-none-eabi/7.3.1/../../../../arm-none-eabi/lib/thumb/v7e-m/fpv4-sp/hard/libc_nano.a(lib_a-init.o)
 .ARM.attributes
                0x00000000000004dc       0x34 /Applications/STM32CubeIDE.app/Contents/Eclipse/plugins/com.st.stm32cube.ide.mcu.externaltools.gnu-tools-for-stm32.7-2018-q2-update.macos64_1.0.0.201904181610/tools/bin/../lib/gcc/arm-none-eabi/7.3.1/../../../../arm-none-eabi/lib/thumb/v7e-m/fpv4-sp/hard/libc_nano.a(lib_a-memcpy-stub.o)
 .ARM.attributes
                0x0000000000000510       0x34 /Applications/STM32CubeIDE.app/Contents/Eclipse/plugins/com.st.stm32cube.ide.mcu.externaltools.gnu-tools-for-stm32.7-2018-q2-update.macos64_1.0.0.201904181610/tools/bin/../lib/gcc/arm-none-eabi/7.3.1/../../../../arm-none-eabi/lib/thumb/v7e-m/fpv4-sp/hard/libc_nano.a(lib_a-memset.o)
 .ARM.attributes
                0x0000000000000544       0x34 /Applications/STM32CubeIDE.app/Contents/Eclipse/plugins/com.st.stm32cube.ide.mcu.externaltools.gnu-tools-for-stm32.7-2018-q2-update.macos64_1.0.0.201904181610/tools/bin/../lib/gcc/arm-none-eabi/7.3.1/../../../../arm-none-eabi/lib/thumb/v7e-m/fpv4-sp/hard/libc_nano.a(lib_a-printf.o)
 .ARM.attributes
                0x0000000000000578       0x34 /Applications/STM32CubeIDE.app/Contents/Eclipse/plugins/com.st.stm32cube.ide.mcu.externaltools.gnu-tools-for-stm32.7-2018-q2-update.macos64_1.0.0.201904181610/tools/bin/../lib/gcc/arm-none-eabi/7.3.1/../../../../arm-none-eabi/lib/thumb/v7e-m/fpv4-sp/hard/libc_nano.a(lib_a-putchar.o)
 .ARM.attributes
                0x00000000000005ac       0x34 /Applications/STM32CubeIDE.app/Contents/Eclipse/plugins/com.st.stm32cube.ide.mcu.externaltools.gnu-tools-for-stm32.7-2018-q2-update.macos64_1.0.0.201904181610/tools/bin/../lib/gcc/arm-none-eabi/7.3.1/../../../../arm-none-eabi/lib/thumb/v7e-m/fpv4-sp/hard/libc_nano.a(lib_a-puts.o)
 .ARM.attributes
                0x00000000000005e0       0x34 /Applications/STM32CubeIDE.app/Contents/Eclipse/plugins/com.st.stm32cube.ide.mcu.externaltools.gnu-tools-for-stm32.7-2018-q2-update.macos64_1.0.0.201904181610/tools/bin/../lib/gcc/arm-none-eabi/7.3.1/../../../../arm-none-eabi/lib/thumb/v7e-m/fpv4-sp/hard/libc_nano.a(lib_a-sprintf.o)
 .ARM.attributes
                0x0000000000000614       0x34 /Applications/STM32CubeIDE.app/Contents/Eclipse/plugins/com.st.stm32cube.ide.mcu.externaltools.gnu-tools-for-stm32.7-2018-q2-update.macos64_1.0.0.201904181610/tools/bin/../lib/gcc/arm-none-eabi/7.3.1/../../../../arm-none-eabi/lib/thumb/v7e-m/fpv4-sp/hard/libc_nano.a(lib_a-strchr.o)
 .ARM.attributes
                0x0000000000000648       0x20 /Applications/STM32CubeIDE.app/Contents/Eclipse/plugins/com.st.stm32cube.ide.mcu.externaltools.gnu-tools-for-stm32.7-2018-q2-update.macos64_1.0.0.201904181610/tools/bin/../lib/gcc/arm-none-eabi/7.3.1/../../../../arm-none-eabi/lib/thumb/v7e-m/fpv4-sp/hard/libc_nano.a(lib_a-strcmp.o)
 .ARM.attributes
                0x0000000000000668       0x34 /Applications/STM32CubeIDE.app/Contents/Eclipse/plugins/com.st.stm32cube.ide.mcu.externaltools.gnu-tools-for-stm32.7-2018-q2-update.macos64_1.0.0.201904181610/tools/bin/../lib/gcc/arm-none-eabi/7.3.1/../../../../arm-none-eabi/lib/thumb/v7e-m/fpv4-sp/hard/libc_nano.a(lib_a-strcpy.o)
 .ARM.attributes
                0x000000000000069c       0x1b /Applications/STM32CubeIDE.app/Contents/Eclipse/plugins/com.st.stm32cube.ide.mcu.externaltools.gnu-tools-for-stm32.7-2018-q2-update.macos64_1.0.0.201904181610/tools/bin/../lib/gcc/arm-none-eabi/7.3.1/../../../../arm-none-eabi/lib/thumb/v7e-m/fpv4-sp/hard/libc_nano.a(lib_a-strlen.o)
 .ARM.attributes
                0x00000000000006b7       0x34 /Applications/STM32CubeIDE.app/Contents/Eclipse/plugins/com.st.stm32cube.ide.mcu.externaltools.gnu-tools-for-stm32.7-2018-q2-update.macos64_1.0.0.201904181610/tools/bin/../lib/gcc/arm-none-eabi/7.3.1/../../../../arm-none-eabi/lib/thumb/v7e-m/fpv4-sp/hard/libc_nano.a(lib_a-vsprintf.o)
 .ARM.attributes
                0x00000000000006eb       0x34 /Applications/STM32CubeIDE.app/Contents/Eclipse/plugins/com.st.stm32cube.ide.mcu.externaltools.gnu-tools-for-stm32.7-2018-q2-update.macos64_1.0.0.201904181610/tools/bin/../lib/gcc/arm-none-eabi/7.3.1/../../../../arm-none-eabi/lib/thumb/v7e-m/fpv4-sp/hard/libc_nano.a(lib_a-wbuf.o)
 .ARM.attributes
                0x000000000000071f       0x34 /Applications/STM32CubeIDE.app/Contents/Eclipse/plugins/com.st.stm32cube.ide.mcu.externaltools.gnu-tools-for-stm32.7-2018-q2-update.macos64_1.0.0.201904181610/tools/bin/../lib/gcc/arm-none-eabi/7.3.1/../../../../arm-none-eabi/lib/thumb/v7e-m/fpv4-sp/hard/libc_nano.a(lib_a-wsetup.o)
 .ARM.attributes
                0x0000000000000753       0x34 /Applications/STM32CubeIDE.app/Contents/Eclipse/plugins/com.st.stm32cube.ide.mcu.externaltools.gnu-tools-for-stm32.7-2018-q2-update.macos64_1.0.0.201904181610/tools/bin/../lib/gcc/arm-none-eabi/7.3.1/../../../../arm-none-eabi/lib/thumb/v7e-m/fpv4-sp/hard/libc_nano.a(lib_a-fflush.o)
 .ARM.attributes
                0x0000000000000787       0x34 /Applications/STM32CubeIDE.app/Contents/Eclipse/plugins/com.st.stm32cube.ide.mcu.externaltools.gnu-tools-for-stm32.7-2018-q2-update.macos64_1.0.0.201904181610/tools/bin/../lib/gcc/arm-none-eabi/7.3.1/../../../../arm-none-eabi/lib/thumb/v7e-m/fpv4-sp/hard/libc_nano.a(lib_a-findfp.o)
 .ARM.attributes
                0x00000000000007bb       0x34 /Applications/STM32CubeIDE.app/Contents/Eclipse/plugins/com.st.stm32cube.ide.mcu.externaltools.gnu-tools-for-stm32.7-2018-q2-update.macos64_1.0.0.201904181610/tools/bin/../lib/gcc/arm-none-eabi/7.3.1/../../../../arm-none-eabi/lib/thumb/v7e-m/fpv4-sp/hard/libc_nano.a(lib_a-fwalk.o)
 .ARM.attributes
                0x00000000000007ef       0x34 /Applications/STM32CubeIDE.app/Contents/Eclipse/plugins/com.st.stm32cube.ide.mcu.externaltools.gnu-tools-for-stm32.7-2018-q2-update.macos64_1.0.0.201904181610/tools/bin/../lib/gcc/arm-none-eabi/7.3.1/../../../../arm-none-eabi/lib/thumb/v7e-m/fpv4-sp/hard/libc_nano.a(lib_a-makebuf.o)
 .ARM.attributes
                0x0000000000000823       0x34 /Applications/STM32CubeIDE.app/Contents/Eclipse/plugins/com.st.stm32cube.ide.mcu.externaltools.gnu-tools-for-stm32.7-2018-q2-update.macos64_1.0.0.201904181610/tools/bin/../lib/gcc/arm-none-eabi/7.3.1/../../../../arm-none-eabi/lib/thumb/v7e-m/fpv4-sp/hard/libc_nano.a(lib_a-nano-freer.o)
 .ARM.attributes
                0x0000000000000857       0x34 /Applications/STM32CubeIDE.app/Contents/Eclipse/plugins/com.st.stm32cube.ide.mcu.externaltools.gnu-tools-for-stm32.7-2018-q2-update.macos64_1.0.0.201904181610/tools/bin/../lib/gcc/arm-none-eabi/7.3.1/../../../../arm-none-eabi/lib/thumb/v7e-m/fpv4-sp/hard/libc_nano.a(lib_a-nano-mallocr.o)
 .ARM.attributes
                0x000000000000088b       0x34 /Applications/STM32CubeIDE.app/Contents/Eclipse/plugins/com.st.stm32cube.ide.mcu.externaltools.gnu-tools-for-stm32.7-2018-q2-update.macos64_1.0.0.201904181610/tools/bin/../lib/gcc/arm-none-eabi/7.3.1/../../../../arm-none-eabi/lib/thumb/v7e-m/fpv4-sp/hard/libc_nano.a(lib_a-nano-svfprintf.o)
 .ARM.attributes
                0x00000000000008bf       0x34 /Applications/STM32CubeIDE.app/Contents/Eclipse/plugins/com.st.stm32cube.ide.mcu.externaltools.gnu-tools-for-stm32.7-2018-q2-update.macos64_1.0.0.201904181610/tools/bin/../lib/gcc/arm-none-eabi/7.3.1/../../../../arm-none-eabi/lib/thumb/v7e-m/fpv4-sp/hard/libc_nano.a(lib_a-nano-vfprintf.o)
 .ARM.attributes
                0x00000000000008f3       0x34 /Applications/STM32CubeIDE.app/Contents/Eclipse/plugins/com.st.stm32cube.ide.mcu.externaltools.gnu-tools-for-stm32.7-2018-q2-update.macos64_1.0.0.201904181610/tools/bin/../lib/gcc/arm-none-eabi/7.3.1/../../../../arm-none-eabi/lib/thumb/v7e-m/fpv4-sp/hard/libc_nano.a(lib_a-nano-vfprintf_i.o)
 .ARM.attributes
                0x0000000000000927       0x34 /Applications/STM32CubeIDE.app/Contents/Eclipse/plugins/com.st.stm32cube.ide.mcu.externaltools.gnu-tools-for-stm32.7-2018-q2-update.macos64_1.0.0.201904181610/tools/bin/../lib/gcc/arm-none-eabi/7.3.1/../../../../arm-none-eabi/lib/thumb/v7e-m/fpv4-sp/hard/libc_nano.a(lib_a-putc.o)
 .ARM.attributes
                0x000000000000095b       0x34 /Applications/STM32CubeIDE.app/Contents/Eclipse/plugins/com.st.stm32cube.ide.mcu.externaltools.gnu-tools-for-stm32.7-2018-q2-update.macos64_1.0.0.201904181610/tools/bin/../lib/gcc/arm-none-eabi/7.3.1/../../../../arm-none-eabi/lib/thumb/v7e-m/fpv4-sp/hard/libc_nano.a(lib_a-sbrkr.o)
 .ARM.attributes
                0x000000000000098f       0x34 /Applications/STM32CubeIDE.app/Contents/Eclipse/plugins/com.st.stm32cube.ide.mcu.externaltools.gnu-tools-for-stm32.7-2018-q2-update.macos64_1.0.0.201904181610/tools/bin/../lib/gcc/arm-none-eabi/7.3.1/../../../../arm-none-eabi/lib/thumb/v7e-m/fpv4-sp/hard/libc_nano.a(lib_a-stdio.o)
 .ARM.attributes
                0x00000000000009c3       0x34 /Applications/STM32CubeIDE.app/Contents/Eclipse/plugins/com.st.stm32cube.ide.mcu.externaltools.gnu-tools-for-stm32.7-2018-q2-update.macos64_1.0.0.201904181610/tools/bin/../lib/gcc/arm-none-eabi/7.3.1/../../../../arm-none-eabi/lib/thumb/v7e-m/fpv4-sp/hard/libc_nano.a(lib_a-writer.o)
 .ARM.attributes
                0x00000000000009f7       0x34 /Applications/STM32CubeIDE.app/Contents/Eclipse/plugins/com.st.stm32cube.ide.mcu.externaltools.gnu-tools-for-stm32.7-2018-q2-update.macos64_1.0.0.201904181610/tools/bin/../lib/gcc/arm-none-eabi/7.3.1/../../../../arm-none-eabi/lib/thumb/v7e-m/fpv4-sp/hard/libc_nano.a(lib_a-closer.o)
 .ARM.attributes
                0x0000000000000a2b       0x34 /Applications/STM32CubeIDE.app/Contents/Eclipse/plugins/com.st.stm32cube.ide.mcu.externaltools.gnu-tools-for-stm32.7-2018-q2-update.macos64_1.0.0.201904181610/tools/bin/../lib/gcc/arm-none-eabi/7.3.1/../../../../arm-none-eabi/lib/thumb/v7e-m/fpv4-sp/hard/libc_nano.a(lib_a-fstatr.o)
 .ARM.attributes
                0x0000000000000a5f       0x34 /Applications/STM32CubeIDE.app/Contents/Eclipse/plugins/com.st.stm32cube.ide.mcu.externaltools.gnu-tools-for-stm32.7-2018-q2-update.macos64_1.0.0.201904181610/tools/bin/../lib/gcc/arm-none-eabi/7.3.1/../../../../arm-none-eabi/lib/thumb/v7e-m/fpv4-sp/hard/libc_nano.a(lib_a-isattyr.o)
 .ARM.attributes
                0x0000000000000a93       0x34 /Applications/STM32CubeIDE.app/Contents/Eclipse/plugins/com.st.stm32cube.ide.mcu.externaltools.gnu-tools-for-stm32.7-2018-q2-update.macos64_1.0.0.201904181610/tools/bin/../lib/gcc/arm-none-eabi/7.3.1/../../../../arm-none-eabi/lib/thumb/v7e-m/fpv4-sp/hard/libc_nano.a(lib_a-lseekr.o)
 .ARM.attributes
                0x0000000000000ac7       0x20 /Applications/STM32CubeIDE.app/Contents/Eclipse/plugins/com.st.stm32cube.ide.mcu.externaltools.gnu-tools-for-stm32.7-2018-q2-update.macos64_1.0.0.201904181610/tools/bin/../lib/gcc/arm-none-eabi/7.3.1/../../../../arm-none-eabi/lib/thumb/v7e-m/fpv4-sp/hard/libc_nano.a(lib_a-memchr.o)
 .ARM.attributes
                0x0000000000000ae7       0x34 /Applications/STM32CubeIDE.app/Contents/Eclipse/plugins/com.st.stm32cube.ide.mcu.externaltools.gnu-tools-for-stm32.7-2018-q2-update.macos64_1.0.0.201904181610/tools/bin/../lib/gcc/arm-none-eabi/7.3.1/../../../../arm-none-eabi/lib/thumb/v7e-m/fpv4-sp/hard/libc_nano.a(lib_a-memmove.o)
 .ARM.attributes
                0x0000000000000b1b       0x34 /Applications/STM32CubeIDE.app/Contents/Eclipse/plugins/com.st.stm32cube.ide.mcu.externaltools.gnu-tools-for-stm32.7-2018-q2-update.macos64_1.0.0.201904181610/tools/bin/../lib/gcc/arm-none-eabi/7.3.1/../../../../arm-none-eabi/lib/thumb/v7e-m/fpv4-sp/hard/libc_nano.a(lib_a-mlock.o)
 .ARM.attributes
                0x0000000000000b4f       0x34 /Applications/STM32CubeIDE.app/Contents/Eclipse/plugins/com.st.stm32cube.ide.mcu.externaltools.gnu-tools-for-stm32.7-2018-q2-update.macos64_1.0.0.201904181610/tools/bin/../lib/gcc/arm-none-eabi/7.3.1/../../../../arm-none-eabi/lib/thumb/v7e-m/fpv4-sp/hard/libc_nano.a(lib_a-nano-reallocr.o)
 .ARM.attributes
                0x0000000000000b83       0x34 /Applications/STM32CubeIDE.app/Contents/Eclipse/plugins/com.st.stm32cube.ide.mcu.externaltools.gnu-tools-for-stm32.7-2018-q2-update.macos64_1.0.0.201904181610/tools/bin/../lib/gcc/arm-none-eabi/7.3.1/../../../../arm-none-eabi/lib/thumb/v7e-m/fpv4-sp/hard/libc_nano.a(lib_a-readr.o)
 .ARM.attributes
                0x0000000000000bb7       0x34 /Applications/STM32CubeIDE.app/Contents/Eclipse/plugins/com.st.stm32cube.ide.mcu.externaltools.gnu-tools-for-stm32.7-2018-q2-update.macos64_1.0.0.201904181610/tools/bin/../lib/gcc/arm-none-eabi/7.3.1/../../../../arm-none-eabi/lib/thumb/v7e-m/fpv4-sp/hard/libc_nano.a(lib_a-reent.o)
 .ARM.attributes
                0x0000000000000beb       0x34 /Applications/STM32CubeIDE.app/Contents/Eclipse/plugins/com.st.stm32cube.ide.mcu.externaltools.gnu-tools-for-stm32.7-2018-q2-update.macos64_1.0.0.201904181610/tools/bin/../lib/gcc/arm-none-eabi/7.3.1/../../../../arm-none-eabi/lib/thumb/v7e-m/fpv4-sp/hard/libc_nano.a(lib_a-nano-msizer.o)
 .ARM.attributes
                0x0000000000000c1f       0x22 /Applications/STM32CubeIDE.app/Contents/Eclipse/plugins/com.st.stm32cube.ide.mcu.externaltools.gnu-tools-for-stm32.7-2018-q2-update.macos64_1.0.0.201904181610/tools/bin/../lib/gcc/arm-none-eabi/7.3.1/thumb/v7e-m/fpv4-sp/hard/libgcc.a(_aeabi_uldivmod.o)
 .ARM.attributes
                0x0000000000000c41       0x34 /Applications/STM32CubeIDE.app/Contents/Eclipse/plugins/com.st.stm32cube.ide.mcu.externaltools.gnu-tools-for-stm32.7-2018-q2-update.macos64_1.0.0.201904181610/tools/bin/../lib/gcc/arm-none-eabi/7.3.1/thumb/v7e-m/fpv4-sp/hard/libgcc.a(_udivmoddi4.o)
 .ARM.attributes
                0x0000000000000c75       0x22 /Applications/STM32CubeIDE.app/Contents/Eclipse/plugins/com.st.stm32cube.ide.mcu.externaltools.gnu-tools-for-stm32.7-2018-q2-update.macos64_1.0.0.201904181610/tools/bin/../lib/gcc/arm-none-eabi/7.3.1/thumb/v7e-m/fpv4-sp/hard/libgcc.a(_dvmd_tls.o)
 .ARM.attributes
                0x0000000000000c97       0x22 /Applications/STM32CubeIDE.app/Contents/Eclipse/plugins/com.st.stm32cube.ide.mcu.externaltools.gnu-tools-for-stm32.7-2018-q2-update.macos64_1.0.0.201904181610/tools/bin/../lib/gcc/arm-none-eabi/7.3.1/thumb/v7e-m/fpv4-sp/hard/crtn.o
OUTPUT(TemperatureLogger.elf elf32-littlearm)

.debug_info     0x0000000000000000    0x1073a
 .debug_info    0x0000000000000000      0x7a7 Drivers/DMA/Src/stm32f4xx_dma.o
 .debug_info    0x00000000000007a7      0x986 Drivers/I2C/Src/stm32f4xx_hal_i2c.o
 .debug_info    0x000000000000112d     0x23f0 Drivers/NRF24L01/Src/nrf24l01.o
 .debug_info    0x000000000000351d      0x8d3 Drivers/STM32F4xx_HAL_Driver/Src/stm32f4xx_hal.o
 .debug_info    0x0000000000003df0      0xd92 Drivers/STM32F4xx_HAL_Driver/Src/stm32f4xx_hal_cortex.o
 .debug_info    0x0000000000004b82      0x7dc Drivers/STM32F4xx_HAL_Driver/Src/stm32f4xx_hal_gpio.o
 .debug_info    0x000000000000535e      0x92e Drivers/STM32F4xx_HAL_Driver/Src/stm32f4xx_hal_rcc.o
 .debug_info    0x0000000000005c8c     0x1632 Drivers/STM32F4xx_HAL_Driver/Src/stm32f4xx_hal_spi.o
 .debug_info    0x00000000000072be      0xbf0 Drivers/USART /Src/stm32f4xx_hal_usart.o
 .debug_info    0x0000000000007eae     0x214b Src/main.o
 .debug_info    0x0000000000009ff9      0x513 Src/mcp9808.o
 .debug_info    0x000000000000a50c     0x15b7 Src/stm32f4xx_hal_msp.o
 .debug_info    0x000000000000bac3     0x15f4 Src/stm32f4xx_it.o
 .debug_info    0x000000000000d0b7      0xefd Src/syscalls.o
 .debug_info    0x000000000000dfb4      0x91c Src/sysmem.o
 .debug_info    0x000000000000e8d0      0x57e Src/system_stm32f4xx.o
 .debug_info    0x000000000000ee4e     0x18ca Src/usart_app.o
 .debug_info    0x0000000000010718       0x22 Startup/startup_stm32f401retx.o

.debug_abbrev   0x0000000000000000     0x2465
 .debug_abbrev  0x0000000000000000      0x19b Drivers/DMA/Src/stm32f4xx_dma.o
 .debug_abbrev  0x000000000000019b      0x24e Drivers/I2C/Src/stm32f4xx_hal_i2c.o
 .debug_abbrev  0x00000000000003e9      0x30c Drivers/NRF24L01/Src/nrf24l01.o
 .debug_abbrev  0x00000000000006f5      0x1f2 Drivers/STM32F4xx_HAL_Driver/Src/stm32f4xx_hal.o
 .debug_abbrev  0x00000000000008e7      0x2fa Drivers/STM32F4xx_HAL_Driver/Src/stm32f4xx_hal_cortex.o
 .debug_abbrev  0x0000000000000be1      0x1c9 Drivers/STM32F4xx_HAL_Driver/Src/stm32f4xx_hal_gpio.o
 .debug_abbrev  0x0000000000000daa      0x245 Drivers/STM32F4xx_HAL_Driver/Src/stm32f4xx_hal_rcc.o
 .debug_abbrev  0x0000000000000fef      0x240 Drivers/STM32F4xx_HAL_Driver/Src/stm32f4xx_hal_spi.o
 .debug_abbrev  0x000000000000122f      0x28e Drivers/USART /Src/stm32f4xx_hal_usart.o
 .debug_abbrev  0x00000000000014bd      0x28d Src/main.o
 .debug_abbrev  0x000000000000174a      0x1a5 Src/mcp9808.o
 .debug_abbrev  0x00000000000018ef      0x1c5 Src/stm32f4xx_hal_msp.o
 .debug_abbrev  0x0000000000001ab4      0x202 Src/stm32f4xx_it.o
 .debug_abbrev  0x0000000000001cb6      0x279 Src/syscalls.o
 .debug_abbrev  0x0000000000001f2f      0x1bb Src/sysmem.o
 .debug_abbrev  0x00000000000020ea      0x12b Src/system_stm32f4xx.o
 .debug_abbrev  0x0000000000002215      0x23e Src/usart_app.o
 .debug_abbrev  0x0000000000002453       0x12 Startup/startup_stm32f401retx.o

.debug_aranges  0x0000000000000000      0xa30
 .debug_aranges
                0x0000000000000000       0x40 Drivers/DMA/Src/stm32f4xx_dma.o
 .debug_aranges
                0x0000000000000040       0xb0 Drivers/I2C/Src/stm32f4xx_hal_i2c.o
 .debug_aranges
                0x00000000000000f0      0x138 Drivers/NRF24L01/Src/nrf24l01.o
 .debug_aranges
                0x0000000000000228       0xf0 Drivers/STM32F4xx_HAL_Driver/Src/stm32f4xx_hal.o
 .debug_aranges
                0x0000000000000318      0x118 Drivers/STM32F4xx_HAL_Driver/Src/stm32f4xx_hal_cortex.o
 .debug_aranges
                0x0000000000000430       0x58 Drivers/STM32F4xx_HAL_Driver/Src/stm32f4xx_hal_gpio.o
 .debug_aranges
                0x0000000000000488       0x88 Drivers/STM32F4xx_HAL_Driver/Src/stm32f4xx_hal_rcc.o
 .debug_aranges
                0x0000000000000510      0x1d0 Drivers/STM32F4xx_HAL_Driver/Src/stm32f4xx_hal_spi.o
 .debug_aranges
                0x00000000000006e0       0xa0 Drivers/USART /Src/stm32f4xx_hal_usart.o
 .debug_aranges
                0x0000000000000780       0x60 Src/main.o
 .debug_aranges
                0x00000000000007e0       0x38 Src/mcp9808.o
 .debug_aranges
                0x0000000000000818       0x20 Src/stm32f4xx_hal_msp.o
 .debug_aranges
                0x0000000000000838       0x88 Src/stm32f4xx_it.o
 .debug_aranges
                0x00000000000008c0       0xb0 Src/syscalls.o
 .debug_aranges
                0x0000000000000970       0x20 Src/sysmem.o
 .debug_aranges
                0x0000000000000990       0x28 Src/system_stm32f4xx.o
 .debug_aranges
                0x00000000000009b8       0x50 Src/usart_app.o
 .debug_aranges
                0x0000000000000a08       0x28 Startup/startup_stm32f401retx.o

.debug_ranges   0x0000000000000000      0x930
 .debug_ranges  0x0000000000000000       0x30 Drivers/DMA/Src/stm32f4xx_dma.o
 .debug_ranges  0x0000000000000030       0xa0 Drivers/I2C/Src/stm32f4xx_hal_i2c.o
 .debug_ranges  0x00000000000000d0      0x128 Drivers/NRF24L01/Src/nrf24l01.o
 .debug_ranges  0x00000000000001f8       0xe0 Drivers/STM32F4xx_HAL_Driver/Src/stm32f4xx_hal.o
 .debug_ranges  0x00000000000002d8      0x108 Drivers/STM32F4xx_HAL_Driver/Src/stm32f4xx_hal_cortex.o
 .debug_ranges  0x00000000000003e0       0x48 Drivers/STM32F4xx_HAL_Driver/Src/stm32f4xx_hal_gpio.o
 .debug_ranges  0x0000000000000428       0x78 Drivers/STM32F4xx_HAL_Driver/Src/stm32f4xx_hal_rcc.o
 .debug_ranges  0x00000000000004a0      0x1c0 Drivers/STM32F4xx_HAL_Driver/Src/stm32f4xx_hal_spi.o
 .debug_ranges  0x0000000000000660       0x90 Drivers/USART /Src/stm32f4xx_hal_usart.o
 .debug_ranges  0x00000000000006f0       0x50 Src/main.o
 .debug_ranges  0x0000000000000740       0x28 Src/mcp9808.o
 .debug_ranges  0x0000000000000768       0x10 Src/stm32f4xx_hal_msp.o
 .debug_ranges  0x0000000000000778       0x78 Src/stm32f4xx_it.o
 .debug_ranges  0x00000000000007f0       0xa0 Src/syscalls.o
 .debug_ranges  0x0000000000000890       0x10 Src/sysmem.o
 .debug_ranges  0x00000000000008a0       0x18 Src/system_stm32f4xx.o
 .debug_ranges  0x00000000000008b8       0x58 Src/usart_app.o
 .debug_ranges  0x0000000000000910       0x20 Startup/startup_stm32f401retx.o

.debug_macro    0x0000000000000000    0x183e3
 .debug_macro   0x0000000000000000      0x1cd Drivers/DMA/Src/stm32f4xx_dma.o
 .debug_macro   0x00000000000001cd      0xa5a Drivers/DMA/Src/stm32f4xx_dma.o
 .debug_macro   0x0000000000000c27       0x28 Drivers/DMA/Src/stm32f4xx_dma.o
 .debug_macro   0x0000000000000c4f       0x22 Drivers/DMA/Src/stm32f4xx_dma.o
 .debug_macro   0x0000000000000c71       0x8e Drivers/DMA/Src/stm32f4xx_dma.o
 .debug_macro   0x0000000000000cff       0x51 Drivers/DMA/Src/stm32f4xx_dma.o
 .debug_macro   0x0000000000000d50       0xef Drivers/DMA/Src/stm32f4xx_dma.o
 .debug_macro   0x0000000000000e3f       0x6a Drivers/DMA/Src/stm32f4xx_dma.o
 .debug_macro   0x0000000000000ea9      0x1df Drivers/DMA/Src/stm32f4xx_dma.o
 .debug_macro   0x0000000000001088       0x1c Drivers/DMA/Src/stm32f4xx_dma.o
 .debug_macro   0x00000000000010a4       0x22 Drivers/DMA/Src/stm32f4xx_dma.o