stm32f4xx_hal_usart.c:12:10:GetPCLK	24	static
stm32f4xx_hal_usart.c:50:13:USART_EnablePeripheralClk	16	static
stm32f4xx_hal_usart.c:70:13:USART_TransmitData	4	static
stm32f4xx_hal_usart.c:81:13:USART_RxData	16	static
stm32f4xx_hal_usart.c:92:13:USART_DMA_Transmit	24	static
stm32f4xx_hal_usart.c:112:13:USART_DMA_Receive	24	static
stm32f4xx_hal_usart.c:136:6:USART2_IRQHandler	8	static
stm32f4xx_hal_usart.c:188:6:USART_Initization	40	static
stm32f4xx_hal_usart.c:254:13:UART_DMA_TxCplt	16	static
stm32f4xx_hal_usart.c:259:13:UART_DMA_HalfTxCplt	16	static
stm32f4xx_hal_usart.c:264:13:UART_DMA_TxError	16	static
stm32f4xx_hal_usart.c:269:13:UART_DMA_HalfRxCplt	16	static
stm32f4xx_hal_usart.c:274:13:UART_DMA_RxCplt	16	static
stm32f4xx_hal_usart.c:279:13:UART_DMA_RxError	16	static
stm32f4xx_hal_usart.c:281:13:USART_CloseTransmission	4	static
stm32f4xx_hal_usart.c:298:13:USART_EnableCtrlBits	4	static
stm32f4xx_hal_usart.c:304:13:USART_ClearCtrlBits	4	static
