stm32f4xx_it.c:71:6:NMI_Handler	4	static
stm32f4xx_it.c:84:6:HardFault_Handler	4	static
stm32f4xx_it.c:99:6:MemManage_Handler	4	static
stm32f4xx_it.c:114:6:BusFault_Handler	4	static
stm32f4xx_it.c:129:6:UsageFault_Handler	4	static
stm32f4xx_it.c:144:6:SVC_Handler	4	static
stm32f4xx_it.c:157:6:DebugMon_Handler	4	static
stm32f4xx_it.c:170:6:PendSV_Handler	4	static
stm32f4xx_it.c:182:6:DMA1_Stream5_IRQHandler	8	static
stm32f4xx_it.c:187:6:DMA1_Stream6_IRQHandler	8	static
stm32f4xx_it.c:192:6:SPI2_IRQHandler	8	static
stm32f4xx_it.c:197:6:EXTI9_5_IRQHandler	8	static
stm32f4xx_it.c:202:6:EXTI15_10_IRQHandler	16	static
stm32f4xx_it.c:216:6:SysTick_Handler	8	static
